This file contains any messages produced by compilers while
running configure, to aid debugging if configure makes a mistake.

It was created by lvdcrop-plugin configure 0.0.1, which was
generated by GNU Autoconf 2.71.  Invocation command line was

  $ ./configure --with-ndi=/opt/ndi6 --with-nvjpeg=yes

## --------- ##
## Platform. ##
## --------- ##

hostname = veejay-machine
uname -m = x86_64
uname -r = 6.14.0-37-generic
uname -s = Linux
uname -v = #37~24.04.1-Ubuntu SMP PREEMPT_DYNAMIC Thu Nov 20 10:25:38 UTC 2

/usr/bin/uname -p = x86_64
/bin/uname -X     = unknown

/bin/arch              = x86_64
/usr/bin/arch -k       = unknown
/usr/convex/getsysinfo = unknown
/usr/bin/hostinfo      = unknown
/bin/machine           = unknown
/usr/bin/oslevel       = unknown
/bin/universe          = unknown

PATH: /home/veejay/Applications/.bin/
PATH: /home/veejay/.local/bin/
PATH: /usr/local/sbin/
PATH: /usr/local/bin/
PATH: /usr/sbin/
PATH: /usr/bin/
PATH: /sbin/
PATH: /bin/
PATH: /usr/games/
PATH: /usr/local/games/
PATH: /snap/bin/
PATH: /snap/bin/


## ----------- ##
## Core tests. ##
## ----------- ##

configure:3045: looking for aux files: compile ltmain.sh missing install-sh config.guess config.sub
configure:3058:  trying ./
configure:3087:   ./compile found
configure:3087:   ./ltmain.sh found
configure:3087:   ./missing found
configure:3069:   ./install-sh found
configure:3087:   ./config.guess found
configure:3087:   ./config.sub found
configure:3216: checking build system type
configure:3231: result: x86_64-pc-linux-gnu
configure:3251: checking host system type
configure:3265: result: x86_64-pc-linux-gnu
configure:3285: checking target system type
configure:3299: result: x86_64-pc-linux-gnu
configure:3343: checking for a BSD-compatible install
configure:3416: result: /usr/bin/install -c
configure:3427: checking whether build environment is sane
configure:3482: result: yes
configure:3641: checking for a race-free mkdir -p
configure:3685: result: /usr/bin/mkdir -p
configure:3692: checking for gawk
configure:3713: found /usr/bin/gawk
configure:3724: result: gawk
configure:3735: checking whether make sets $(MAKE)
configure:3758: result: yes
configure:3788: checking whether make supports nested variables
configure:3806: result: yes
configure:3943: checking whether to enable maintainer-specific portions of Makefiles
configure:3953: result: no
configure:4014: checking how to print strings
configure:4041: result: printf
configure:4075: checking whether make supports the include directive
configure:4090: make -f confmf.GNU && cat confinc.out
this is the am__doit target
configure:4093: $? = 0
configure:4112: result: yes (GNU style)
configure:4188: checking for gcc
configure:4209: found /usr/bin/gcc
configure:4220: result: gcc
configure:4573: checking for C compiler version
configure:4582: gcc --version >&5
gcc (Ubuntu 13.3.0-6ubuntu2~24.04) 13.3.0
Copyright (C) 2023 Free Software Foundation, Inc.
This is free software; see the source for copying conditions.  There is NO
warranty; not even for MERCHANTABILITY or FITNESS FOR A PARTICULAR PURPOSE.

configure:4593: $? = 0
configure:4582: gcc -v >&5
Using built-in specs.
COLLECT_GCC=gcc
COLLECT_LTO_WRAPPER=/usr/libexec/gcc/x86_64-linux-gnu/13/lto-wrapper
OFFLOAD_TARGET_NAMES=nvptx-none:amdgcn-amdhsa
OFFLOAD_TARGET_DEFAULT=1
Target: x86_64-linux-gnu
Configured with: ../src/configure -v --with-pkgversion='Ubuntu 13.3.0-6ubuntu2~24.04' --with-bugurl=file:///usr/share/doc/gcc-13/README.Bugs --enable-languages=c,ada,c++,go,d,fortran,objc,obj-c++,m2 --prefix=/usr --with-gcc-major-version-only --program-suffix=-13 --program-prefix=x86_64-linux-gnu- --enable-shared --enable-linker-build-id --libexecdir=/usr/libexec --without-included-gettext --enable-threads=posix --libdir=/usr/lib --enable-nls --enable-bootstrap --enable-clocale=gnu --enable-libstdcxx-debug --enable-libstdcxx-time=yes --with-default-libstdcxx-abi=new --enable-libstdcxx-backtrace --enable-gnu-unique-object --disable-vtable-verify --enable-plugin --enable-default-pie --with-system-zlib --enable-libphobos-checking=release --with-target-system-zlib=auto --enable-objc-gc=auto --enable-multiarch --disable-werror --enable-cet --with-arch-32=i686 --with-abi=m64 --with-multilib-list=m32,m64,mx32 --enable-multilib --with-tune=generic --enable-offload-targets=nvptx-none=/build/gcc-13-fG75Ri/gcc-13-13.3.0/debian/tmp-nvptx/usr,amdgcn-amdhsa=/build/gcc-13-fG75Ri/gcc-13-13.3.0/debian/tmp-gcn/usr --enable-offload-defaulted --without-cuda-driver --enable-checking=release --build=x86_64-linux-gnu --host=x86_64-linux-gnu --target=x86_64-linux-gnu --with-build-config=bootstrap-lto-lean --enable-link-serialization=2
Thread model: posix
Supported LTO compression algorithms: zlib zstd
gcc version 13.3.0 (Ubuntu 13.3.0-6ubuntu2~24.04) 
... rest of stderr output deleted ...
configure:4593: $? = 0
configure:4582: gcc -V >&5
gcc: error: unrecognized command-line option '-V'
gcc: fatal error: no input files
compilation terminated.
configure:4593: $? = 1
configure:4582: gcc -qversion >&5
gcc: error: unrecognized command-line option '-qversion'; did you mean '--version'?
gcc: fatal error: no input files
compilation terminated.
configure:4593: $? = 1
configure:4582: gcc -version >&5
gcc: error: unrecognized command-line option '-version'
gcc: fatal error: no input files
compilation terminated.
configure:4593: $? = 1
configure:4613: checking whether the C compiler works
configure:4635: gcc    conftest.c  >&5
configure:4639: $? = 0
configure:4689: result: yes
configure:4692: checking for C compiler default output file name
configure:4694: result: a.out
configure:4700: checking for suffix of executables
configure:4707: gcc -o conftest    conftest.c  >&5
configure:4711: $? = 0
configure:4734: result: 
configure:4756: checking whether we are cross compiling
configure:4764: gcc -o conftest    conftest.c  >&5
configure:4768: $? = 0
configure:4775: ./conftest
configure:4779: $? = 0
configure:4794: result: no
configure:4799: checking for suffix of object files
configure:4822: gcc -c   conftest.c >&5
configure:4826: $? = 0
configure:4848: result: o
configure:4852: checking whether the compiler supports GNU C
configure:4872: gcc -c   conftest.c >&5
configure:4872: $? = 0
configure:4882: result: yes
configure:4893: checking whether gcc accepts -g
configure:4914: gcc -c -g  conftest.c >&5
configure:4914: $? = 0
configure:4958: result: yes
configure:4978: checking for gcc option to enable C11 features
configure:4993: gcc  -c -g -O2  conftest.c >&5
configure:4993: $? = 0
configure:5011: result: none needed
configure:5127: checking whether gcc understands -c and -o together
configure:5150: gcc -c conftest.c -o conftest2.o
configure:5153: $? = 0
configure:5150: gcc -c conftest.c -o conftest2.o
configure:5153: $? = 0
configure:5165: result: yes
configure:5184: checking dependency style of gcc
configure:5296: result: gcc3
configure:5311: checking for a sed that does not truncate output
configure:5381: result: /usr/bin/sed
configure:5399: checking for grep that handles long lines and -e
configure:5463: result: /usr/bin/grep
configure:5468: checking for egrep
configure:5536: result: /usr/bin/grep -E
configure:5541: checking for fgrep
configure:5609: result: /usr/bin/grep -F
configure:5645: checking for ld used by gcc
configure:5713: result: /usr/bin/ld
configure:5720: checking if the linker (/usr/bin/ld) is GNU ld
configure:5736: result: yes
configure:5748: checking for BSD- or MS-compatible name lister (nm)
configure:5803: result: /usr/bin/nm -B
configure:5943: checking the name lister (/usr/bin/nm -B) interface
configure:5951: gcc -c -g -O2  conftest.c >&5
configure:5954: /usr/bin/nm -B "conftest.o"
configure:5957: output
0000000000000000 B some_variable
configure:5964: result: BSD nm
configure:5967: checking whether ln -s works
configure:5971: result: yes
configure:5979: checking the maximum length of command line arguments
configure:6111: result: 1572864
configure:6159: checking how to convert x86_64-pc-linux-gnu file names to x86_64-pc-linux-gnu format
configure:6200: result: func_convert_file_noop
configure:6207: checking how to convert x86_64-pc-linux-gnu file names to toolchain format
configure:6228: result: func_convert_file_noop
configure:6235: checking for /usr/bin/ld option to reload object files
configure:6243: result: -r
configure:6322: checking for file
configure:6343: found /usr/bin/file
configure:6354: result: file
configure:6430: checking for objdump
configure:6451: found /usr/bin/objdump
configure:6462: result: objdump
configure:6494: checking how to recognize dependent libraries
configure:6695: result: pass_all
configure:6785: checking for dlltool
configure:6820: result: no
configure:6850: checking how to associate runtime and link libraries
configure:6878: result: printf %s\n
configure:6944: checking for ar
configure:6965: found /usr/bin/ar
configure:6976: result: ar
configure:7029: checking for archiver @FILE support
configure:7047: gcc -c -g -O2  conftest.c >&5
configure:7047: $? = 0
configure:7051: ar cr libconftest.a @conftest.lst >&5
configure:7054: $? = 0
configure:7059: ar cr libconftest.a @conftest.lst >&5
ar: conftest.o: No such file or directory
configure:7062: $? = 1
configure:7074: result: @
configure:7137: checking for strip
configure:7158: found /usr/bin/strip
configure:7169: result: strip
configure:7246: checking for ranlib
configure:7267: found /usr/bin/ranlib
configure:7278: result: ranlib
configure:7380: checking command to parse /usr/bin/nm -B output from gcc object
configure:7534: gcc -c -g -O2  conftest.c >&5
configure:7537: $? = 0
configure:7541: /usr/bin/nm -B conftest.o | /usr/bin/sed -n -e 's/^.*[	 ]\([ABCDGIRSTW][ABCDGIRSTW]*\)[	 ][	 ]*\([_A-Za-z][_A-Za-z0-9]*\)$/\1 \2 \2/p' | /usr/bin/sed '/ __gnu_lto/d' > conftest.nm
configure:7607: gcc -o conftest -g -O2   conftest.c conftstm.o >&5
configure:7610: $? = 0
configure:7648: result: ok
configure:7695: checking for sysroot
configure:7726: result: no
configure:7733: checking for a working dd
configure:7777: result: /usr/bin/dd
configure:7781: checking how to truncate binary pipes
configure:7797: result: /usr/bin/dd bs=4096 count=1
configure:7934: gcc -c -g -O2  conftest.c >&5
configure:7937: $? = 0
configure:8134: checking for mt
configure:8155: found /usr/bin/mt
configure:8166: result: mt
configure:8189: checking if mt is a manifest tool
configure:8196: mt '-?'
configure:8204: result: no
configure:8929: checking for stdio.h
configure:8929: gcc -c -g -O2  conftest.c >&5
configure:8929: $? = 0
configure:8929: result: yes
configure:8929: checking for stdlib.h
configure:8929: gcc -c -g -O2  conftest.c >&5
configure:8929: $? = 0
configure:8929: result: yes
configure:8929: checking for string.h
configure:8929: gcc -c -g -O2  conftest.c >&5
configure:8929: $? = 0
configure:8929: result: yes
configure:8929: checking for inttypes.h
configure:8929: gcc -c -g -O2  conftest.c >&5
configure:8929: $? = 0
configure:8929: result: yes
configure:8929: checking for stdint.h
configure:8929: gcc -c -g -O2  conftest.c >&5
configure:8929: $? = 0
configure:8929: result: yes
configure:8929: checking for strings.h
configure:8929: gcc -c -g -O2  conftest.c >&5
configure:8929: $? = 0
configure:8929: result: yes
configure:8929: checking for sys/stat.h
configure:8929: gcc -c -g -O2  conftest.c >&5
configure:8929: $? = 0
configure:8929: result: yes
configure:8929: checking for sys/types.h
configure:8929: gcc -c -g -O2  conftest.c >&5
configure:8929: $? = 0
configure:8929: result: yes
configure:8929: checking for unistd.h
configure:8929: gcc -c -g -O2  conftest.c >&5
configure:8929: $? = 0
configure:8929: result: yes
configure:8929: checking for wchar.h
configure:8929: gcc -c -g -O2  conftest.c >&5
configure:8929: $? = 0
configure:8929: result: yes
configure:8929: checking for minix/config.h
configure:8929: gcc -c -g -O2  conftest.c >&5
conftest.c:49:10: fatal error: minix/config.h: No such file or directory
   49 | #include <minix/config.h>
      |          ^~~~~~~~~~~~~~~~
compilation terminated.
configure:8929: $? = 1
configure: failed program was:
| /* confdefs.h */
| #define PACKAGE_NAME "lvdcrop-plugin"
| #define PACKAGE_TARNAME "lvdcrop-plugin"
| #define PACKAGE_VERSION "0.0.1"
| #define PACKAGE_STRING "lvdcrop-plugin 0.0.1"
| #define PACKAGE_BUGREPORT "veejay-users@lists.sourceforge.net"
| #define PACKAGE_URL ""
| #define PACKAGE "lvdcrop-plugin"
| #define VERSION "0.0.1"
| #define HAVE_STDIO_H 1
| #define HAVE_STDLIB_H 1
| #define HAVE_STRING_H 1
| #define HAVE_INTTYPES_H 1
| #define HAVE_STDINT_H 1
| #define HAVE_STRINGS_H 1
| #define HAVE_SYS_STAT_H 1
| #define HAVE_SYS_TYPES_H 1
| #define HAVE_UNISTD_H 1
| #define HAVE_WCHAR_H 1
| /* end confdefs.h.  */
| #include <stddef.h>
| #ifdef HAVE_STDIO_H
| # include <stdio.h>
| #endif
| #ifdef HAVE_STDLIB_H
| # include <stdlib.h>
| #endif
| #ifdef HAVE_STRING_H
| # include <string.h>
| #endif
| #ifdef HAVE_INTTYPES_H
| # include <inttypes.h>
| #endif
| #ifdef HAVE_STDINT_H
| # include <stdint.h>
| #endif
| #ifdef HAVE_STRINGS_H
| # include <strings.h>
| #endif
| #ifdef HAVE_SYS_TYPES_H
| # include <sys/types.h>
| #endif
| #ifdef HAVE_SYS_STAT_H
| # include <sys/stat.h>
| #endif
| #ifdef HAVE_UNISTD_H
| # include <unistd.h>
| #endif
| #include <minix/config.h>
configure:8929: result: no
configure:8954: checking for dlfcn.h
configure:8954: gcc -c -g -O2  conftest.c >&5
configure:8954: $? = 0
configure:8954: result: yes
configure:9213: checking for objdir
configure:9229: result: .libs
configure:9493: checking if gcc supports -fno-rtti -fno-exceptions
configure:9512: gcc -c -g -O2  -fno-rtti -fno-exceptions conftest.c >&5
cc1: warning: command-line option '-fno-rtti' is valid for C++/D/ObjC++ but not for C
configure:9516: $? = 0
configure:9529: result: no
configure:9893: checking for gcc option to produce PIC
configure:9901: result: -fPIC -DPIC
configure:9909: checking if gcc PIC flag -fPIC -DPIC works
configure:9928: gcc -c -g -O2  -fPIC -DPIC -DPIC conftest.c >&5
configure:9932: $? = 0
configure:9945: result: yes
configure:9974: checking if gcc static flag -static works
configure:10003: result: yes
configure:10018: checking if gcc supports -c -o file.o
configure:10040: gcc -c -g -O2  -o out/conftest2.o conftest.c >&5
configure:10044: $? = 0
configure:10066: result: yes
configure:10074: checking if gcc supports -c -o file.o
configure:10122: result: yes
configure:10155: checking whether the gcc linker (/usr/bin/ld -m elf_x86_64) supports shared libraries
configure:11429: result: yes
configure:11466: checking whether -lc should be explicitly linked in
configure:11475: gcc -c -g -O2  conftest.c >&5
configure:11478: $? = 0
configure:11493: gcc -shared  -fPIC -DPIC conftest.o  -v -Wl,-soname -Wl,conftest -o conftest 2\>\&1 \| /usr/bin/grep  -lc  \>/dev/null 2\>\&1
configure:11496: $? = 0
configure:11510: result: no
configure:11670: checking dynamic linker characteristics
configure:12252: gcc -o conftest -g -O2   -Wl,-rpath -Wl,/foo conftest.c  >&5
configure:12252: $? = 0
configure:12503: result: GNU/Linux ld.so
configure:12625: checking how to hardcode library paths into programs
configure:12650: result: immediate
configure:13202: checking whether stripping libraries is possible
configure:13211: result: yes
configure:13253: checking if libtool supports shared libraries
configure:13255: result: yes
configure:13258: checking whether to build shared libraries
configure:13283: result: yes
configure:13286: checking whether to build static libraries
configure:13290: result: yes
configure:13414: checking whether it is safe to define __EXTENSIONS__
configure:13433: gcc -c   conftest.c >&5
configure:13433: $? = 0
configure:13441: result: yes
configure:13444: checking whether _XOPEN_SOURCE should be defined
configure:13466: gcc -c   conftest.c >&5
configure:13466: $? = 0
configure:13493: result: no
configure:13554: checking for gawk
configure:13586: result: gawk
configure:13650: checking for gcc
configure:13682: result: gcc
configure:14035: checking for C compiler version
configure:14044: gcc --version >&5
gcc (Ubuntu 13.3.0-6ubuntu2~24.04) 13.3.0
Copyright (C) 2023 Free Software Foundation, Inc.
This is free software; see the source for copying conditions.  There is NO
warranty; not even for MERCHANTABILITY or FITNESS FOR A PARTICULAR PURPOSE.

configure:14055: $? = 0
configure:14044: gcc -v >&5
Using built-in specs.
COLLECT_GCC=gcc
COLLECT_LTO_WRAPPER=/usr/libexec/gcc/x86_64-linux-gnu/13/lto-wrapper
OFFLOAD_TARGET_NAMES=nvptx-none:amdgcn-amdhsa
OFFLOAD_TARGET_DEFAULT=1
Target: x86_64-linux-gnu
Configured with: ../src/configure -v --with-pkgversion='Ubuntu 13.3.0-6ubuntu2~24.04' --with-bugurl=file:///usr/share/doc/gcc-13/README.Bugs --enable-languages=c,ada,c++,go,d,fortran,objc,obj-c++,m2 --prefix=/usr --with-gcc-major-version-only --program-suffix=-13 --program-prefix=x86_64-linux-gnu- --enable-shared --enable-linker-build-id --libexecdir=/usr/libexec --without-included-gettext --enable-threads=posix --libdir=/usr/lib --enable-nls --enable-bootstrap --enable-clocale=gnu --enable-libstdcxx-debug --enable-libstdcxx-time=yes --with-default-libstdcxx-abi=new --enable-libstdcxx-backtrace --enable-gnu-unique-object --disable-vtable-verify --enable-plugin --enable-default-pie --with-system-zlib --enable-libphobos-checking=release --with-target-system-zlib=auto --enable-objc-gc=auto --enable-multiarch --disable-werror --enable-cet --with-arch-32=i686 --with-abi=m64 --with-multilib-list=m32,m64,mx32 --enable-multilib --with-tune=generic --enable-offload-targets=nvptx-none=/build/gcc-13-fG75Ri/gcc-13-13.3.0/debian/tmp-nvptx/usr,amdgcn-amdhsa=/build/gcc-13-fG75Ri/gcc-13-13.3.0/debian/tmp-gcn/usr --enable-offload-defaulted --without-cuda-driver --enable-checking=release --build=x86_64-linux-gnu --host=x86_64-linux-gnu --target=x86_64-linux-gnu --with-build-config=bootstrap-lto-lean --enable-link-serialization=2
Thread model: posix
Supported LTO compression algorithms: zlib zstd
gcc version 13.3.0 (Ubuntu 13.3.0-6ubuntu2~24.04) 
... rest of stderr output deleted ...
configure:14055: $? = 0
configure:14044: gcc -V >&5
gcc: error: unrecognized command-line option '-V'
gcc: fatal error: no input files
compilation terminated.
configure:14055: $? = 1
configure:14044: gcc -qversion >&5
gcc: error: unrecognized command-line option '-qversion'; did you mean '--version'?
gcc: fatal error: no input files
compilation terminated.
configure:14055: $? = 1
configure:14044: gcc -version >&5
gcc: error: unrecognized command-line option '-version'
gcc: fatal error: no input files
compilation terminated.
configure:14055: $? = 1
configure:14059: checking whether the compiler supports GNU C
configure:14089: result: yes
configure:14100: checking whether gcc accepts -g
configure:14165: result: yes
configure:14185: checking for gcc option to enable C11 features
configure:14218: result: none needed
configure:14334: checking whether gcc understands -c and -o together
configure:14372: result: yes
configure:14391: checking dependency style of gcc
configure:14503: result: gcc3
configure:14587: checking for g++
configure:14608: found /usr/bin/g++
configure:14619: result: g++
configure:14646: checking for C++ compiler version
configure:14655: g++ --version >&5
g++ (Ubuntu 13.3.0-6ubuntu2~24.04) 13.3.0
Copyright (C) 2023 Free Software Foundation, Inc.
This is free software; see the source for copying conditions.  There is NO
warranty; not even for MERCHANTABILITY or FITNESS FOR A PARTICULAR PURPOSE.

configure:14666: $? = 0
configure:14655: g++ -v >&5
Using built-in specs.
COLLECT_GCC=g++
COLLECT_LTO_WRAPPER=/usr/libexec/gcc/x86_64-linux-gnu/13/lto-wrapper
OFFLOAD_TARGET_NAMES=nvptx-none:amdgcn-amdhsa
OFFLOAD_TARGET_DEFAULT=1
Target: x86_64-linux-gnu
Configured with: ../src/configure -v --with-pkgversion='Ubuntu 13.3.0-6ubuntu2~24.04' --with-bugurl=file:///usr/share/doc/gcc-13/README.Bugs --enable-languages=c,ada,c++,go,d,fortran,objc,obj-c++,m2 --prefix=/usr --with-gcc-major-version-only --program-suffix=-13 --program-prefix=x86_64-linux-gnu- --enable-shared --enable-linker-build-id --libexecdir=/usr/libexec --without-included-gettext --enable-threads=posix --libdir=/usr/lib --enable-nls --enable-bootstrap --enable-clocale=gnu --enable-libstdcxx-debug --enable-libstdcxx-time=yes --with-default-libstdcxx-abi=new --enable-libstdcxx-backtrace --enable-gnu-unique-object --disable-vtable-verify --enable-plugin --enable-default-pie --with-system-zlib --enable-libphobos-checking=release --with-target-system-zlib=auto --enable-objc-gc=auto --enable-multiarch --disable-werror --enable-cet --with-arch-32=i686 --with-abi=m64 --with-multilib-list=m32,m64,mx32 --enable-multilib --with-tune=generic --enable-offload-targets=nvptx-none=/build/gcc-13-fG75Ri/gcc-13-13.3.0/debian/tmp-nvptx/usr,amdgcn-amdhsa=/build/gcc-13-fG75Ri/gcc-13-13.3.0/debian/tmp-gcn/usr --enable-offload-defaulted --without-cuda-driver --enable-checking=release --build=x86_64-linux-gnu --host=x86_64-linux-gnu --target=x86_64-linux-gnu --with-build-config=bootstrap-lto-lean --enable-link-serialization=2
Thread model: posix
Supported LTO compression algorithms: zlib zstd
gcc version 13.3.0 (Ubuntu 13.3.0-6ubuntu2~24.04) 
... rest of stderr output deleted ...
configure:14666: $? = 0
configure:14655: g++ -V >&5
g++: error: unrecognized command-line option '-V'
g++: fatal error: no input files
compilation terminated.
configure:14666: $? = 1
configure:14655: g++ -qversion >&5
g++: error: unrecognized command-line option '-qversion'; did you mean '--version'?
g++: fatal error: no input files
compilation terminated.
configure:14666: $? = 1
configure:14670: checking whether the compiler supports GNU C++
configure:14690: g++ -c   conftest.cpp >&5
configure:14690: $? = 0
configure:14700: result: yes
configure:14711: checking whether g++ accepts -g
configure:14732: g++ -c -g  conftest.cpp >&5
configure:14732: $? = 0
configure:14776: result: yes
configure:14796: checking for g++ option to enable C++11 features
configure:14811: g++  -c -g -O2  conftest.cpp >&5
conftest.cpp: In function 'int main(int, char**)':
conftest.cpp:208:25: warning: empty parentheses were disambiguated as a function declaration [-Wvexing-parse]
  208 |   cxx11test::delegate d2();
      |                         ^~
conftest.cpp:208:25: note: remove parentheses to default-initialize a variable
  208 |   cxx11test::delegate d2();
      |                         ^~
      |                         --
conftest.cpp:208:25: note: or replace parentheses with braces to value-initialize a variable
configure:14811: $? = 0
configure:14829: result: none needed
configure:14895: checking dependency style of g++
configure:15007: result: gcc3
configure:15040: checking how to run the C++ preprocessor
configure:15062: g++ -E  conftest.cpp
configure:15062: $? = 0
configure:15077: g++ -E  conftest.cpp
conftest.cpp:42:10: fatal error: ac_nonexistent.h: No such file or directory
   42 | #include <ac_nonexistent.h>
      |          ^~~~~~~~~~~~~~~~~~
compilation terminated.
configure:15077: $? = 1
configure: failed program was:
| /* confdefs.h */
| #define PACKAGE_NAME "lvdcrop-plugin"
| #define PACKAGE_TARNAME "lvdcrop-plugin"
| #define PACKAGE_VERSION "0.0.1"
| #define PACKAGE_STRING "lvdcrop-plugin 0.0.1"
| #define PACKAGE_BUGREPORT "veejay-users@lists.sourceforge.net"
| #define PACKAGE_URL ""
| #define PACKAGE "lvdcrop-plugin"
| #define VERSION "0.0.1"
| #define HAVE_STDIO_H 1
| #define HAVE_STDLIB_H 1
| #define HAVE_STRING_H 1
| #define HAVE_INTTYPES_H 1
| #define HAVE_STDINT_H 1
| #define HAVE_STRINGS_H 1
| #define HAVE_SYS_STAT_H 1
| #define HAVE_SYS_TYPES_H 1
| #define HAVE_UNISTD_H 1
| #define HAVE_WCHAR_H 1
| #define STDC_HEADERS 1
| #define HAVE_DLFCN_H 1
| #define LT_OBJDIR ".libs/"
| #define VEEJAYUTIL 1
| #define HAVE_CONFIG_H 1
| #define _ALL_SOURCE 1
| #define _DARWIN_C_SOURCE 1
| #define _GNU_SOURCE 1
| #define _HPUX_ALT_XOPEN_SOCKET_API 1
| #define _NETBSD_SOURCE 1
| #define _OPENBSD_SOURCE 1
| #define _POSIX_PTHREAD_SEMANTICS 1
| #define __STDC_WANT_IEC_60559_ATTRIBS_EXT__ 1
| #define __STDC_WANT_IEC_60559_BFP_EXT__ 1
| #define __STDC_WANT_IEC_60559_DFP_EXT__ 1
| #define __STDC_WANT_IEC_60559_FUNCS_EXT__ 1
| #define __STDC_WANT_IEC_60559_TYPES_EXT__ 1
| #define __STDC_WANT_LIB_EXT2__ 1
| #define __STDC_WANT_MATH_SPEC_FUNCS__ 1
| #define _TANDEM_SOURCE 1
| #define __EXTENSIONS__ 1
| /* end confdefs.h.  */
| #include <ac_nonexistent.h>
configure:15104: result: g++ -E
configure:15118: g++ -E  conftest.cpp
configure:15118: $? = 0
configure:15133: g++ -E  conftest.cpp
conftest.cpp:42:10: fatal error: ac_nonexistent.h: No such file or directory
   42 | #include <ac_nonexistent.h>
      |          ^~~~~~~~~~~~~~~~~~
compilation terminated.
configure:15133: $? = 1
configure: failed program was:
| /* confdefs.h */
| #define PACKAGE_NAME "lvdcrop-plugin"
| #define PACKAGE_TARNAME "lvdcrop-plugin"
| #define PACKAGE_VERSION "0.0.1"
| #define PACKAGE_STRING "lvdcrop-plugin 0.0.1"
| #define PACKAGE_BUGREPORT "veejay-users@lists.sourceforge.net"
| #define PACKAGE_URL ""
| #define PACKAGE "lvdcrop-plugin"
| #define VERSION "0.0.1"
| #define HAVE_STDIO_H 1
| #define HAVE_STDLIB_H 1
| #define HAVE_STRING_H 1
| #define HAVE_INTTYPES_H 1
| #define HAVE_STDINT_H 1
| #define HAVE_STRINGS_H 1
| #define HAVE_SYS_STAT_H 1
| #define HAVE_SYS_TYPES_H 1
| #define HAVE_UNISTD_H 1
| #define HAVE_WCHAR_H 1
| #define STDC_HEADERS 1
| #define HAVE_DLFCN_H 1
| #define LT_OBJDIR ".libs/"
| #define VEEJAYUTIL 1
| #define HAVE_CONFIG_H 1
| #define _ALL_SOURCE 1
| #define _DARWIN_C_SOURCE 1
| #define _GNU_SOURCE 1
| #define _HPUX_ALT_XOPEN_SOCKET_API 1
| #define _NETBSD_SOURCE 1
| #define _OPENBSD_SOURCE 1
| #define _POSIX_PTHREAD_SEMANTICS 1
| #define __STDC_WANT_IEC_60559_ATTRIBS_EXT__ 1
| #define __STDC_WANT_IEC_60559_BFP_EXT__ 1
| #define __STDC_WANT_IEC_60559_DFP_EXT__ 1
| #define __STDC_WANT_IEC_60559_FUNCS_EXT__ 1
| #define __STDC_WANT_IEC_60559_TYPES_EXT__ 1
| #define __STDC_WANT_LIB_EXT2__ 1
| #define __STDC_WANT_MATH_SPEC_FUNCS__ 1
| #define _TANDEM_SOURCE 1
| #define __EXTENSIONS__ 1
| /* end confdefs.h.  */
| #include <ac_nonexistent.h>
configure:15298: checking for ld used by g++
configure:15366: result: /usr/bin/ld -m elf_x86_64
configure:15373: checking if the linker (/usr/bin/ld -m elf_x86_64) is GNU ld
configure:15389: result: yes
configure:15444: checking whether the g++ linker (/usr/bin/ld -m elf_x86_64) supports shared libraries
configure:16522: result: yes
configure:16558: g++ -c -g -O2  conftest.cpp >&5
configure:16561: $? = 0
configure:17042: checking for g++ option to produce PIC
configure:17050: result: -fPIC -DPIC
configure:17058: checking if g++ PIC flag -fPIC -DPIC works
configure:17077: g++ -c -g -O2  -fPIC -DPIC -DPIC conftest.cpp >&5
configure:17081: $? = 0
configure:17094: result: yes
configure:17117: checking if g++ static flag -static works
configure:17146: result: yes
configure:17158: checking if g++ supports -c -o file.o
configure:17180: g++ -c -g -O2  -o out/conftest2.o conftest.cpp >&5
configure:17184: $? = 0
configure:17206: result: yes
configure:17211: checking if g++ supports -c -o file.o
configure:17259: result: yes
configure:17289: checking whether the g++ linker (/usr/bin/ld -m elf_x86_64) supports shared libraries
configure:17332: result: yes
configure:17474: checking dynamic linker characteristics
configure:18234: result: GNU/Linux ld.so
configure:18299: checking how to hardcode library paths into programs
configure:18324: result: immediate
configure:18365: checking whether ln -s works
configure:18369: result: yes
configure:18376: checking whether byte ordering is bigendian
configure:18392: gcc -c   conftest.c >&5
conftest.c:43:16: error: unknown type name 'not'
   43 |                not a universal capable compiler
      |                ^~~
conftest.c:43:22: error: expected '=', ',', ';', 'asm' or '__attribute__' before 'universal'
   43 |                not a universal capable compiler
      |                      ^~~~~~~~~
conftest.c:43:22: error: unknown type name 'universal'
configure:18392: $? = 1
configure: failed program was:
| /* confdefs.h */
| #define PACKAGE_NAME "lvdcrop-plugin"
| #define PACKAGE_TARNAME "lvdcrop-plugin"
| #define PACKAGE_VERSION "0.0.1"
| #define PACKAGE_STRING "lvdcrop-plugin 0.0.1"
| #define PACKAGE_BUGREPORT "veejay-users@lists.sourceforge.net"
| #define PACKAGE_URL ""
| #define PACKAGE "lvdcrop-plugin"
| #define VERSION "0.0.1"
| #define HAVE_STDIO_H 1
| #define HAVE_STDLIB_H 1
| #define HAVE_STRING_H 1
| #define HAVE_INTTYPES_H 1
| #define HAVE_STDINT_H 1
| #define HAVE_STRINGS_H 1
| #define HAVE_SYS_STAT_H 1
| #define HAVE_SYS_TYPES_H 1
| #define HAVE_UNISTD_H 1
| #define HAVE_WCHAR_H 1
| #define STDC_HEADERS 1
| #define HAVE_DLFCN_H 1
| #define LT_OBJDIR ".libs/"
| #define VEEJAYUTIL 1
| #define HAVE_CONFIG_H 1
| #define _ALL_SOURCE 1
| #define _DARWIN_C_SOURCE 1
| #define _GNU_SOURCE 1
| #define _HPUX_ALT_XOPEN_SOCKET_API 1
| #define _NETBSD_SOURCE 1
| #define _OPENBSD_SOURCE 1
| #define _POSIX_PTHREAD_SEMANTICS 1
| #define __STDC_WANT_IEC_60559_ATTRIBS_EXT__ 1
| #define __STDC_WANT_IEC_60559_BFP_EXT__ 1
| #define __STDC_WANT_IEC_60559_DFP_EXT__ 1
| #define __STDC_WANT_IEC_60559_FUNCS_EXT__ 1
| #define __STDC_WANT_IEC_60559_TYPES_EXT__ 1
| #define __STDC_WANT_LIB_EXT2__ 1
| #define __STDC_WANT_MATH_SPEC_FUNCS__ 1
| #define _TANDEM_SOURCE 1
| #define __EXTENSIONS__ 1
| /* end confdefs.h.  */
| #ifndef __APPLE_CC__
| 	       not a universal capable compiler
| 	     #endif
| 	     typedef int dummy;
| 
configure:18438: gcc -c   conftest.c >&5
configure:18438: $? = 0
configure:18457: gcc -c   conftest.c >&5
conftest.c: In function 'main':
conftest.c:49:18: error: unknown type name 'not'; did you mean 'ino_t'?
   49 |                  not big endian
      |                  ^~~
      |                  ino_t
conftest.c:49:26: error: expected '=', ',', ';', 'asm' or '__attribute__' before 'endian'
   49 |                  not big endian
      |                          ^~~~~~
configure:18457: $? = 1
configure: failed program was:
| /* confdefs.h */
| #define PACKAGE_NAME "lvdcrop-plugin"
| #define PACKAGE_TARNAME "lvdcrop-plugin"
| #define PACKAGE_VERSION "0.0.1"
| #define PACKAGE_STRING "lvdcrop-plugin 0.0.1"
| #define PACKAGE_BUGREPORT "veejay-users@lists.sourceforge.net"
| #define PACKAGE_URL ""
| #define PACKAGE "lvdcrop-plugin"
| #define VERSION "0.0.1"
| #define HAVE_STDIO_H 1
| #define HAVE_STDLIB_H 1
| #define HAVE_STRING_H 1
| #define HAVE_INTTYPES_H 1
| #define HAVE_STDINT_H 1
| #define HAVE_STRINGS_H 1
| #define HAVE_SYS_STAT_H 1
| #define HAVE_SYS_TYPES_H 1
| #define HAVE_UNISTD_H 1
| #define HAVE_WCHAR_H 1
| #define STDC_HEADERS 1
| #define HAVE_DLFCN_H 1
| #define LT_OBJDIR ".libs/"
| #define VEEJAYUTIL 1
| #define HAVE_CONFIG_H 1
| #define _ALL_SOURCE 1
| #define _DARWIN_C_SOURCE 1
| #define _GNU_SOURCE 1
| #define _HPUX_ALT_XOPEN_SOCKET_API 1
| #define _NETBSD_SOURCE 1
| #define _OPENBSD_SOURCE 1
| #define _POSIX_PTHREAD_SEMANTICS 1
| #define __STDC_WANT_IEC_60559_ATTRIBS_EXT__ 1
| #define __STDC_WANT_IEC_60559_BFP_EXT__ 1
| #define __STDC_WANT_IEC_60559_DFP_EXT__ 1
| #define __STDC_WANT_IEC_60559_FUNCS_EXT__ 1
| #define __STDC_WANT_IEC_60559_TYPES_EXT__ 1
| #define __STDC_WANT_LIB_EXT2__ 1
| #define __STDC_WANT_MATH_SPEC_FUNCS__ 1
| #define _TANDEM_SOURCE 1
| #define __EXTENSIONS__ 1
| /* end confdefs.h.  */
| #include <sys/types.h>
| 		#include <sys/param.h>
| 
| int
| main (void)
| {
| #if BYTE_ORDER != BIG_ENDIAN
| 		 not big endian
| 		#endif
| 
|   ;
|   return 0;
| }
configure:18591: result: no
configure:18609: checking for an ANSI C-conforming const
configure:18676: gcc -c   conftest.c >&5
configure:18676: $? = 0
configure:18684: result: yes
configure:18692: checking for inline
configure:18709: gcc -c   conftest.c >&5
configure:18709: $? = 0
configure:18718: result: inline
configure:18744: checking for special C compiler options needed for large files
configure:18792: result: no
configure:18798: checking for _FILE_OFFSET_BITS value needed for large files
configure:18824: gcc -c   conftest.c >&5
configure:18824: $? = 0
configure:18858: result: no
configure:18950: checking dependency style of gcc
configure:19060: result: gcc3
configure:19076: checking for fenv.h
configure:19076: gcc -c   conftest.c >&5
configure:19076: $? = 0
configure:19076: result: yes
configure:19082: checking for stdint.h
configure:19082: result: yes
configure:19088: checking for inttypes.h
configure:19088: result: yes
configure:19094: checking for sys/types.h
configure:19094: result: yes
configure:19100: checking for alloca.h
configure:19100: gcc -c   conftest.c >&5
configure:19100: $? = 0
configure:19100: result: yes
configure:19108: checking for posix_memalign
configure:19108: gcc -o conftest    conftest.c  >&5
conftest.c:63:6: warning: conflicting types for built-in function 'posix_memalign'; expected 'int(void **, long unsigned int,  long unsigned int)' [-Wbuiltin-declaration-mismatch]
   63 | char posix_memalign ();
      |      ^~~~~~~~~~~~~~
configure:19108: $? = 0
configure:19108: result: yes
configure:19114: checking for memalign
configure:19114: gcc -o conftest    conftest.c  >&5
configure:19114: $? = 0
configure:19114: result: yes
configure:19120: checking for fmax
configure:19120: gcc -o conftest    conftest.c  >&5
conftest.c:65:6: warning: conflicting types for built-in function 'fmax'; expected 'double(double,  double)' [-Wbuiltin-declaration-mismatch]
   65 | char fmax ();
      |      ^~~~
conftest.c:57:1: note: 'fmax' is declared in header '<math.h>'
   56 | #include <limits.h>
   57 | #undef fmax
/usr/bin/ld: /tmp/cctHVvum.o: in function `main':
conftest.c:(.text+0xe): undefined reference to `fmax'
collect2: error: ld returned 1 exit status
configure:19120: $? = 1
configure: failed program was:
| /* confdefs.h */
| #define PACKAGE_NAME "lvdcrop-plugin"
| #define PACKAGE_TARNAME "lvdcrop-plugin"
| #define PACKAGE_VERSION "0.0.1"
| #define PACKAGE_STRING "lvdcrop-plugin 0.0.1"
| #define PACKAGE_BUGREPORT "veejay-users@lists.sourceforge.net"
| #define PACKAGE_URL ""
| #define PACKAGE "lvdcrop-plugin"
| #define VERSION "0.0.1"
| #define HAVE_STDIO_H 1
| #define HAVE_STDLIB_H 1
| #define HAVE_STRING_H 1
| #define HAVE_INTTYPES_H 1
| #define HAVE_STDINT_H 1
| #define HAVE_STRINGS_H 1
| #define HAVE_SYS_STAT_H 1
| #define HAVE_SYS_TYPES_H 1
| #define HAVE_UNISTD_H 1
| #define HAVE_WCHAR_H 1
| #define STDC_HEADERS 1
| #define HAVE_DLFCN_H 1
| #define LT_OBJDIR ".libs/"
| #define VEEJAYUTIL 1
| #define HAVE_CONFIG_H 1
| #define _ALL_SOURCE 1
| #define _DARWIN_C_SOURCE 1
| #define _GNU_SOURCE 1
| #define _HPUX_ALT_XOPEN_SOCKET_API 1
| #define _NETBSD_SOURCE 1
| #define _OPENBSD_SOURCE 1
| #define _POSIX_PTHREAD_SEMANTICS 1
| #define __STDC_WANT_IEC_60559_ATTRIBS_EXT__ 1
| #define __STDC_WANT_IEC_60559_BFP_EXT__ 1
| #define __STDC_WANT_IEC_60559_DFP_EXT__ 1
| #define __STDC_WANT_IEC_60559_FUNCS_EXT__ 1
| #define __STDC_WANT_IEC_60559_TYPES_EXT__ 1
| #define __STDC_WANT_LIB_EXT2__ 1
| #define __STDC_WANT_MATH_SPEC_FUNCS__ 1
| #define _TANDEM_SOURCE 1
| #define __EXTENSIONS__ 1
| #define HAVE_FENV_H 1
| #define HAVE_STDINT_H 1
| #define HAVE_INTTYPES_H 1
| #define HAVE_SYS_TYPES_H 1
| #define HAVE_ALLOCA_H 1
| #define HAVE_POSIX_MEMALIGN 1
| #define HAVE_MEMALIGN 1
| /* end confdefs.h.  */
| /* Define fmax to an innocuous variant, in case <limits.h> declares fmax.
|    For example, HP-UX 11i <limits.h> declares gettimeofday.  */
| #define fmax innocuous_fmax
| 
| /* System header to define __stub macros and hopefully few prototypes,
|    which can conflict with char fmax (); below.  */
| 
| #include <limits.h>
| #undef fmax
| 
| /* Override any GCC internal prototype to avoid an error.
|    Use char because int might match the return type of a GCC
|    builtin and then its argument prototype would still apply.  */
| #ifdef __cplusplus
| extern "C"
| #endif
| char fmax ();
| /* The GNU C library defines this for functions which it implements
|     to always fail with ENOSYS.  Some functions are actually named
|     something starting with __ and the normal name is an alias.  */
| #if defined __stub_fmax || defined __stub___fmax
| choke me
| #endif
| 
| int
| main (void)
| {
| return fmax ();
|   ;
|   return 0;
| }
configure:19120: result: no
configure:19126: checking for lround
configure:19126: gcc -o conftest    conftest.c  >&5
conftest.c:65:6: warning: conflicting types for built-in function 'lround'; expected 'long int(double)' [-Wbuiltin-declaration-mismatch]
   65 | char lround ();
      |      ^~~~~~
conftest.c:57:1: note: 'lround' is declared in header '<math.h>'
   56 | #include <limits.h>
   57 | #undef lround
/usr/bin/ld: /tmp/ccPPNsEY.o: in function `main':
conftest.c:(.text+0xe): undefined reference to `lround'
collect2: error: ld returned 1 exit status
configure:19126: $? = 1
configure: failed program was:
| /* confdefs.h */
| #define PACKAGE_NAME "lvdcrop-plugin"
| #define PACKAGE_TARNAME "lvdcrop-plugin"
| #define PACKAGE_VERSION "0.0.1"
| #define PACKAGE_STRING "lvdcrop-plugin 0.0.1"
| #define PACKAGE_BUGREPORT "veejay-users@lists.sourceforge.net"
| #define PACKAGE_URL ""
| #define PACKAGE "lvdcrop-plugin"
| #define VERSION "0.0.1"
| #define HAVE_STDIO_H 1
| #define HAVE_STDLIB_H 1
| #define HAVE_STRING_H 1
| #define HAVE_INTTYPES_H 1
| #define HAVE_STDINT_H 1
| #define HAVE_STRINGS_H 1
| #define HAVE_SYS_STAT_H 1
| #define HAVE_SYS_TYPES_H 1
| #define HAVE_UNISTD_H 1
| #define HAVE_WCHAR_H 1
| #define STDC_HEADERS 1
| #define HAVE_DLFCN_H 1
| #define LT_OBJDIR ".libs/"
| #define VEEJAYUTIL 1
| #define HAVE_CONFIG_H 1
| #define _ALL_SOURCE 1
| #define _DARWIN_C_SOURCE 1
| #define _GNU_SOURCE 1
| #define _HPUX_ALT_XOPEN_SOCKET_API 1
| #define _NETBSD_SOURCE 1
| #define _OPENBSD_SOURCE 1
| #define _POSIX_PTHREAD_SEMANTICS 1
| #define __STDC_WANT_IEC_60559_ATTRIBS_EXT__ 1
| #define __STDC_WANT_IEC_60559_BFP_EXT__ 1
| #define __STDC_WANT_IEC_60559_DFP_EXT__ 1
| #define __STDC_WANT_IEC_60559_FUNCS_EXT__ 1
| #define __STDC_WANT_IEC_60559_TYPES_EXT__ 1
| #define __STDC_WANT_LIB_EXT2__ 1
| #define __STDC_WANT_MATH_SPEC_FUNCS__ 1
| #define _TANDEM_SOURCE 1
| #define __EXTENSIONS__ 1
| #define HAVE_FENV_H 1
| #define HAVE_STDINT_H 1
| #define HAVE_INTTYPES_H 1
| #define HAVE_SYS_TYPES_H 1
| #define HAVE_ALLOCA_H 1
| #define HAVE_POSIX_MEMALIGN 1
| #define HAVE_MEMALIGN 1
| /* end confdefs.h.  */
| /* Define lround to an innocuous variant, in case <limits.h> declares lround.
|    For example, HP-UX 11i <limits.h> declares gettimeofday.  */
| #define lround innocuous_lround
| 
| /* System header to define __stub macros and hopefully few prototypes,
|    which can conflict with char lround (); below.  */
| 
| #include <limits.h>
| #undef lround
| 
| /* Override any GCC internal prototype to avoid an error.
|    Use char because int might match the return type of a GCC
|    builtin and then its argument prototype would still apply.  */
| #ifdef __cplusplus
| extern "C"
| #endif
| char lround ();
| /* The GNU C library defines this for functions which it implements
|     to always fail with ENOSYS.  Some functions are actually named
|     something starting with __ and the normal name is an alias.  */
| #if defined __stub_lround || defined __stub___lround
| choke me
| #endif
| 
| int
| main (void)
| {
| return lround ();
|   ;
|   return 0;
| }
configure:19126: result: no
configure:19132: checking for pow
configure:19132: gcc -o conftest    conftest.c  >&5
conftest.c:65:6: warning: conflicting types for built-in function 'pow'; expected 'double(double,  double)' [-Wbuiltin-declaration-mismatch]
   65 | char pow ();
      |      ^~~
conftest.c:57:1: note: 'pow' is declared in header '<math.h>'
   56 | #include <limits.h>
   57 | #undef pow
/usr/bin/ld: /tmp/ccviOPui.o: in function `main':
conftest.c:(.text+0xe): undefined reference to `pow'
collect2: error: ld returned 1 exit status
configure:19132: $? = 1
configure: failed program was:
| /* confdefs.h */
| #define PACKAGE_NAME "lvdcrop-plugin"
| #define PACKAGE_TARNAME "lvdcrop-plugin"
| #define PACKAGE_VERSION "0.0.1"
| #define PACKAGE_STRING "lvdcrop-plugin 0.0.1"
| #define PACKAGE_BUGREPORT "veejay-users@lists.sourceforge.net"
| #define PACKAGE_URL ""
| #define PACKAGE "lvdcrop-plugin"
| #define VERSION "0.0.1"
| #define HAVE_STDIO_H 1
| #define HAVE_STDLIB_H 1
| #define HAVE_STRING_H 1
| #define HAVE_INTTYPES_H 1
| #define HAVE_STDINT_H 1
| #define HAVE_STRINGS_H 1
| #define HAVE_SYS_STAT_H 1
| #define HAVE_SYS_TYPES_H 1
| #define HAVE_UNISTD_H 1
| #define HAVE_WCHAR_H 1
| #define STDC_HEADERS 1
| #define HAVE_DLFCN_H 1
| #define LT_OBJDIR ".libs/"
| #define VEEJAYUTIL 1
| #define HAVE_CONFIG_H 1
| #define _ALL_SOURCE 1
| #define _DARWIN_C_SOURCE 1
| #define _GNU_SOURCE 1
| #define _HPUX_ALT_XOPEN_SOCKET_API 1
| #define _NETBSD_SOURCE 1
| #define _OPENBSD_SOURCE 1
| #define _POSIX_PTHREAD_SEMANTICS 1
| #define __STDC_WANT_IEC_60559_ATTRIBS_EXT__ 1
| #define __STDC_WANT_IEC_60559_BFP_EXT__ 1
| #define __STDC_WANT_IEC_60559_DFP_EXT__ 1
| #define __STDC_WANT_IEC_60559_FUNCS_EXT__ 1
| #define __STDC_WANT_IEC_60559_TYPES_EXT__ 1
| #define __STDC_WANT_LIB_EXT2__ 1
| #define __STDC_WANT_MATH_SPEC_FUNCS__ 1
| #define _TANDEM_SOURCE 1
| #define __EXTENSIONS__ 1
| #define HAVE_FENV_H 1
| #define HAVE_STDINT_H 1
| #define HAVE_INTTYPES_H 1
| #define HAVE_SYS_TYPES_H 1
| #define HAVE_ALLOCA_H 1
| #define HAVE_POSIX_MEMALIGN 1
| #define HAVE_MEMALIGN 1
| /* end confdefs.h.  */
| /* Define pow to an innocuous variant, in case <limits.h> declares pow.
|    For example, HP-UX 11i <limits.h> declares gettimeofday.  */
| #define pow innocuous_pow
| 
| /* System header to define __stub macros and hopefully few prototypes,
|    which can conflict with char pow (); below.  */
| 
| #include <limits.h>
| #undef pow
| 
| /* Override any GCC internal prototype to avoid an error.
|    Use char because int might match the return type of a GCC
|    builtin and then its argument prototype would still apply.  */
| #ifdef __cplusplus
| extern "C"
| #endif
| char pow ();
| /* The GNU C library defines this for functions which it implements
|     to always fail with ENOSYS.  Some functions are actually named
|     something starting with __ and the normal name is an alias.  */
| #if defined __stub_pow || defined __stub___pow
| choke me
| #endif
| 
| int
| main (void)
| {
| return pow ();
|   ;
|   return 0;
| }
configure:19132: result: no
configure:19138: checking for bzero
configure:19138: gcc -o conftest    conftest.c  >&5
conftest.c:65:6: warning: conflicting types for built-in function 'bzero'; expected 'void(void *, long unsigned int)' [-Wbuiltin-declaration-mismatch]
   65 | char bzero ();
      |      ^~~~~
configure:19138: $? = 0
configure:19138: result: yes
configure:19144: checking for gettimeofday
configure:19144: gcc -o conftest    conftest.c  >&5
configure:19144: $? = 0
configure:19144: result: yes
configure:19150: checking for memset
configure:19150: gcc -o conftest    conftest.c  >&5
conftest.c:67:6: warning: conflicting types for built-in function 'memset'; expected 'void *(void *, int,  long unsigned int)' [-Wbuiltin-declaration-mismatch]
   67 | char memset ();
      |      ^~~~~~
conftest.c:59:1: note: 'memset' is declared in header '<string.h>'
   58 | #include <limits.h>
   59 | #undef memset
configure:19150: $? = 0
configure:19150: result: yes
configure:19156: checking for mmap
configure:19156: gcc -o conftest    conftest.c  >&5
configure:19156: $? = 0
configure:19156: result: yes
configure:19162: checking for strndup
configure:19162: gcc -o conftest    conftest.c  >&5
conftest.c:69:6: warning: conflicting types for built-in function 'strndup'; expected 'char *(const char *, long unsigned int)' [-Wbuiltin-declaration-mismatch]
   69 | char strndup ();
      |      ^~~~~~~
configure:19162: $? = 0
configure:19162: result: yes
configure:19168: checking for strstr
configure:19168: gcc -o conftest    conftest.c  >&5
conftest.c:70:6: warning: conflicting types for built-in function 'strstr'; expected 'char *(const char *, const char *)' [-Wbuiltin-declaration-mismatch]
   70 | char strstr ();
      |      ^~~~~~
conftest.c:62:1: note: 'strstr' is declared in header '<string.h>'
   61 | #include <limits.h>
   62 | #undef strstr
configure:19168: $? = 0
configure:19168: result: yes
configure:19174: checking for strncasecmp
configure:19174: gcc -o conftest    conftest.c  >&5
conftest.c:71:6: warning: conflicting types for built-in function 'strncasecmp'; expected 'int(const char *, const char *, long unsigned int)' [-Wbuiltin-declaration-mismatch]
   71 | char strncasecmp ();
      |      ^~~~~~~~~~~
configure:19174: $? = 0
configure:19174: result: yes
configure:19181: checking for sched_get_priority_max
configure:19181: gcc -o conftest    conftest.c  >&5
configure:19181: $? = 0
configure:19181: result: yes
configure:19188: checking for select
configure:19188: gcc -o conftest    conftest.c  >&5
configure:19188: $? = 0
configure:19188: result: yes
configure:19194: checking for socket
configure:19194: gcc -o conftest    conftest.c  >&5
configure:19194: $? = 0
configure:19194: result: yes
configure:19200: checking for getpagesize
configure:19200: gcc -o conftest    conftest.c  >&5
configure:19200: $? = 0
configure:19200: result: yes
configure:19206: checking for memcpy
configure:19206: gcc -o conftest    conftest.c  >&5
conftest.c:76:6: warning: conflicting types for built-in function 'memcpy'; expected 'void *(void *, const void *, long unsigned int)' [-Wbuiltin-declaration-mismatch]
   76 | char memcpy ();
      |      ^~~~~~
conftest.c:68:1: note: 'memcpy' is declared in header '<string.h>'
   67 | #include <limits.h>
   68 | #undef memcpy
configure:19206: $? = 0
configure:19206: result: yes
configure:19214: checking for getopt_long
configure:19214: gcc -o conftest    conftest.c  >&5
configure:19214: $? = 0
configure:19214: result: yes
configure:19273: checking size of int
configure:19279: gcc -o conftest    conftest.c  >&5
configure:19279: $? = 0
configure:19279: ./conftest
configure:19279: $? = 0
configure:19294: result: 4
configure:19306: checking size of long int
configure:19312: gcc -o conftest    conftest.c  >&5
configure:19312: $? = 0
configure:19312: ./conftest
configure:19312: $? = 0
configure:19327: result: 8
configure:19339: checking size of size_t
configure:19345: gcc -o conftest    conftest.c  >&5
configure:19345: $? = 0
configure:19345: ./conftest
configure:19345: $? = 0
configure:19360: result: 8
configure:19372: checking size of float
configure:19378: gcc -o conftest    conftest.c  >&5
configure:19378: $? = 0
configure:19378: ./conftest
configure:19378: $? = 0
configure:19393: result: 4
configure:19462: checking for pkg-config
configure:19485: found /usr/bin/pkg-config
configure:19497: result: /usr/bin/pkg-config
configure:19522: checking pkg-config is at least version 0.9.0
configure:19525: result: yes
configure:19535: checking for libavutil >= 49.7.0
configure:19542: $PKG_CONFIG --exists --print-errors "libavutil >= 49.7.0"
configure:19545: $? = 0
configure:19559: $PKG_CONFIG --exists --print-errors "libavutil >= 49.7.0"
configure:19562: $? = 0
configure:19600: result: yes
configure:19616: checking for gavl >= 0.2.3
configure:19623: $PKG_CONFIG --exists --print-errors "gavl >= 0.2.3"
Package gavl was not found in the pkg-config search path.
Perhaps you should add the directory containing `gavl.pc'
to the PKG_CONFIG_PATH environment variable
Package 'gavl', required by 'virtual:world', not found
configure:19626: $? = 1
configure:19640: $PKG_CONFIG --exists --print-errors "gavl >= 0.2.3"
Package gavl was not found in the pkg-config search path.
Perhaps you should add the directory containing `gavl.pc'
to the PKG_CONFIG_PATH environment variable
Package 'gavl', required by 'virtual:world', not found
configure:19643: $? = 1
configure:19657: result: no
Package 'gavl', required by 'virtual:world', not found
configure:19703: The host is x86_64-pc-linux-gnu  x86_64  pc  linux-gnu .
configure:19711: checking for linux/version.h
configure:19711: gcc -c   conftest.c >&5
configure:19711: $? = 0
configure:19711: result: yes
configure:19759: checking Architecture
configure:19788: result: x86_64
configure:19909: checking sub-architecture settings
configure:19920: result: -march=alderlake
configure:19970: The PKG_CONFIG_PATH variable was not set
configure:19972: You should set it to the directories that contain the .pc files
configure:19981: checking for dlopen in -ldl
configure:20004: gcc -o conftest  -O3 -ffast-math -ftree-vectorize -m64 -fPIC -DPIC -D_FILE_OFFSET_BITS=64 -D_LARGE_FILES   conftest.c -ldl   >&5
configure:20004: $? = 0
configure:20014: result: yes
configure:20032: checking whether to compile in debugging information
configure:20040: result: no
configure:20043: checking whether to compile in profiling information
configure:20052: result: no
configure:20056: checking Architecture
configure:20167: checking for libavutil >= 49.7.0
configure:20232: result: yes
configure:20238: checking for libswscale >= 0.7.1
configure:20245: $PKG_CONFIG --exists --print-errors "libswscale >= 0.7.1"
configure:20248: $? = 0
configure:20262: $PKG_CONFIG --exists --print-errors "libswscale >= 0.7.1"
configure:20265: $? = 0
configure:20303: result: yes
configure:20323: result: -m64 -fPIC -DPIC -ftree-vectorize -O3 -ffast-math
configure:20334: checking what warning flags to pass to the C compiler
configure:20373: checking for veejaycore >= 1.5.65 
configure:20380: $PKG_CONFIG --exists --print-errors "veejaycore >= 1.5.65 "
configure:20383: $? = 0
configure:20397: $PKG_CONFIG --exists --print-errors "veejaycore >= 1.5.65 "
configure:20400: $? = 0
configure:20438: result: yes
configure:20556: checking that generated files are newer than configure
configure:20562: result: done
configure:20606: creating ./config.status

## ---------------------- ##
## Running config.status. ##
## ---------------------- ##

This file was extended by lvdcrop-plugin config.status 0.0.1, which was
generated by GNU Autoconf 2.71.  Invocation command line was

  CONFIG_FILES    = 
  CONFIG_HEADERS  = 
  CONFIG_LINKS    = 
  CONFIG_COMMANDS = 
  $ ./config.status 

on veejay-machine

config.status:1236: creating Makefile
config.status:1236: creating plugins/Makefile
config.status:1236: creating config.h
config.status:1465: executing depfiles commands
config.status:1542: cd plugins       && sed -e '/# am--include-marker/d' Makefile         | make -f - am--depfiles
config.status:1547: $? = 0
config.status:1465: executing libtool commands
configure:23017: WARNING: unrecognized options: --with-ndi, --with-nvjpeg
configure:23025: 
configure:23027:  Livido crop filter 0.0.1 build configuration :
configure:23029: 
configure:23031:  Compiler flags: -march=alderlake -m64 -fPIC -DPIC -ftree-vectorize -O3 -ffast-math -Wall -Wunused  -DSILENT
configure:23033: 
configure:23035:  Architecture: x86_64 
configure:23037: 
configure:23039: 
configure:23054: 
configure:23057:   - FFmpeg/AV Swscaler            : true 
configure:23059:   - FFmpeg/AV AVUtil              : true 
configure:23061:   - Veejay Core                   : true 
configure:23064:    Platform: Linux
configure:23067:   - GAVL                          : false 

## ---------------- ##
## Cache variables. ##
## ---------------- ##

ac_cv_build=x86_64-pc-linux-gnu
ac_cv_c_bigendian=no
ac_cv_c_compiler_gnu=yes
ac_cv_c_const=yes
ac_cv_c_inline=inline
ac_cv_cxx_compiler_gnu=yes
ac_cv_env_CCASFLAGS_set=
ac_cv_env_CCASFLAGS_value=
ac_cv_env_CCAS_set=
ac_cv_env_CCAS_value=
ac_cv_env_CCC_set=
ac_cv_env_CCC_value=
ac_cv_env_CC_set=
ac_cv_env_CC_value=
ac_cv_env_CFLAGS_set=
ac_cv_env_CFLAGS_value=
ac_cv_env_CPPFLAGS_set=
ac_cv_env_CPPFLAGS_value=
ac_cv_env_CXXCPP_set=
ac_cv_env_CXXCPP_value=
ac_cv_env_CXXFLAGS_set=
ac_cv_env_CXXFLAGS_value=
ac_cv_env_CXX_set=
ac_cv_env_CXX_value=
ac_cv_env_GAVL_CFLAGS_set=
ac_cv_env_GAVL_CFLAGS_value=
ac_cv_env_GAVL_LIBS_set=
ac_cv_env_GAVL_LIBS_value=
ac_cv_env_LDFLAGS_set=
ac_cv_env_LDFLAGS_value=
ac_cv_env_LIBAVUTIL_CFLAGS_set=
ac_cv_env_LIBAVUTIL_CFLAGS_value=
ac_cv_env_LIBAVUTIL_LIBS_set=
ac_cv_env_LIBAVUTIL_LIBS_value=
ac_cv_env_LIBSWSCALE_CFLAGS_set=
ac_cv_env_LIBSWSCALE_CFLAGS_value=
ac_cv_env_LIBSWSCALE_LIBS_set=
ac_cv_env_LIBSWSCALE_LIBS_value=
ac_cv_env_LIBS_set=
ac_cv_env_LIBS_value=
ac_cv_env_LT_SYS_LIBRARY_PATH_set=
ac_cv_env_LT_SYS_LIBRARY_PATH_value=
ac_cv_env_PKG_CONFIG_LIBDIR_set=
ac_cv_env_PKG_CONFIG_LIBDIR_value=
ac_cv_env_PKG_CONFIG_PATH_set=
ac_cv_env_PKG_CONFIG_PATH_value=
ac_cv_env_PKG_CONFIG_set=
ac_cv_env_PKG_CONFIG_value=
ac_cv_env_VEEJAYCORE_CFLAGS_set=
ac_cv_env_VEEJAYCORE_CFLAGS_value=
ac_cv_env_VEEJAYCORE_LIBS_set=
ac_cv_env_VEEJAYCORE_LIBS_value=
ac_cv_env_build_alias_set=
ac_cv_env_build_alias_value=
ac_cv_env_host_alias_set=
ac_cv_env_host_alias_value=
ac_cv_env_target_alias_set=
ac_cv_env_target_alias_value=
ac_cv_func_bzero=yes
ac_cv_func_fmax=no
ac_cv_func_getopt_long=yes
ac_cv_func_getpagesize=yes
ac_cv_func_gettimeofday=yes
ac_cv_func_lround=no
ac_cv_func_memalign=yes
ac_cv_func_memcpy=yes
ac_cv_func_memset=yes
ac_cv_func_mmap=yes
ac_cv_func_posix_memalign=yes
ac_cv_func_pow=no
ac_cv_func_sched_get_priority_max=yes
ac_cv_func_select=yes
ac_cv_func_socket=yes
ac_cv_func_strncasecmp=yes
ac_cv_func_strndup=yes
ac_cv_func_strstr=yes
ac_cv_header_alloca_h=yes
ac_cv_header_dlfcn_h=yes
ac_cv_header_fenv_h=yes
ac_cv_header_inttypes_h=yes
ac_cv_header_linux_version_h=yes
ac_cv_header_minix_config_h=no
ac_cv_header_stdint_h=yes
ac_cv_header_stdio_h=yes
ac_cv_header_stdlib_h=yes
ac_cv_header_string_h=yes
ac_cv_header_strings_h=yes
ac_cv_header_sys_stat_h=yes
ac_cv_header_sys_types_h=yes
ac_cv_header_unistd_h=yes
ac_cv_header_wchar_h=yes
ac_cv_host=x86_64-pc-linux-gnu
ac_cv_lib_dl_dlopen=yes
ac_cv_objext=o
ac_cv_path_EGREP='/usr/bin/grep -E'
ac_cv_path_FGREP='/usr/bin/grep -F'
ac_cv_path_GREP=/usr/bin/grep
ac_cv_path_SED=/usr/bin/sed
ac_cv_path_ac_pt_PKG_CONFIG=/usr/bin/pkg-config
ac_cv_path_install='/usr/bin/install -c'
ac_cv_path_lt_DD=/usr/bin/dd
ac_cv_path_mkdir=/usr/bin/mkdir
ac_cv_prog_AWK=gawk
ac_cv_prog_CXXCPP='g++ -E'
ac_cv_prog_ac_ct_AR=ar
ac_cv_prog_ac_ct_CC=gcc
ac_cv_prog_ac_ct_CXX=g++
ac_cv_prog_ac_ct_FILECMD=file
ac_cv_prog_ac_ct_MANIFEST_TOOL=mt
ac_cv_prog_ac_ct_OBJDUMP=objdump
ac_cv_prog_ac_ct_RANLIB=ranlib
ac_cv_prog_ac_ct_STRIP=strip
ac_cv_prog_cc_c11=
ac_cv_prog_cc_g=yes
ac_cv_prog_cc_stdc=
ac_cv_prog_cxx_cxx11=
ac_cv_prog_cxx_g=yes
ac_cv_prog_cxx_stdcxx=
ac_cv_prog_make_make_set=yes
ac_cv_safe_to_define___extensions__=yes
ac_cv_should_define__xopen_source=no
ac_cv_sizeof_float=4
ac_cv_sizeof_int=4
ac_cv_sizeof_long_int=8
ac_cv_sizeof_size_t=8
ac_cv_sys_file_offset_bits=no
ac_cv_sys_largefile_CC=no
ac_cv_target=x86_64-pc-linux-gnu
am_cv_CCAS_dependencies_compiler_type=gcc3
am_cv_CC_dependencies_compiler_type=gcc3
am_cv_CXX_dependencies_compiler_type=gcc3
am_cv_make_support_nested_variables=yes
am_cv_prog_cc_c_o=yes
lt_cv_ar_at_file=@
lt_cv_archive_cmds_need_lc=no
lt_cv_deplibs_check_method=pass_all
lt_cv_file_magic_cmd='$MAGIC_CMD'
lt_cv_file_magic_test_file=
lt_cv_ld_reload_flag=-r
lt_cv_nm_interface='BSD nm'
lt_cv_objdir=.libs
lt_cv_path_LD=/usr/bin/ld
lt_cv_path_LDCXX='/usr/bin/ld -m elf_x86_64'
lt_cv_path_NM='/usr/bin/nm -B'
lt_cv_path_mainfest_tool=no
lt_cv_prog_compiler_c_o=yes
lt_cv_prog_compiler_c_o_CXX=yes
lt_cv_prog_compiler_pic='-fPIC -DPIC'
lt_cv_prog_compiler_pic_CXX='-fPIC -DPIC'
lt_cv_prog_compiler_pic_works=yes
lt_cv_prog_compiler_pic_works_CXX=yes
lt_cv_prog_compiler_rtti_exceptions=no
lt_cv_prog_compiler_static_works=yes
lt_cv_prog_compiler_static_works_CXX=yes
lt_cv_prog_gnu_ld=yes
lt_cv_prog_gnu_ldcxx=yes
lt_cv_sharedlib_from_linklib_cmd='printf %s\n'
lt_cv_shlibpath_overrides_runpath=yes
lt_cv_sys_global_symbol_pipe='/usr/bin/sed -n -e '\''s/^.*[	 ]\([ABCDGIRSTW][ABCDGIRSTW]*\)[	 ][	 ]*\([_A-Za-z][_A-Za-z0-9]*\)$/\1 \2 \2/p'\'' | /usr/bin/sed '\''/ __gnu_lto/d'\'''
lt_cv_sys_global_symbol_to_c_name_address='/usr/bin/sed -n -e '\''s/^: \(.*\) .*$/  {"\1", (void *) 0},/p'\'' -e '\''s/^[ABCDGIRSTW][ABCDGIRSTW]* .* \(.*\)$/  {"\1", (void *) \&\1},/p'\'''
lt_cv_sys_global_symbol_to_c_name_address_lib_prefix='/usr/bin/sed -n -e '\''s/^: \(.*\) .*$/  {"\1", (void *) 0},/p'\'' -e '\''s/^[ABCDGIRSTW][ABCDGIRSTW]* .* \(lib.*\)$/  {"\1", (void *) \&\1},/p'\'' -e '\''s/^[ABCDGIRSTW][ABCDGIRSTW]* .* \(.*\)$/  {"lib\1", (void *) \&\1},/p'\'''
lt_cv_sys_global_symbol_to_cdecl='/usr/bin/sed -n -e '\''s/^T .* \(.*\)$/extern int \1();/p'\'' -e '\''s/^[ABCDGIRSTW][ABCDGIRSTW]* .* \(.*\)$/extern char \1;/p'\'''
lt_cv_sys_global_symbol_to_import=
lt_cv_sys_max_cmd_len=1572864
lt_cv_to_host_file_cmd=func_convert_file_noop
lt_cv_to_tool_file_cmd=func_convert_file_noop
lt_cv_truncate_bin='/usr/bin/dd bs=4096 count=1'
pkg_cv_LIBAVUTIL_CFLAGS='-I/usr/include/x86_64-linux-gnu '
pkg_cv_LIBAVUTIL_LIBS='-lavutil '
pkg_cv_LIBSWSCALE_CFLAGS='-I/usr/include/x86_64-linux-gnu '
pkg_cv_LIBSWSCALE_LIBS='-lswscale '
pkg_cv_VEEJAYCORE_CFLAGS='-I/usr/local/include '
pkg_cv_VEEJAYCORE_LIBS='-L/usr/local/lib -lveejaycore '

## ----------------- ##
## Output variables. ##
## ----------------- ##

ACLOCAL='${SHELL} '\''/home/veejay/vj6/veejay/veejay-current/plugin-packs/lvdcrop/missing'\'' aclocal-1.16'
AMDEPBACKSLASH='\'
AMDEP_FALSE='#'
AMDEP_TRUE=''
AMTAR='$${TAR-tar}'
AM_BACKSLASH='\'
AM_DEFAULT_V='$(AM_DEFAULT_VERBOSITY)'
AM_DEFAULT_VERBOSITY='1'
AM_V='$(V)'
AR='ar'
AUTOCONF='${SHELL} '\''/home/veejay/vj6/veejay/veejay-current/plugin-packs/lvdcrop/missing'\'' autoconf'
AUTOHEADER='${SHELL} '\''/home/veejay/vj6/veejay/veejay-current/plugin-packs/lvdcrop/missing'\'' autoheader'
AUTOMAKE='${SHELL} '\''/home/veejay/vj6/veejay/veejay-current/plugin-packs/lvdcrop/missing'\'' automake-1.16'
AWK='gawk'
CC='gcc'
CCAS='gcc'
CCASDEPMODE='depmode=gcc3'
CCASFLAGS=''
CCDEPMODE='depmode=gcc3'
CFLAGS='-march=alderlake -m64 -fPIC -DPIC -ftree-vectorize -O3 -ffast-math -Wall -Wunused  -DSILENT'
CPPFLAGS=''
CSCOPE='cscope'
CTAGS='ctags'
CXX='g++'
CXXCPP='g++ -E'
CXXDEPMODE='depmode=gcc3'
CXXFLAGS='-march=alderlake -g -O2 '
CYGPATH_W='echo'
DEBUGLIBS=''
DEFS='-DHAVE_CONFIG_H'
DEPDIR='.deps'
DLLTOOL='false'
DSYMUTIL=''
DUMPBIN=''
ECHO_C=''
ECHO_N='-n'
ECHO_T=''
EGREP='/usr/bin/grep -E'
ETAGS='etags'
EXEEXT=''
FASTARM_CFLAGS=''
FFMPEG_CFLAGS='-I/usr/include/x86_64-linux-gnu  -I/usr/include/x86_64-linux-gnu '
FFMPEG_LIBS='-lavutil  -lswscale '
FGREP='/usr/bin/grep -F'
FILECMD='file'
GAVL_CFLAGS=''
GAVL_LIBS=''
GREP='/usr/bin/grep'
HAVE_GAVL=''
HAVE_GAVL_FALSE=''
HAVE_GAVL_TRUE='#'
INSTALL_DATA='${INSTALL} -m 644'
INSTALL_PROGRAM='${INSTALL}'
INSTALL_SCRIPT='${INSTALL}'
INSTALL_STRIP_PROGRAM='$(install_sh) -c -s'
LD='/usr/bin/ld -m elf_x86_64'
LDFLAGS=''
LIBAVUTIL_CFLAGS='-I/usr/include/x86_64-linux-gnu '
LIBAVUTIL_LIBS='-lavutil '
LIBGETOPT_LIB=''
LIBM_LIBS='-lm'
LIBOBJS=''
LIBS='-ldl '
LIBSWSCALE_CFLAGS='-I/usr/include/x86_64-linux-gnu '
LIBSWSCALE_LIBS='-lswscale '
LIBTOOL='$(SHELL) $(top_builddir)/libtool'
LIPO=''
LN_S='ln -s'
LTLIBOBJS=''
LT_AGE='1'
LT_CURRENT='1'
LT_RELEASE='0.0'
LT_REVISION='1'
LT_SYS_LIBRARY_PATH=''
MAINT='#'
MAINTAINER_MODE_FALSE=''
MAINTAINER_MODE_TRUE='#'
MAKEINFO='${SHELL} '\''/home/veejay/vj6/veejay/veejay-current/plugin-packs/lvdcrop/missing'\'' makeinfo'
MANIFEST_TOOL=':'
MKDIR_P='/usr/bin/mkdir -p'
NM='/usr/bin/nm -B'
NMEDIT=''
OBJDUMP='objdump'
OBJEXT='o'
OTOOL64=''
OTOOL=''
PACKAGE='lvdcrop-plugin'
PACKAGE_BUGREPORT='veejay-users@lists.sourceforge.net'
PACKAGE_NAME='lvdcrop-plugin'
PACKAGE_STRING='lvdcrop-plugin 0.0.1'
PACKAGE_TARNAME='lvdcrop-plugin'
PACKAGE_URL=''
PACKAGE_VERSION='0.0.1'
PATH_SEPARATOR=':'
PKG_CONFIG='/usr/bin/pkg-config'
PKG_CONFIG_LIBDIR=''
PKG_CONFIG_PATH='/usr/lib/pkgconfig'
PROGRAM_NOPIC=''
RANLIB='ranlib'
SED='/usr/bin/sed'
SET_MAKE=''
SHELL='/bin/bash'
STRIP='strip'
VEEJAYCORE_CFLAGS='-I/usr/local/include '
VEEJAYCORE_LIBS='-L/usr/local/lib -lveejaycore '
VERSION='0.0.1'
ac_ct_AR='ar'
ac_ct_CC='gcc'
ac_ct_CXX='g++'
ac_ct_DUMPBIN=''
am__EXEEXT_FALSE=''
am__EXEEXT_TRUE='#'
am__fastdepCCAS_FALSE='#'
am__fastdepCCAS_TRUE=''
am__fastdepCC_FALSE='#'
am__fastdepCC_TRUE=''
am__fastdepCXX_FALSE='#'
am__fastdepCXX_TRUE=''
am__include='include'
am__isrc=''
am__leading_dot='.'
am__nodep='_no'
am__quote=''
am__tar='$${TAR-tar} chof - "$$tardir"'
am__untar='$${TAR-tar} xf -'
bindir='${exec_prefix}/bin'
build='x86_64-pc-linux-gnu'
build_alias=''
build_cpu='x86_64'
build_os='linux-gnu'
build_vendor='pc'
datadir='${datarootdir}'
datarootdir='${prefix}/share'
docdir='${datarootdir}/doc/${PACKAGE_TARNAME}'
dvidir='${docdir}'
exec_prefix='${prefix}'
host='x86_64-pc-linux-gnu'
host_alias=''
host_cpu='x86_64'
host_os='linux-gnu'
host_vendor='pc'
htmldir='${docdir}'
includedir='${prefix}/include'
infodir='${datarootdir}/info'
install_sh='${SHELL} /home/veejay/vj6/veejay/veejay-current/plugin-packs/lvdcrop/install-sh'
libdir='${exec_prefix}/lib'
libexecdir='${exec_prefix}/libexec'
localedir='${datarootdir}/locale'
localstatedir='${prefix}/var'
mandir='${datarootdir}/man'
mkdir_p='$(MKDIR_P)'
oldincludedir='/usr/include'
pdfdir='${docdir}'
prefix='/usr/local'
program_transform_name='s,x,x,'
psdir='${docdir}'
runstatedir='${localstatedir}/run'
sbindir='${exec_prefix}/sbin'
sharedstatedir='${prefix}/com'
sysconfdir='${prefix}/etc'
target='x86_64-pc-linux-gnu'
target_alias=''
target_cpu='x86_64'
target_os='linux-gnu'
target_vendor='pc'

## ----------- ##
## confdefs.h. ##
## ----------- ##

/* confdefs.h */
#define PACKAGE_NAME "lvdcrop-plugin"
#define PACKAGE_TARNAME "lvdcrop-plugin"
#define PACKAGE_VERSION "0.0.1"
#define PACKAGE_STRING "lvdcrop-plugin 0.0.1"
#define PACKAGE_BUGREPORT "veejay-users@lists.sourceforge.net"
#define PACKAGE_URL ""
#define PACKAGE "lvdcrop-plugin"
#define VERSION "0.0.1"
#define HAVE_STDIO_H 1
#define HAVE_STDLIB_H 1
#define HAVE_STRING_H 1
#define HAVE_INTTYPES_H 1
#define HAVE_STDINT_H 1
#define HAVE_STRINGS_H 1
#define HAVE_SYS_STAT_H 1
#define HAVE_SYS_TYPES_H 1
#define HAVE_UNISTD_H 1
#define HAVE_WCHAR_H 1
#define STDC_HEADERS 1
#define HAVE_DLFCN_H 1
#define LT_OBJDIR ".libs/"
#define VEEJAYUTIL 1
#define HAVE_CONFIG_H 1
#define _ALL_SOURCE 1
#define _DARWIN_C_SOURCE 1
#define _GNU_SOURCE 1
#define _HPUX_ALT_XOPEN_SOCKET_API 1
#define _NETBSD_SOURCE 1
#define _OPENBSD_SOURCE 1
#define _POSIX_PTHREAD_SEMANTICS 1
#define __STDC_WANT_IEC_60559_ATTRIBS_EXT__ 1
#define __STDC_WANT_IEC_60559_BFP_EXT__ 1
#define __STDC_WANT_IEC_60559_DFP_EXT__ 1
#define __STDC_WANT_IEC_60559_FUNCS_EXT__ 1
#define __STDC_WANT_IEC_60559_TYPES_EXT__ 1
#define __STDC_WANT_LIB_EXT2__ 1
#define __STDC_WANT_MATH_SPEC_FUNCS__ 1
#define _TANDEM_SOURCE 1
#define __EXTENSIONS__ 1
#define HAVE_FENV_H 1
#define HAVE_STDINT_H 1
#define HAVE_INTTYPES_H 1
#define HAVE_SYS_TYPES_H 1
#define HAVE_ALLOCA_H 1
#define HAVE_POSIX_MEMALIGN 1
#define HAVE_MEMALIGN 1
#define HAVE_BZERO 1
#define HAVE_GETTIMEOFDAY 1
#define HAVE_MEMSET 1
#define HAVE_MMAP 1
#define HAVE_STRNDUP 1
#define HAVE_STRSTR 1
#define HAVE_STRNCASECMP 1
#define HAVE_SCHED_GET_PRIORITY_MAX 1
#define HAVE_SELECT 1
#define HAVE_SOCKET 1
#define HAVE_GETPAGESIZE 1
#define HAVE_MEMCPY 1
#define HAVE_GETOPT_LONG 1
#define SIZEOF_INT 4
#define SIZEOF_LONG_INT 8
#define SIZEOF_SIZE_T 8
#define SIZEOF_FLOAT 4
#define BASE64_AVUTIL 1
#define HAVE_LINUX /**/
#define HAVE_X86_CPU 1
#define ARCH_X86_64 1
#define HAVE_LIBDL 1
#define HAVE_DL_DLOPEN /**/
#define HAVE_X86_CPU 1
#define ARCH_X86_64 1
#define HAVE_FFMPEG_UNINSTALLED /**/
#define HAVE_VEEJAYCORE 1
#define VERSION ${VERSION}

configure: exit 0
