This file contains any messages produced by compilers while
running configure, to aid debugging if configure makes a mistake.

It was created by lvdshared-plugin configure 0.0.1, which was
generated by GNU Autoconf 2.71.  Invocation command line was

  $ ./configure --with-ndi=/opt/ndi6 --with-nvjpeg=yes

## --------- ##
## Platform. ##
## --------- ##

hostname = veejay-machine
uname -m = x86_64
uname -r = 6.14.0-37-generic
uname -s = Linux
uname -v = #37~24.04.1-Ubuntu SMP PREEMPT_DYNAMIC Thu Nov 20 10:25:38 UTC 2

/usr/bin/uname -p = x86_64
/bin/uname -X     = unknown

/bin/arch              = x86_64
/usr/bin/arch -k       = unknown
/usr/convex/getsysinfo = unknown
/usr/bin/hostinfo      = unknown
/bin/machine           = unknown
/usr/bin/oslevel       = unknown
/bin/universe          = unknown

PATH: /home/veejay/Applications/.bin/
PATH: /home/veejay/.local/bin/
PATH: /usr/local/sbin/
PATH: /usr/local/bin/
PATH: /usr/sbin/
PATH: /usr/bin/
PATH: /sbin/
PATH: /bin/
PATH: /usr/games/
PATH: /usr/local/games/
PATH: /snap/bin/
PATH: /snap/bin/


## ----------- ##
## Core tests. ##
## ----------- ##

configure:3043: looking for aux files: ltmain.sh compile missing install-sh config.guess config.sub
configure:3056:  trying ./
configure:3085:   ./ltmain.sh found
configure:3085:   ./compile found
configure:3085:   ./missing found
configure:3067:   ./install-sh found
configure:3085:   ./config.guess found
configure:3085:   ./config.sub found
configure:3214: checking build system type
configure:3229: result: x86_64-pc-linux-gnu
configure:3249: checking host system type
configure:3263: result: x86_64-pc-linux-gnu
configure:3283: checking target system type
configure:3297: result: x86_64-pc-linux-gnu
configure:3341: checking for a BSD-compatible install
configure:3414: result: /usr/bin/install -c
configure:3425: checking whether build environment is sane
configure:3480: result: yes
configure:3639: checking for a race-free mkdir -p
configure:3683: result: /usr/bin/mkdir -p
configure:3690: checking for gawk
configure:3711: found /usr/bin/gawk
configure:3722: result: gawk
configure:3733: checking whether make sets $(MAKE)
configure:3756: result: yes
configure:3786: checking whether make supports nested variables
configure:3804: result: yes
configure:3941: checking whether to enable maintainer-specific portions of Makefiles
configure:3951: result: no
configure:4051: checking whether make supports the include directive
configure:4066: make -f confmf.GNU && cat confinc.out
this is the am__doit target
configure:4069: $? = 0
configure:4088: result: yes (GNU style)
configure:4164: checking for gcc
configure:4185: found /usr/bin/gcc
configure:4196: result: gcc
configure:4549: checking for C compiler version
configure:4558: gcc --version >&5
gcc (Ubuntu 13.3.0-6ubuntu2~24.04) 13.3.0
Copyright (C) 2023 Free Software Foundation, Inc.
This is free software; see the source for copying conditions.  There is NO
warranty; not even for MERCHANTABILITY or FITNESS FOR A PARTICULAR PURPOSE.

configure:4569: $? = 0
configure:4558: gcc -v >&5
Using built-in specs.
COLLECT_GCC=gcc
COLLECT_LTO_WRAPPER=/usr/libexec/gcc/x86_64-linux-gnu/13/lto-wrapper
OFFLOAD_TARGET_NAMES=nvptx-none:amdgcn-amdhsa
OFFLOAD_TARGET_DEFAULT=1
Target: x86_64-linux-gnu
Configured with: ../src/configure -v --with-pkgversion='Ubuntu 13.3.0-6ubuntu2~24.04' --with-bugurl=file:///usr/share/doc/gcc-13/README.Bugs --enable-languages=c,ada,c++,go,d,fortran,objc,obj-c++,m2 --prefix=/usr --with-gcc-major-version-only --program-suffix=-13 --program-prefix=x86_64-linux-gnu- --enable-shared --enable-linker-build-id --libexecdir=/usr/libexec --without-included-gettext --enable-threads=posix --libdir=/usr/lib --enable-nls --enable-bootstrap --enable-clocale=gnu --enable-libstdcxx-debug --enable-libstdcxx-time=yes --with-default-libstdcxx-abi=new --enable-libstdcxx-backtrace --enable-gnu-unique-object --disable-vtable-verify --enable-plugin --enable-default-pie --with-system-zlib --enable-libphobos-checking=release --with-target-system-zlib=auto --enable-objc-gc=auto --enable-multiarch --disable-werror --enable-cet --with-arch-32=i686 --with-abi=m64 --with-multilib-list=m32,m64,mx32 --enable-multilib --with-tune=generic --enable-offload-targets=nvptx-none=/build/gcc-13-fG75Ri/gcc-13-13.3.0/debian/tmp-nvptx/usr,amdgcn-amdhsa=/build/gcc-13-fG75Ri/gcc-13-13.3.0/debian/tmp-gcn/usr --enable-offload-defaulted --without-cuda-driver --enable-checking=release --build=x86_64-linux-gnu --host=x86_64-linux-gnu --target=x86_64-linux-gnu --with-build-config=bootstrap-lto-lean --enable-link-serialization=2
Thread model: posix
Supported LTO compression algorithms: zlib zstd
gcc version 13.3.0 (Ubuntu 13.3.0-6ubuntu2~24.04) 
... rest of stderr output deleted ...
configure:4569: $? = 0
configure:4558: gcc -V >&5
gcc: error: unrecognized command-line option '-V'
gcc: fatal error: no input files
compilation terminated.
configure:4569: $? = 1
configure:4558: gcc -qversion >&5
gcc: error: unrecognized command-line option '-qversion'; did you mean '--version'?
gcc: fatal error: no input files
compilation terminated.
configure:4569: $? = 1
configure:4558: gcc -version >&5
gcc: error: unrecognized command-line option '-version'
gcc: fatal error: no input files
compilation terminated.
configure:4569: $? = 1
configure:4589: checking whether the C compiler works
configure:4611: gcc    conftest.c  >&5
configure:4615: $? = 0
configure:4665: result: yes
configure:4668: checking for C compiler default output file name
configure:4670: result: a.out
configure:4676: checking for suffix of executables
configure:4683: gcc -o conftest    conftest.c  >&5
configure:4687: $? = 0
configure:4710: result: 
configure:4732: checking whether we are cross compiling
configure:4740: gcc -o conftest    conftest.c  >&5
configure:4744: $? = 0
configure:4751: ./conftest
configure:4755: $? = 0
configure:4770: result: no
configure:4775: checking for suffix of object files
configure:4798: gcc -c   conftest.c >&5
configure:4802: $? = 0
configure:4824: result: o
configure:4828: checking whether the compiler supports GNU C
configure:4848: gcc -c   conftest.c >&5
configure:4848: $? = 0
configure:4858: result: yes
configure:4869: checking whether gcc accepts -g
configure:4890: gcc -c -g  conftest.c >&5
configure:4890: $? = 0
configure:4934: result: yes
configure:4954: checking for gcc option to enable C11 features
configure:4969: gcc  -c   conftest.c >&5
configure:4969: $? = 0
configure:4987: result: none needed
configure:5103: checking whether gcc understands -c and -o together
configure:5126: gcc -c conftest.c -o conftest2.o
configure:5129: $? = 0
configure:5126: gcc -c conftest.c -o conftest2.o
configure:5129: $? = 0
configure:5141: result: yes
configure:5160: checking dependency style of gcc
configure:5272: result: gcc3
configure:5292: checking for stdio.h
configure:5292: gcc -c   conftest.c >&5
configure:5292: $? = 0
configure:5292: result: yes
configure:5292: checking for stdlib.h
configure:5292: gcc -c   conftest.c >&5
configure:5292: $? = 0
configure:5292: result: yes
configure:5292: checking for string.h
configure:5292: gcc -c   conftest.c >&5
configure:5292: $? = 0
configure:5292: result: yes
configure:5292: checking for inttypes.h
configure:5292: gcc -c   conftest.c >&5
configure:5292: $? = 0
configure:5292: result: yes
configure:5292: checking for stdint.h
configure:5292: gcc -c   conftest.c >&5
configure:5292: $? = 0
configure:5292: result: yes
configure:5292: checking for strings.h
configure:5292: gcc -c   conftest.c >&5
configure:5292: $? = 0
configure:5292: result: yes
configure:5292: checking for sys/stat.h
configure:5292: gcc -c   conftest.c >&5
configure:5292: $? = 0
configure:5292: result: yes
configure:5292: checking for sys/types.h
configure:5292: gcc -c   conftest.c >&5
configure:5292: $? = 0
configure:5292: result: yes
configure:5292: checking for unistd.h
configure:5292: gcc -c   conftest.c >&5
configure:5292: $? = 0
configure:5292: result: yes
configure:5292: checking for wchar.h
configure:5292: gcc -c   conftest.c >&5
configure:5292: $? = 0
configure:5292: result: yes
configure:5292: checking for minix/config.h
configure:5292: gcc -c   conftest.c >&5
conftest.c:51:10: fatal error: minix/config.h: No such file or directory
   51 | #include <minix/config.h>
      |          ^~~~~~~~~~~~~~~~
compilation terminated.
configure:5292: $? = 1
configure: failed program was:
| /* confdefs.h */
| #define PACKAGE_NAME "lvdshared-plugin"
| #define PACKAGE_TARNAME "lvdshared-plugin"
| #define PACKAGE_VERSION "0.0.1"
| #define PACKAGE_STRING "lvdshared-plugin 0.0.1"
| #define PACKAGE_BUGREPORT "veejay-users@lists.sourceforge.net"
| #define PACKAGE_URL ""
| #define PACKAGE "lvdshared-plugin"
| #define VERSION "0.0.1"
| #define VEEJAYUTIL 1
| #define HAVE_CONFIG_H 1
| #define HAVE_STDIO_H 1
| #define HAVE_STDLIB_H 1
| #define HAVE_STRING_H 1
| #define HAVE_INTTYPES_H 1
| #define HAVE_STDINT_H 1
| #define HAVE_STRINGS_H 1
| #define HAVE_SYS_STAT_H 1
| #define HAVE_SYS_TYPES_H 1
| #define HAVE_UNISTD_H 1
| #define HAVE_WCHAR_H 1
| /* end confdefs.h.  */
| #include <stddef.h>
| #ifdef HAVE_STDIO_H
| # include <stdio.h>
| #endif
| #ifdef HAVE_STDLIB_H
| # include <stdlib.h>
| #endif
| #ifdef HAVE_STRING_H
| # include <string.h>
| #endif
| #ifdef HAVE_INTTYPES_H
| # include <inttypes.h>
| #endif
| #ifdef HAVE_STDINT_H
| # include <stdint.h>
| #endif
| #ifdef HAVE_STRINGS_H
| # include <strings.h>
| #endif
| #ifdef HAVE_SYS_TYPES_H
| # include <sys/types.h>
| #endif
| #ifdef HAVE_SYS_STAT_H
| # include <sys/stat.h>
| #endif
| #ifdef HAVE_UNISTD_H
| # include <unistd.h>
| #endif
| #include <minix/config.h>
configure:5292: result: no
configure:5323: checking whether it is safe to define __EXTENSIONS__
configure:5342: gcc -c   conftest.c >&5
configure:5342: $? = 0
configure:5350: result: yes
configure:5353: checking whether _XOPEN_SOURCE should be defined
configure:5375: gcc -c   conftest.c >&5
configure:5375: $? = 0
configure:5402: result: no
configure:5506: checking how to print strings
configure:5533: result: printf
configure:5554: checking for a sed that does not truncate output
configure:5624: result: /usr/bin/sed
configure:5642: checking for grep that handles long lines and -e
configure:5706: result: /usr/bin/grep
configure:5711: checking for egrep
configure:5779: result: /usr/bin/grep -E
configure:5784: checking for fgrep
configure:5852: result: /usr/bin/grep -F
configure:5888: checking for ld used by gcc
configure:5956: result: /usr/bin/ld
configure:5963: checking if the linker (/usr/bin/ld) is GNU ld
configure:5979: result: yes
configure:5991: checking for BSD- or MS-compatible name lister (nm)
configure:6046: result: /usr/bin/nm -B
configure:6186: checking the name lister (/usr/bin/nm -B) interface
configure:6194: gcc -c   conftest.c >&5
configure:6197: /usr/bin/nm -B "conftest.o"
configure:6200: output
0000000000000000 B some_variable
configure:6207: result: BSD nm
configure:6210: checking whether ln -s works
configure:6214: result: yes
configure:6222: checking the maximum length of command line arguments
configure:6354: result: 1572864
configure:6402: checking how to convert x86_64-pc-linux-gnu file names to x86_64-pc-linux-gnu format
configure:6443: result: func_convert_file_noop
configure:6450: checking how to convert x86_64-pc-linux-gnu file names to toolchain format
configure:6471: result: func_convert_file_noop
configure:6478: checking for /usr/bin/ld option to reload object files
configure:6486: result: -r
configure:6565: checking for file
configure:6586: found /usr/bin/file
configure:6597: result: file
configure:6673: checking for objdump
configure:6694: found /usr/bin/objdump
configure:6705: result: objdump
configure:6737: checking how to recognize dependent libraries
configure:6938: result: pass_all
configure:7028: checking for dlltool
configure:7063: result: no
configure:7093: checking how to associate runtime and link libraries
configure:7121: result: printf %s\n
configure:7186: checking for ar
configure:7207: found /usr/bin/ar
configure:7218: result: ar
configure:7271: checking for archiver @FILE support
configure:7289: gcc -c   conftest.c >&5
configure:7289: $? = 0
configure:7293: ar cr libconftest.a @conftest.lst >&5
configure:7296: $? = 0
configure:7301: ar cr libconftest.a @conftest.lst >&5
ar: conftest.o: No such file or directory
configure:7304: $? = 1
configure:7316: result: @
configure:7379: checking for strip
configure:7400: found /usr/bin/strip
configure:7411: result: strip
configure:7488: checking for ranlib
configure:7509: found /usr/bin/ranlib
configure:7520: result: ranlib
configure:7622: checking command to parse /usr/bin/nm -B output from gcc object
configure:7776: gcc -c   conftest.c >&5
configure:7779: $? = 0
configure:7783: /usr/bin/nm -B conftest.o | /usr/bin/sed -n -e 's/^.*[	 ]\([ABCDGIRSTW][ABCDGIRSTW]*\)[	 ][	 ]*\([_A-Za-z][_A-Za-z0-9]*\)$/\1 \2 \2/p' | /usr/bin/sed '/ __gnu_lto/d' > conftest.nm
configure:7849: gcc -o conftest    conftest.c conftstm.o >&5
configure:7852: $? = 0
configure:7890: result: ok
configure:7937: checking for sysroot
configure:7968: result: no
configure:7975: checking for a working dd
configure:8019: result: /usr/bin/dd
configure:8023: checking how to truncate binary pipes
configure:8039: result: /usr/bin/dd bs=4096 count=1
configure:8176: gcc -c   conftest.c >&5
configure:8179: $? = 0
configure:8376: checking for mt
configure:8397: found /usr/bin/mt
configure:8408: result: mt
configure:8431: checking if mt is a manifest tool
configure:8438: mt '-?'
configure:8446: result: no
configure:9167: checking for dlfcn.h
configure:9167: gcc -c   conftest.c >&5
configure:9167: $? = 0
configure:9167: result: yes
configure:9426: checking for objdir
configure:9442: result: .libs
configure:9706: checking if gcc supports -fno-rtti -fno-exceptions
configure:9725: gcc -c   -fno-rtti -fno-exceptions conftest.c >&5
cc1: warning: command-line option '-fno-rtti' is valid for C++/D/ObjC++ but not for C
configure:9729: $? = 0
configure:9742: result: no
configure:10106: checking for gcc option to produce PIC
configure:10114: result: -fPIC -DPIC
configure:10122: checking if gcc PIC flag -fPIC -DPIC works
configure:10141: gcc -c   -fPIC -DPIC -DPIC conftest.c >&5
configure:10145: $? = 0
configure:10158: result: yes
configure:10187: checking if gcc static flag -static works
configure:10216: result: yes
configure:10231: checking if gcc supports -c -o file.o
configure:10253: gcc -c   -o out/conftest2.o conftest.c >&5
configure:10257: $? = 0
configure:10279: result: yes
configure:10287: checking if gcc supports -c -o file.o
configure:10335: result: yes
configure:10368: checking whether the gcc linker (/usr/bin/ld -m elf_x86_64) supports shared libraries
configure:11642: result: yes
configure:11679: checking whether -lc should be explicitly linked in
configure:11688: gcc -c   conftest.c >&5
configure:11691: $? = 0
configure:11706: gcc -shared  -fPIC -DPIC conftest.o  -v -Wl,-soname -Wl,conftest -o conftest 2\>\&1 \| /usr/bin/grep  -lc  \>/dev/null 2\>\&1
configure:11709: $? = 0
configure:11723: result: no
configure:11883: checking dynamic linker characteristics
configure:12465: gcc -o conftest    -Wl,-rpath -Wl,/foo conftest.c  >&5
configure:12465: $? = 0
configure:12716: result: GNU/Linux ld.so
configure:12838: checking how to hardcode library paths into programs
configure:12863: result: immediate
configure:13415: checking whether stripping libraries is possible
configure:13424: result: yes
configure:13466: checking if libtool supports shared libraries
configure:13468: result: yes
configure:13471: checking whether to build shared libraries
configure:13496: result: yes
configure:13499: checking whether to build static libraries
configure:13503: result: yes
configure:13545: checking for gawk
configure:13577: result: gawk
configure:13641: checking for gcc
configure:13673: result: gcc
configure:14026: checking for C compiler version
configure:14035: gcc --version >&5
gcc (Ubuntu 13.3.0-6ubuntu2~24.04) 13.3.0
Copyright (C) 2023 Free Software Foundation, Inc.
This is free software; see the source for copying conditions.  There is NO
warranty; not even for MERCHANTABILITY or FITNESS FOR A PARTICULAR PURPOSE.

configure:14046: $? = 0
configure:14035: gcc -v >&5
Using built-in specs.
COLLECT_GCC=gcc
COLLECT_LTO_WRAPPER=/usr/libexec/gcc/x86_64-linux-gnu/13/lto-wrapper
OFFLOAD_TARGET_NAMES=nvptx-none:amdgcn-amdhsa
OFFLOAD_TARGET_DEFAULT=1
Target: x86_64-linux-gnu
Configured with: ../src/configure -v --with-pkgversion='Ubuntu 13.3.0-6ubuntu2~24.04' --with-bugurl=file:///usr/share/doc/gcc-13/README.Bugs --enable-languages=c,ada,c++,go,d,fortran,objc,obj-c++,m2 --prefix=/usr --with-gcc-major-version-only --program-suffix=-13 --program-prefix=x86_64-linux-gnu- --enable-shared --enable-linker-build-id --libexecdir=/usr/libexec --without-included-gettext --enable-threads=posix --libdir=/usr/lib --enable-nls --enable-bootstrap --enable-clocale=gnu --enable-libstdcxx-debug --enable-libstdcxx-time=yes --with-default-libstdcxx-abi=new --enable-libstdcxx-backtrace --enable-gnu-unique-object --disable-vtable-verify --enable-plugin --enable-default-pie --with-system-zlib --enable-libphobos-checking=release --with-target-system-zlib=auto --enable-objc-gc=auto --enable-multiarch --disable-werror --enable-cet --with-arch-32=i686 --with-abi=m64 --with-multilib-list=m32,m64,mx32 --enable-multilib --with-tune=generic --enable-offload-targets=nvptx-none=/build/gcc-13-fG75Ri/gcc-13-13.3.0/debian/tmp-nvptx/usr,amdgcn-amdhsa=/build/gcc-13-fG75Ri/gcc-13-13.3.0/debian/tmp-gcn/usr --enable-offload-defaulted --without-cuda-driver --enable-checking=release --build=x86_64-linux-gnu --host=x86_64-linux-gnu --target=x86_64-linux-gnu --with-build-config=bootstrap-lto-lean --enable-link-serialization=2
Thread model: posix
Supported LTO compression algorithms: zlib zstd
gcc version 13.3.0 (Ubuntu 13.3.0-6ubuntu2~24.04) 
... rest of stderr output deleted ...
configure:14046: $? = 0
configure:14035: gcc -V >&5
gcc: error: unrecognized command-line option '-V'
gcc: fatal error: no input files
compilation terminated.
configure:14046: $? = 1
configure:14035: gcc -qversion >&5
gcc: error: unrecognized command-line option '-qversion'; did you mean '--version'?
gcc: fatal error: no input files
compilation terminated.
configure:14046: $? = 1
configure:14035: gcc -version >&5
gcc: error: unrecognized command-line option '-version'
gcc: fatal error: no input files
compilation terminated.
configure:14046: $? = 1
configure:14050: checking whether the compiler supports GNU C
configure:14080: result: yes
configure:14091: checking whether gcc accepts -g
configure:14156: result: yes
configure:14176: checking for gcc option to enable C11 features
configure:14209: result: none needed
configure:14325: checking whether gcc understands -c and -o together
configure:14363: result: yes
configure:14382: checking dependency style of gcc
configure:14494: result: gcc3
configure:14513: checking for bison
configure:14548: result: no
configure:14513: checking for byacc
configure:14548: result: no
configure:14626: checking for g++
configure:14647: found /usr/bin/g++
configure:14658: result: g++
configure:14685: checking for C++ compiler version
configure:14694: g++ --version >&5
g++ (Ubuntu 13.3.0-6ubuntu2~24.04) 13.3.0
Copyright (C) 2023 Free Software Foundation, Inc.
This is free software; see the source for copying conditions.  There is NO
warranty; not even for MERCHANTABILITY or FITNESS FOR A PARTICULAR PURPOSE.

configure:14705: $? = 0
configure:14694: g++ -v >&5
Using built-in specs.
COLLECT_GCC=g++
COLLECT_LTO_WRAPPER=/usr/libexec/gcc/x86_64-linux-gnu/13/lto-wrapper
OFFLOAD_TARGET_NAMES=nvptx-none:amdgcn-amdhsa
OFFLOAD_TARGET_DEFAULT=1
Target: x86_64-linux-gnu
Configured with: ../src/configure -v --with-pkgversion='Ubuntu 13.3.0-6ubuntu2~24.04' --with-bugurl=file:///usr/share/doc/gcc-13/README.Bugs --enable-languages=c,ada,c++,go,d,fortran,objc,obj-c++,m2 --prefix=/usr --with-gcc-major-version-only --program-suffix=-13 --program-prefix=x86_64-linux-gnu- --enable-shared --enable-linker-build-id --libexecdir=/usr/libexec --without-included-gettext --enable-threads=posix --libdir=/usr/lib --enable-nls --enable-bootstrap --enable-clocale=gnu --enable-libstdcxx-debug --enable-libstdcxx-time=yes --with-default-libstdcxx-abi=new --enable-libstdcxx-backtrace --enable-gnu-unique-object --disable-vtable-verify --enable-plugin --enable-default-pie --with-system-zlib --enable-libphobos-checking=release --with-target-system-zlib=auto --enable-objc-gc=auto --enable-multiarch --disable-werror --enable-cet --with-arch-32=i686 --with-abi=m64 --with-multilib-list=m32,m64,mx32 --enable-multilib --with-tune=generic --enable-offload-targets=nvptx-none=/build/gcc-13-fG75Ri/gcc-13-13.3.0/debian/tmp-nvptx/usr,amdgcn-amdhsa=/build/gcc-13-fG75Ri/gcc-13-13.3.0/debian/tmp-gcn/usr --enable-offload-defaulted --without-cuda-driver --enable-checking=release --build=x86_64-linux-gnu --host=x86_64-linux-gnu --target=x86_64-linux-gnu --with-build-config=bootstrap-lto-lean --enable-link-serialization=2
Thread model: posix
Supported LTO compression algorithms: zlib zstd
gcc version 13.3.0 (Ubuntu 13.3.0-6ubuntu2~24.04) 
... rest of stderr output deleted ...
configure:14705: $? = 0
configure:14694: g++ -V >&5
g++: error: unrecognized command-line option '-V'
g++: fatal error: no input files
compilation terminated.
configure:14705: $? = 1
configure:14694: g++ -qversion >&5
g++: error: unrecognized command-line option '-qversion'; did you mean '--version'?
g++: fatal error: no input files
compilation terminated.
configure:14705: $? = 1
configure:14709: checking whether the compiler supports GNU C++
configure:14729: g++ -c   conftest.cpp >&5
configure:14729: $? = 0
configure:14739: result: yes
configure:14750: checking whether g++ accepts -g
configure:14771: g++ -c -g  conftest.cpp >&5
configure:14771: $? = 0
configure:14815: result: yes
configure:14835: checking for g++ option to enable C++11 features
configure:14850: g++  -c -g -O2  conftest.cpp >&5
conftest.cpp: In function 'int main(int, char**)':
conftest.cpp:208:25: warning: empty parentheses were disambiguated as a function declaration [-Wvexing-parse]
  208 |   cxx11test::delegate d2();
      |                         ^~
conftest.cpp:208:25: note: remove parentheses to default-initialize a variable
  208 |   cxx11test::delegate d2();
      |                         ^~
      |                         --
conftest.cpp:208:25: note: or replace parentheses with braces to value-initialize a variable
configure:14850: $? = 0
configure:14868: result: none needed
configure:14934: checking dependency style of g++
configure:15046: result: gcc3
configure:15079: checking how to run the C++ preprocessor
configure:15101: g++ -E  conftest.cpp
configure:15101: $? = 0
configure:15116: g++ -E  conftest.cpp
conftest.cpp:42:10: fatal error: ac_nonexistent.h: No such file or directory
   42 | #include <ac_nonexistent.h>
      |          ^~~~~~~~~~~~~~~~~~
compilation terminated.
configure:15116: $? = 1
configure: failed program was:
| /* confdefs.h */
| #define PACKAGE_NAME "lvdshared-plugin"
| #define PACKAGE_TARNAME "lvdshared-plugin"
| #define PACKAGE_VERSION "0.0.1"
| #define PACKAGE_STRING "lvdshared-plugin 0.0.1"
| #define PACKAGE_BUGREPORT "veejay-users@lists.sourceforge.net"
| #define PACKAGE_URL ""
| #define PACKAGE "lvdshared-plugin"
| #define VERSION "0.0.1"
| #define VEEJAYUTIL 1
| #define HAVE_CONFIG_H 1
| #define HAVE_STDIO_H 1
| #define HAVE_STDLIB_H 1
| #define HAVE_STRING_H 1
| #define HAVE_INTTYPES_H 1
| #define HAVE_STDINT_H 1
| #define HAVE_STRINGS_H 1
| #define HAVE_SYS_STAT_H 1
| #define HAVE_SYS_TYPES_H 1
| #define HAVE_UNISTD_H 1
| #define HAVE_WCHAR_H 1
| #define STDC_HEADERS 1
| #define _ALL_SOURCE 1
| #define _DARWIN_C_SOURCE 1
| #define _GNU_SOURCE 1
| #define _HPUX_ALT_XOPEN_SOCKET_API 1
| #define _NETBSD_SOURCE 1
| #define _OPENBSD_SOURCE 1
| #define _POSIX_PTHREAD_SEMANTICS 1
| #define __STDC_WANT_IEC_60559_ATTRIBS_EXT__ 1
| #define __STDC_WANT_IEC_60559_BFP_EXT__ 1
| #define __STDC_WANT_IEC_60559_DFP_EXT__ 1
| #define __STDC_WANT_IEC_60559_FUNCS_EXT__ 1
| #define __STDC_WANT_IEC_60559_TYPES_EXT__ 1
| #define __STDC_WANT_LIB_EXT2__ 1
| #define __STDC_WANT_MATH_SPEC_FUNCS__ 1
| #define _TANDEM_SOURCE 1
| #define __EXTENSIONS__ 1
| #define HAVE_DLFCN_H 1
| #define LT_OBJDIR ".libs/"
| /* end confdefs.h.  */
| #include <ac_nonexistent.h>
configure:15143: result: g++ -E
configure:15157: g++ -E  conftest.cpp
configure:15157: $? = 0
configure:15172: g++ -E  conftest.cpp
conftest.cpp:42:10: fatal error: ac_nonexistent.h: No such file or directory
   42 | #include <ac_nonexistent.h>
      |          ^~~~~~~~~~~~~~~~~~
compilation terminated.
configure:15172: $? = 1
configure: failed program was:
| /* confdefs.h */
| #define PACKAGE_NAME "lvdshared-plugin"
| #define PACKAGE_TARNAME "lvdshared-plugin"
| #define PACKAGE_VERSION "0.0.1"
| #define PACKAGE_STRING "lvdshared-plugin 0.0.1"
| #define PACKAGE_BUGREPORT "veejay-users@lists.sourceforge.net"
| #define PACKAGE_URL ""
| #define PACKAGE "lvdshared-plugin"
| #define VERSION "0.0.1"
| #define VEEJAYUTIL 1
| #define HAVE_CONFIG_H 1
| #define HAVE_STDIO_H 1
| #define HAVE_STDLIB_H 1
| #define HAVE_STRING_H 1
| #define HAVE_INTTYPES_H 1
| #define HAVE_STDINT_H 1
| #define HAVE_STRINGS_H 1
| #define HAVE_SYS_STAT_H 1
| #define HAVE_SYS_TYPES_H 1
| #define HAVE_UNISTD_H 1
| #define HAVE_WCHAR_H 1
| #define STDC_HEADERS 1
| #define _ALL_SOURCE 1
| #define _DARWIN_C_SOURCE 1
| #define _GNU_SOURCE 1
| #define _HPUX_ALT_XOPEN_SOCKET_API 1
| #define _NETBSD_SOURCE 1
| #define _OPENBSD_SOURCE 1
| #define _POSIX_PTHREAD_SEMANTICS 1
| #define __STDC_WANT_IEC_60559_ATTRIBS_EXT__ 1
| #define __STDC_WANT_IEC_60559_BFP_EXT__ 1
| #define __STDC_WANT_IEC_60559_DFP_EXT__ 1
| #define __STDC_WANT_IEC_60559_FUNCS_EXT__ 1
| #define __STDC_WANT_IEC_60559_TYPES_EXT__ 1
| #define __STDC_WANT_LIB_EXT2__ 1
| #define __STDC_WANT_MATH_SPEC_FUNCS__ 1
| #define _TANDEM_SOURCE 1
| #define __EXTENSIONS__ 1
| #define HAVE_DLFCN_H 1
| #define LT_OBJDIR ".libs/"
| /* end confdefs.h.  */
| #include <ac_nonexistent.h>
configure:15337: checking for ld used by g++
configure:15405: result: /usr/bin/ld -m elf_x86_64
configure:15412: checking if the linker (/usr/bin/ld -m elf_x86_64) is GNU ld
configure:15428: result: yes
configure:15483: checking whether the g++ linker (/usr/bin/ld -m elf_x86_64) supports shared libraries
configure:16561: result: yes
configure:16597: g++ -c -g -O2  conftest.cpp >&5
configure:16600: $? = 0
configure:17081: checking for g++ option to produce PIC
configure:17089: result: -fPIC -DPIC
configure:17097: checking if g++ PIC flag -fPIC -DPIC works
configure:17116: g++ -c -g -O2  -fPIC -DPIC -DPIC conftest.cpp >&5
configure:17120: $? = 0
configure:17133: result: yes
configure:17156: checking if g++ static flag -static works
configure:17185: result: yes
configure:17197: checking if g++ supports -c -o file.o
configure:17219: g++ -c -g -O2  -o out/conftest2.o conftest.cpp >&5
configure:17223: $? = 0
configure:17245: result: yes
configure:17250: checking if g++ supports -c -o file.o
configure:17298: result: yes
configure:17328: checking whether the g++ linker (/usr/bin/ld -m elf_x86_64) supports shared libraries
configure:17371: result: yes
configure:17513: checking dynamic linker characteristics
configure:18273: result: GNU/Linux ld.so
configure:18338: checking how to hardcode library paths into programs
configure:18363: result: immediate
configure:18404: checking whether ln -s works
configure:18408: result: yes
configure:18415: checking whether byte ordering is bigendian
configure:18431: gcc -c   conftest.c >&5
conftest.c:43:16: error: unknown type name 'not'
   43 |                not a universal capable compiler
      |                ^~~
conftest.c:43:22: error: expected '=', ',', ';', 'asm' or '__attribute__' before 'universal'
   43 |                not a universal capable compiler
      |                      ^~~~~~~~~
conftest.c:43:22: error: unknown type name 'universal'
configure:18431: $? = 1
configure: failed program was:
| /* confdefs.h */
| #define PACKAGE_NAME "lvdshared-plugin"
| #define PACKAGE_TARNAME "lvdshared-plugin"
| #define PACKAGE_VERSION "0.0.1"
| #define PACKAGE_STRING "lvdshared-plugin 0.0.1"
| #define PACKAGE_BUGREPORT "veejay-users@lists.sourceforge.net"
| #define PACKAGE_URL ""
| #define PACKAGE "lvdshared-plugin"
| #define VERSION "0.0.1"
| #define VEEJAYUTIL 1
| #define HAVE_CONFIG_H 1
| #define HAVE_STDIO_H 1
| #define HAVE_STDLIB_H 1
| #define HAVE_STRING_H 1
| #define HAVE_INTTYPES_H 1
| #define HAVE_STDINT_H 1
| #define HAVE_STRINGS_H 1
| #define HAVE_SYS_STAT_H 1
| #define HAVE_SYS_TYPES_H 1
| #define HAVE_UNISTD_H 1
| #define HAVE_WCHAR_H 1
| #define STDC_HEADERS 1
| #define _ALL_SOURCE 1
| #define _DARWIN_C_SOURCE 1
| #define _GNU_SOURCE 1
| #define _HPUX_ALT_XOPEN_SOCKET_API 1
| #define _NETBSD_SOURCE 1
| #define _OPENBSD_SOURCE 1
| #define _POSIX_PTHREAD_SEMANTICS 1
| #define __STDC_WANT_IEC_60559_ATTRIBS_EXT__ 1
| #define __STDC_WANT_IEC_60559_BFP_EXT__ 1
| #define __STDC_WANT_IEC_60559_DFP_EXT__ 1
| #define __STDC_WANT_IEC_60559_FUNCS_EXT__ 1
| #define __STDC_WANT_IEC_60559_TYPES_EXT__ 1
| #define __STDC_WANT_LIB_EXT2__ 1
| #define __STDC_WANT_MATH_SPEC_FUNCS__ 1
| #define _TANDEM_SOURCE 1
| #define __EXTENSIONS__ 1
| #define HAVE_DLFCN_H 1
| #define LT_OBJDIR ".libs/"
| /* end confdefs.h.  */
| #ifndef __APPLE_CC__
| 	       not a universal capable compiler
| 	     #endif
| 	     typedef int dummy;
| 
configure:18477: gcc -c   conftest.c >&5
configure:18477: $? = 0
configure:18496: gcc -c   conftest.c >&5
conftest.c: In function 'main':
conftest.c:49:18: error: unknown type name 'not'; did you mean 'ino_t'?
   49 |                  not big endian
      |                  ^~~
      |                  ino_t
conftest.c:49:26: error: expected '=', ',', ';', 'asm' or '__attribute__' before 'endian'
   49 |                  not big endian
      |                          ^~~~~~
configure:18496: $? = 1
configure: failed program was:
| /* confdefs.h */
| #define PACKAGE_NAME "lvdshared-plugin"
| #define PACKAGE_TARNAME "lvdshared-plugin"
| #define PACKAGE_VERSION "0.0.1"
| #define PACKAGE_STRING "lvdshared-plugin 0.0.1"
| #define PACKAGE_BUGREPORT "veejay-users@lists.sourceforge.net"
| #define PACKAGE_URL ""
| #define PACKAGE "lvdshared-plugin"
| #define VERSION "0.0.1"
| #define VEEJAYUTIL 1
| #define HAVE_CONFIG_H 1
| #define HAVE_STDIO_H 1
| #define HAVE_STDLIB_H 1
| #define HAVE_STRING_H 1
| #define HAVE_INTTYPES_H 1
| #define HAVE_STDINT_H 1
| #define HAVE_STRINGS_H 1
| #define HAVE_SYS_STAT_H 1
| #define HAVE_SYS_TYPES_H 1
| #define HAVE_UNISTD_H 1
| #define HAVE_WCHAR_H 1
| #define STDC_HEADERS 1
| #define _ALL_SOURCE 1
| #define _DARWIN_C_SOURCE 1
| #define _GNU_SOURCE 1
| #define _HPUX_ALT_XOPEN_SOCKET_API 1
| #define _NETBSD_SOURCE 1
| #define _OPENBSD_SOURCE 1
| #define _POSIX_PTHREAD_SEMANTICS 1
| #define __STDC_WANT_IEC_60559_ATTRIBS_EXT__ 1
| #define __STDC_WANT_IEC_60559_BFP_EXT__ 1
| #define __STDC_WANT_IEC_60559_DFP_EXT__ 1
| #define __STDC_WANT_IEC_60559_FUNCS_EXT__ 1
| #define __STDC_WANT_IEC_60559_TYPES_EXT__ 1
| #define __STDC_WANT_LIB_EXT2__ 1
| #define __STDC_WANT_MATH_SPEC_FUNCS__ 1
| #define _TANDEM_SOURCE 1
| #define __EXTENSIONS__ 1
| #define HAVE_DLFCN_H 1
| #define LT_OBJDIR ".libs/"
| /* end confdefs.h.  */
| #include <sys/types.h>
| 		#include <sys/param.h>
| 
| int
| main (void)
| {
| #if BYTE_ORDER != BIG_ENDIAN
| 		 not big endian
| 		#endif
| 
|   ;
|   return 0;
| }
configure:18630: result: no
configure:18648: checking for an ANSI C-conforming const
configure:18715: gcc -c   conftest.c >&5
configure:18715: $? = 0
configure:18723: result: yes
configure:18731: checking for inline
configure:18748: gcc -c   conftest.c >&5
configure:18748: $? = 0
configure:18757: result: inline
configure:18783: checking for special C compiler options needed for large files
configure:18831: result: no
configure:18837: checking for _FILE_OFFSET_BITS value needed for large files
configure:18863: gcc -c   conftest.c >&5
configure:18863: $? = 0
configure:18897: result: no
configure:18989: checking dependency style of gcc
configure:19099: result: gcc3
configure:19115: checking for fenv.h
configure:19115: gcc -c   conftest.c >&5
configure:19115: $? = 0
configure:19115: result: yes
configure:19121: checking for stdint.h
configure:19121: result: yes
configure:19127: checking for inttypes.h
configure:19127: result: yes
configure:19133: checking for sys/types.h
configure:19133: result: yes
configure:19139: checking for alloca.h
configure:19139: gcc -c   conftest.c >&5
configure:19139: $? = 0
configure:19139: result: yes
configure:19147: checking for posix_memalign
configure:19147: gcc -o conftest    conftest.c  >&5
conftest.c:63:6: warning: conflicting types for built-in function 'posix_memalign'; expected 'int(void **, long unsigned int,  long unsigned int)' [-Wbuiltin-declaration-mismatch]
   63 | char posix_memalign ();
      |      ^~~~~~~~~~~~~~
configure:19147: $? = 0
configure:19147: result: yes
configure:19153: checking for memalign
configure:19153: gcc -o conftest    conftest.c  >&5
configure:19153: $? = 0
configure:19153: result: yes
configure:19159: checking for fmax
configure:19159: gcc -o conftest    conftest.c  >&5
conftest.c:65:6: warning: conflicting types for built-in function 'fmax'; expected 'double(double,  double)' [-Wbuiltin-declaration-mismatch]
   65 | char fmax ();
      |      ^~~~
conftest.c:57:1: note: 'fmax' is declared in header '<math.h>'
   56 | #include <limits.h>
   57 | #undef fmax
/usr/bin/ld: /tmp/ccMfbgSi.o: in function `main':
conftest.c:(.text+0xe): undefined reference to `fmax'
collect2: error: ld returned 1 exit status
configure:19159: $? = 1
configure: failed program was:
| /* confdefs.h */
| #define PACKAGE_NAME "lvdshared-plugin"
| #define PACKAGE_TARNAME "lvdshared-plugin"
| #define PACKAGE_VERSION "0.0.1"
| #define PACKAGE_STRING "lvdshared-plugin 0.0.1"
| #define PACKAGE_BUGREPORT "veejay-users@lists.sourceforge.net"
| #define PACKAGE_URL ""
| #define PACKAGE "lvdshared-plugin"
| #define VERSION "0.0.1"
| #define VEEJAYUTIL 1
| #define HAVE_CONFIG_H 1
| #define HAVE_STDIO_H 1
| #define HAVE_STDLIB_H 1
| #define HAVE_STRING_H 1
| #define HAVE_INTTYPES_H 1
| #define HAVE_STDINT_H 1
| #define HAVE_STRINGS_H 1
| #define HAVE_SYS_STAT_H 1
| #define HAVE_SYS_TYPES_H 1
| #define HAVE_UNISTD_H 1
| #define HAVE_WCHAR_H 1
| #define STDC_HEADERS 1
| #define _ALL_SOURCE 1
| #define _DARWIN_C_SOURCE 1
| #define _GNU_SOURCE 1
| #define _HPUX_ALT_XOPEN_SOCKET_API 1
| #define _NETBSD_SOURCE 1
| #define _OPENBSD_SOURCE 1
| #define _POSIX_PTHREAD_SEMANTICS 1
| #define __STDC_WANT_IEC_60559_ATTRIBS_EXT__ 1
| #define __STDC_WANT_IEC_60559_BFP_EXT__ 1
| #define __STDC_WANT_IEC_60559_DFP_EXT__ 1
| #define __STDC_WANT_IEC_60559_FUNCS_EXT__ 1
| #define __STDC_WANT_IEC_60559_TYPES_EXT__ 1
| #define __STDC_WANT_LIB_EXT2__ 1
| #define __STDC_WANT_MATH_SPEC_FUNCS__ 1
| #define _TANDEM_SOURCE 1
| #define __EXTENSIONS__ 1
| #define HAVE_DLFCN_H 1
| #define LT_OBJDIR ".libs/"
| #define HAVE_FENV_H 1
| #define HAVE_STDINT_H 1
| #define HAVE_INTTYPES_H 1
| #define HAVE_SYS_TYPES_H 1
| #define HAVE_ALLOCA_H 1
| #define HAVE_POSIX_MEMALIGN 1
| #define HAVE_MEMALIGN 1
| /* end confdefs.h.  */
| /* Define fmax to an innocuous variant, in case <limits.h> declares fmax.
|    For example, HP-UX 11i <limits.h> declares gettimeofday.  */
| #define fmax innocuous_fmax
| 
| /* System header to define __stub macros and hopefully few prototypes,
|    which can conflict with char fmax (); below.  */
| 
| #include <limits.h>
| #undef fmax
| 
| /* Override any GCC internal prototype to avoid an error.
|    Use char because int might match the return type of a GCC
|    builtin and then its argument prototype would still apply.  */
| #ifdef __cplusplus
| extern "C"
| #endif
| char fmax ();
| /* The GNU C library defines this for functions which it implements
|     to always fail with ENOSYS.  Some functions are actually named
|     something starting with __ and the normal name is an alias.  */
| #if defined __stub_fmax || defined __stub___fmax
| choke me
| #endif
| 
| int
| main (void)
| {
| return fmax ();
|   ;
|   return 0;
| }
configure:19159: result: no
configure:19165: checking for lround
configure:19165: gcc -o conftest    conftest.c  >&5
conftest.c:65:6: warning: conflicting types for built-in function 'lround'; expected 'long int(double)' [-Wbuiltin-declaration-mismatch]
   65 | char lround ();
      |      ^~~~~~
conftest.c:57:1: note: 'lround' is declared in header '<math.h>'
   56 | #include <limits.h>
   57 | #undef lround
/usr/bin/ld: /tmp/ccv5faap.o: in function `main':
conftest.c:(.text+0xe): undefined reference to `lround'
collect2: error: ld returned 1 exit status
configure:19165: $? = 1
configure: failed program was:
| /* confdefs.h */
| #define PACKAGE_NAME "lvdshared-plugin"
| #define PACKAGE_TARNAME "lvdshared-plugin"
| #define PACKAGE_VERSION "0.0.1"
| #define PACKAGE_STRING "lvdshared-plugin 0.0.1"
| #define PACKAGE_BUGREPORT "veejay-users@lists.sourceforge.net"
| #define PACKAGE_URL ""
| #define PACKAGE "lvdshared-plugin"
| #define VERSION "0.0.1"
| #define VEEJAYUTIL 1
| #define HAVE_CONFIG_H 1
| #define HAVE_STDIO_H 1
| #define HAVE_STDLIB_H 1
| #define HAVE_STRING_H 1
| #define HAVE_INTTYPES_H 1
| #define HAVE_STDINT_H 1
| #define HAVE_STRINGS_H 1
| #define HAVE_SYS_STAT_H 1
| #define HAVE_SYS_TYPES_H 1
| #define HAVE_UNISTD_H 1
| #define HAVE_WCHAR_H 1
| #define STDC_HEADERS 1
| #define _ALL_SOURCE 1
| #define _DARWIN_C_SOURCE 1
| #define _GNU_SOURCE 1
| #define _HPUX_ALT_XOPEN_SOCKET_API 1
| #define _NETBSD_SOURCE 1
| #define _OPENBSD_SOURCE 1
| #define _POSIX_PTHREAD_SEMANTICS 1
| #define __STDC_WANT_IEC_60559_ATTRIBS_EXT__ 1
| #define __STDC_WANT_IEC_60559_BFP_EXT__ 1
| #define __STDC_WANT_IEC_60559_DFP_EXT__ 1
| #define __STDC_WANT_IEC_60559_FUNCS_EXT__ 1
| #define __STDC_WANT_IEC_60559_TYPES_EXT__ 1
| #define __STDC_WANT_LIB_EXT2__ 1
| #define __STDC_WANT_MATH_SPEC_FUNCS__ 1
| #define _TANDEM_SOURCE 1
| #define __EXTENSIONS__ 1
| #define HAVE_DLFCN_H 1
| #define LT_OBJDIR ".libs/"
| #define HAVE_FENV_H 1
| #define HAVE_STDINT_H 1
| #define HAVE_INTTYPES_H 1
| #define HAVE_SYS_TYPES_H 1
| #define HAVE_ALLOCA_H 1
| #define HAVE_POSIX_MEMALIGN 1
| #define HAVE_MEMALIGN 1
| /* end confdefs.h.  */
| /* Define lround to an innocuous variant, in case <limits.h> declares lround.
|    For example, HP-UX 11i <limits.h> declares gettimeofday.  */
| #define lround innocuous_lround
| 
| /* System header to define __stub macros and hopefully few prototypes,
|    which can conflict with char lround (); below.  */
| 
| #include <limits.h>
| #undef lround
| 
| /* Override any GCC internal prototype to avoid an error.
|    Use char because int might match the return type of a GCC
|    builtin and then its argument prototype would still apply.  */
| #ifdef __cplusplus
| extern "C"
| #endif
| char lround ();
| /* The GNU C library defines this for functions which it implements
|     to always fail with ENOSYS.  Some functions are actually named
|     something starting with __ and the normal name is an alias.  */
| #if defined __stub_lround || defined __stub___lround
| choke me
| #endif
| 
| int
| main (void)
| {
| return lround ();
|   ;
|   return 0;
| }
configure:19165: result: no
configure:19171: checking for pow
configure:19171: gcc -o conftest    conftest.c  >&5
conftest.c:65:6: warning: conflicting types for built-in function 'pow'; expected 'double(double,  double)' [-Wbuiltin-declaration-mismatch]
   65 | char pow ();
      |      ^~~
conftest.c:57:1: note: 'pow' is declared in header '<math.h>'
   56 | #include <limits.h>
   57 | #undef pow
/usr/bin/ld: /tmp/ccHXOdY1.o: in function `main':
conftest.c:(.text+0xe): undefined reference to `pow'
collect2: error: ld returned 1 exit status
configure:19171: $? = 1
configure: failed program was:
| /* confdefs.h */
| #define PACKAGE_NAME "lvdshared-plugin"
| #define PACKAGE_TARNAME "lvdshared-plugin"
| #define PACKAGE_VERSION "0.0.1"
| #define PACKAGE_STRING "lvdshared-plugin 0.0.1"
| #define PACKAGE_BUGREPORT "veejay-users@lists.sourceforge.net"
| #define PACKAGE_URL ""
| #define PACKAGE "lvdshared-plugin"
| #define VERSION "0.0.1"
| #define VEEJAYUTIL 1
| #define HAVE_CONFIG_H 1
| #define HAVE_STDIO_H 1
| #define HAVE_STDLIB_H 1
| #define HAVE_STRING_H 1
| #define HAVE_INTTYPES_H 1
| #define HAVE_STDINT_H 1
| #define HAVE_STRINGS_H 1
| #define HAVE_SYS_STAT_H 1
| #define HAVE_SYS_TYPES_H 1
| #define HAVE_UNISTD_H 1
| #define HAVE_WCHAR_H 1
| #define STDC_HEADERS 1
| #define _ALL_SOURCE 1
| #define _DARWIN_C_SOURCE 1
| #define _GNU_SOURCE 1
| #define _HPUX_ALT_XOPEN_SOCKET_API 1
| #define _NETBSD_SOURCE 1
| #define _OPENBSD_SOURCE 1
| #define _POSIX_PTHREAD_SEMANTICS 1
| #define __STDC_WANT_IEC_60559_ATTRIBS_EXT__ 1
| #define __STDC_WANT_IEC_60559_BFP_EXT__ 1
| #define __STDC_WANT_IEC_60559_DFP_EXT__ 1
| #define __STDC_WANT_IEC_60559_FUNCS_EXT__ 1
| #define __STDC_WANT_IEC_60559_TYPES_EXT__ 1
| #define __STDC_WANT_LIB_EXT2__ 1
| #define __STDC_WANT_MATH_SPEC_FUNCS__ 1
| #define _TANDEM_SOURCE 1
| #define __EXTENSIONS__ 1
| #define HAVE_DLFCN_H 1
| #define LT_OBJDIR ".libs/"
| #define HAVE_FENV_H 1
| #define HAVE_STDINT_H 1
| #define HAVE_INTTYPES_H 1
| #define HAVE_SYS_TYPES_H 1
| #define HAVE_ALLOCA_H 1
| #define HAVE_POSIX_MEMALIGN 1
| #define HAVE_MEMALIGN 1
| /* end confdefs.h.  */
| /* Define pow to an innocuous variant, in case <limits.h> declares pow.
|    For example, HP-UX 11i <limits.h> declares gettimeofday.  */
| #define pow innocuous_pow
| 
| /* System header to define __stub macros and hopefully few prototypes,
|    which can conflict with char pow (); below.  */
| 
| #include <limits.h>
| #undef pow
| 
| /* Override any GCC internal prototype to avoid an error.
|    Use char because int might match the return type of a GCC
|    builtin and then its argument prototype would still apply.  */
| #ifdef __cplusplus
| extern "C"
| #endif
| char pow ();
| /* The GNU C library defines this for functions which it implements
|     to always fail with ENOSYS.  Some functions are actually named
|     something starting with __ and the normal name is an alias.  */
| #if defined __stub_pow || defined __stub___pow
| choke me
| #endif
| 
| int
| main (void)
| {
| return pow ();
|   ;
|   return 0;
| }
configure:19171: result: no
configure:19177: checking for bzero
configure:19177: gcc -o conftest    conftest.c  >&5
conftest.c:65:6: warning: conflicting types for built-in function 'bzero'; expected 'void(void *, long unsigned int)' [-Wbuiltin-declaration-mismatch]
   65 | char bzero ();
      |      ^~~~~
configure:19177: $? = 0
configure:19177: result: yes
configure:19183: checking for gettimeofday
configure:19183: gcc -o conftest    conftest.c  >&5
configure:19183: $? = 0
configure:19183: result: yes
configure:19189: checking for memset
configure:19189: gcc -o conftest    conftest.c  >&5
conftest.c:67:6: warning: conflicting types for built-in function 'memset'; expected 'void *(void *, int,  long unsigned int)' [-Wbuiltin-declaration-mismatch]
   67 | char memset ();
      |      ^~~~~~
conftest.c:59:1: note: 'memset' is declared in header '<string.h>'
   58 | #include <limits.h>
   59 | #undef memset
configure:19189: $? = 0
configure:19189: result: yes
configure:19195: checking for mmap
configure:19195: gcc -o conftest    conftest.c  >&5
configure:19195: $? = 0
configure:19195: result: yes
configure:19201: checking for strndup
configure:19201: gcc -o conftest    conftest.c  >&5
conftest.c:69:6: warning: conflicting types for built-in function 'strndup'; expected 'char *(const char *, long unsigned int)' [-Wbuiltin-declaration-mismatch]
   69 | char strndup ();
      |      ^~~~~~~
configure:19201: $? = 0
configure:19201: result: yes
configure:19207: checking for strstr
configure:19207: gcc -o conftest    conftest.c  >&5
conftest.c:70:6: warning: conflicting types for built-in function 'strstr'; expected 'char *(const char *, const char *)' [-Wbuiltin-declaration-mismatch]
   70 | char strstr ();
      |      ^~~~~~
conftest.c:62:1: note: 'strstr' is declared in header '<string.h>'
   61 | #include <limits.h>
   62 | #undef strstr
configure:19207: $? = 0
configure:19207: result: yes
configure:19213: checking for strncasecmp
configure:19213: gcc -o conftest    conftest.c  >&5
conftest.c:71:6: warning: conflicting types for built-in function 'strncasecmp'; expected 'int(const char *, const char *, long unsigned int)' [-Wbuiltin-declaration-mismatch]
   71 | char strncasecmp ();
      |      ^~~~~~~~~~~
configure:19213: $? = 0
configure:19213: result: yes
configure:19220: checking for sched_get_priority_max
configure:19220: gcc -o conftest    conftest.c  >&5
configure:19220: $? = 0
configure:19220: result: yes
configure:19227: checking for select
configure:19227: gcc -o conftest    conftest.c  >&5
configure:19227: $? = 0
configure:19227: result: yes
configure:19233: checking for socket
configure:19233: gcc -o conftest    conftest.c  >&5
configure:19233: $? = 0
configure:19233: result: yes
configure:19239: checking for getpagesize
configure:19239: gcc -o conftest    conftest.c  >&5
configure:19239: $? = 0
configure:19239: result: yes
configure:19245: checking for memcpy
configure:19245: gcc -o conftest    conftest.c  >&5
conftest.c:76:6: warning: conflicting types for built-in function 'memcpy'; expected 'void *(void *, const void *, long unsigned int)' [-Wbuiltin-declaration-mismatch]
   76 | char memcpy ();
      |      ^~~~~~
conftest.c:68:1: note: 'memcpy' is declared in header '<string.h>'
   67 | #include <limits.h>
   68 | #undef memcpy
configure:19245: $? = 0
configure:19245: result: yes
configure:19253: checking for getopt_long
configure:19253: gcc -o conftest    conftest.c  >&5
configure:19253: $? = 0
configure:19253: result: yes
configure:19312: checking size of int
configure:19318: gcc -o conftest    conftest.c  >&5
configure:19318: $? = 0
configure:19318: ./conftest
configure:19318: $? = 0
configure:19333: result: 4
configure:19345: checking size of long int
configure:19351: gcc -o conftest    conftest.c  >&5
configure:19351: $? = 0
configure:19351: ./conftest
configure:19351: $? = 0
configure:19366: result: 8
configure:19378: checking size of size_t
configure:19384: gcc -o conftest    conftest.c  >&5
configure:19384: $? = 0
configure:19384: ./conftest
configure:19384: $? = 0
configure:19399: result: 8
configure:19411: checking size of float
configure:19417: gcc -o conftest    conftest.c  >&5
configure:19417: $? = 0
configure:19417: ./conftest
configure:19417: $? = 0
configure:19432: result: 4
configure:19501: checking for pkg-config
configure:19524: found /usr/bin/pkg-config
configure:19536: result: /usr/bin/pkg-config
configure:19561: checking pkg-config is at least version 0.9.0
configure:19564: result: yes
configure:19574: checking for libavutil >= 49.7.0
configure:19581: $PKG_CONFIG --exists --print-errors "libavutil >= 49.7.0"
configure:19584: $? = 0
configure:19598: $PKG_CONFIG --exists --print-errors "libavutil >= 49.7.0"
configure:19601: $? = 0
configure:19639: result: yes
configure:19656: The host is x86_64-pc-linux-gnu  x86_64  pc  linux-gnu .
configure:19664: checking for linux/version.h
configure:19664: gcc -c   conftest.c >&5
configure:19664: $? = 0
configure:19664: result: yes
configure:19696: The PKG_CONFIG_PATH variable was not set
configure:19698: You should set it to the directories that contain the .pc files
configure:19707: checking for dlopen in -ldl
configure:19730: gcc -o conftest    conftest.c -ldl   >&5
configure:19730: $? = 0
configure:19740: result: yes
configure:19758: checking whether to compile in debugging information
configure:19766: result: no
configure:19769: checking whether to compile in profiling information
configure:19778: result: no
configure:19782: checking Architecture
configure:19923: checking for libavutil >= 49.7.0
configure:19988: result: yes
configure:19994: checking for libswscale >= 0.7.1
configure:20001: $PKG_CONFIG --exists --print-errors "libswscale >= 0.7.1"
configure:20004: $? = 0
configure:20018: $PKG_CONFIG --exists --print-errors "libswscale >= 0.7.1"
configure:20021: $? = 0
configure:20059: result: yes
configure:20079: result: -m64 -fPIC -DPIC -ftree-vectorize -O3 -ffast-math
configure:20090: checking what warning flags to pass to the C compiler
configure:20129: checking for veejaycore >= 1.5.65 
configure:20136: $PKG_CONFIG --exists --print-errors "veejaycore >= 1.5.65 "
configure:20139: $? = 0
configure:20153: $PKG_CONFIG --exists --print-errors "veejaycore >= 1.5.65 "
configure:20156: $? = 0
configure:20194: result: yes
configure:20313: checking that generated files are newer than configure
configure:20319: result: done
configure:20359: creating ./config.status

## ---------------------- ##
## Running config.status. ##
## ---------------------- ##

This file was extended by lvdshared-plugin config.status 0.0.1, which was
generated by GNU Autoconf 2.71.  Invocation command line was

  CONFIG_FILES    = 
  CONFIG_HEADERS  = 
  CONFIG_LINKS    = 
  CONFIG_COMMANDS = 
  $ ./config.status 

on veejay-machine

config.status:1230: creating Makefile
config.status:1230: creating plugins/Makefile
config.status:1230: creating config.h
config.status:1459: executing depfiles commands
config.status:1536: cd plugins       && sed -e '/# am--include-marker/d' Makefile         | make -f - am--depfiles
config.status:1541: $? = 0
config.status:1459: executing libtool commands
configure:22770: WARNING: unrecognized options: --with-ndi, --with-nvjpeg
configure:22778: 
configure:22780:  Livido shared resources 0.0.1 build configuration :
configure:22782: 
configure:22784:  Compiler flags:  -m64 -fPIC -DPIC -ftree-vectorize -O3 -ffast-math -Wall -Wunused  -DSILENT
configure:22786: 
configure:22788:  Architecture: x86_64 
configure:22790: 
configure:22792:   - FFmpeg/AV Swscaler            : true 
configure:22794:   - FFmpeg/AV AVUtil              : true 
configure:22796:   - Veejay Core                   : true 
configure:22799:    Platform: Linux

## ---------------- ##
## Cache variables. ##
## ---------------- ##

ac_cv_build=x86_64-pc-linux-gnu
ac_cv_c_bigendian=no
ac_cv_c_compiler_gnu=yes
ac_cv_c_const=yes
ac_cv_c_inline=inline
ac_cv_cxx_compiler_gnu=yes
ac_cv_env_CCASFLAGS_set=
ac_cv_env_CCASFLAGS_value=
ac_cv_env_CCAS_set=
ac_cv_env_CCAS_value=
ac_cv_env_CCC_set=
ac_cv_env_CCC_value=
ac_cv_env_CC_set=
ac_cv_env_CC_value=
ac_cv_env_CFLAGS_set=
ac_cv_env_CFLAGS_value=
ac_cv_env_CPPFLAGS_set=
ac_cv_env_CPPFLAGS_value=
ac_cv_env_CXXCPP_set=
ac_cv_env_CXXCPP_value=
ac_cv_env_CXXFLAGS_set=
ac_cv_env_CXXFLAGS_value=
ac_cv_env_CXX_set=
ac_cv_env_CXX_value=
ac_cv_env_LDFLAGS_set=
ac_cv_env_LDFLAGS_value=
ac_cv_env_LIBAVUTIL_CFLAGS_set=
ac_cv_env_LIBAVUTIL_CFLAGS_value=
ac_cv_env_LIBAVUTIL_LIBS_set=
ac_cv_env_LIBAVUTIL_LIBS_value=
ac_cv_env_LIBSWSCALE_CFLAGS_set=
ac_cv_env_LIBSWSCALE_CFLAGS_value=
ac_cv_env_LIBSWSCALE_LIBS_set=
ac_cv_env_LIBSWSCALE_LIBS_value=
ac_cv_env_LIBS_set=
ac_cv_env_LIBS_value=
ac_cv_env_LT_SYS_LIBRARY_PATH_set=
ac_cv_env_LT_SYS_LIBRARY_PATH_value=
ac_cv_env_PKG_CONFIG_LIBDIR_set=
ac_cv_env_PKG_CONFIG_LIBDIR_value=
ac_cv_env_PKG_CONFIG_PATH_set=
ac_cv_env_PKG_CONFIG_PATH_value=
ac_cv_env_PKG_CONFIG_set=
ac_cv_env_PKG_CONFIG_value=
ac_cv_env_VEEJAYCORE_CFLAGS_set=
ac_cv_env_VEEJAYCORE_CFLAGS_value=
ac_cv_env_VEEJAYCORE_LIBS_set=
ac_cv_env_VEEJAYCORE_LIBS_value=
ac_cv_env_YACC_set=
ac_cv_env_YACC_value=
ac_cv_env_YFLAGS_set=
ac_cv_env_YFLAGS_value=
ac_cv_env_build_alias_set=
ac_cv_env_build_alias_value=
ac_cv_env_host_alias_set=
ac_cv_env_host_alias_value=
ac_cv_env_target_alias_set=
ac_cv_env_target_alias_value=
ac_cv_func_bzero=yes
ac_cv_func_fmax=no
ac_cv_func_getopt_long=yes
ac_cv_func_getpagesize=yes
ac_cv_func_gettimeofday=yes
ac_cv_func_lround=no
ac_cv_func_memalign=yes
ac_cv_func_memcpy=yes
ac_cv_func_memset=yes
ac_cv_func_mmap=yes
ac_cv_func_posix_memalign=yes
ac_cv_func_pow=no
ac_cv_func_sched_get_priority_max=yes
ac_cv_func_select=yes
ac_cv_func_socket=yes
ac_cv_func_strncasecmp=yes
ac_cv_func_strndup=yes
ac_cv_func_strstr=yes
ac_cv_header_alloca_h=yes
ac_cv_header_dlfcn_h=yes
ac_cv_header_fenv_h=yes
ac_cv_header_inttypes_h=yes
ac_cv_header_linux_version_h=yes
ac_cv_header_minix_config_h=no
ac_cv_header_stdint_h=yes
ac_cv_header_stdio_h=yes
ac_cv_header_stdlib_h=yes
ac_cv_header_string_h=yes
ac_cv_header_strings_h=yes
ac_cv_header_sys_stat_h=yes
ac_cv_header_sys_types_h=yes
ac_cv_header_unistd_h=yes
ac_cv_header_wchar_h=yes
ac_cv_host=x86_64-pc-linux-gnu
ac_cv_lib_dl_dlopen=yes
ac_cv_objext=o
ac_cv_path_EGREP='/usr/bin/grep -E'
ac_cv_path_FGREP='/usr/bin/grep -F'
ac_cv_path_GREP=/usr/bin/grep
ac_cv_path_SED=/usr/bin/sed
ac_cv_path_ac_pt_PKG_CONFIG=/usr/bin/pkg-config
ac_cv_path_install='/usr/bin/install -c'
ac_cv_path_lt_DD=/usr/bin/dd
ac_cv_path_mkdir=/usr/bin/mkdir
ac_cv_prog_AWK=gawk
ac_cv_prog_CXXCPP='g++ -E'
ac_cv_prog_ac_ct_AR=ar
ac_cv_prog_ac_ct_CC=gcc
ac_cv_prog_ac_ct_CXX=g++
ac_cv_prog_ac_ct_FILECMD=file
ac_cv_prog_ac_ct_MANIFEST_TOOL=mt
ac_cv_prog_ac_ct_OBJDUMP=objdump
ac_cv_prog_ac_ct_RANLIB=ranlib
ac_cv_prog_ac_ct_STRIP=strip
ac_cv_prog_cc_c11=
ac_cv_prog_cc_g=yes
ac_cv_prog_cc_stdc=
ac_cv_prog_cxx_cxx11=
ac_cv_prog_cxx_g=yes
ac_cv_prog_cxx_stdcxx=
ac_cv_prog_make_make_set=yes
ac_cv_safe_to_define___extensions__=yes
ac_cv_should_define__xopen_source=no
ac_cv_sizeof_float=4
ac_cv_sizeof_int=4
ac_cv_sizeof_long_int=8
ac_cv_sizeof_size_t=8
ac_cv_sys_file_offset_bits=no
ac_cv_sys_largefile_CC=no
ac_cv_target=x86_64-pc-linux-gnu
am_cv_CCAS_dependencies_compiler_type=gcc3
am_cv_CC_dependencies_compiler_type=gcc3
am_cv_CXX_dependencies_compiler_type=gcc3
am_cv_make_support_nested_variables=yes
am_cv_prog_cc_c_o=yes
lt_cv_ar_at_file=@
lt_cv_archive_cmds_need_lc=no
lt_cv_deplibs_check_method=pass_all
lt_cv_file_magic_cmd='$MAGIC_CMD'
lt_cv_file_magic_test_file=
lt_cv_ld_reload_flag=-r
lt_cv_nm_interface='BSD nm'
lt_cv_objdir=.libs
lt_cv_path_LD=/usr/bin/ld
lt_cv_path_LDCXX='/usr/bin/ld -m elf_x86_64'
lt_cv_path_NM='/usr/bin/nm -B'
lt_cv_path_mainfest_tool=no
lt_cv_prog_compiler_c_o=yes
lt_cv_prog_compiler_c_o_CXX=yes
lt_cv_prog_compiler_pic='-fPIC -DPIC'
lt_cv_prog_compiler_pic_CXX='-fPIC -DPIC'
lt_cv_prog_compiler_pic_works=yes
lt_cv_prog_compiler_pic_works_CXX=yes
lt_cv_prog_compiler_rtti_exceptions=no
lt_cv_prog_compiler_static_works=yes
lt_cv_prog_compiler_static_works_CXX=yes
lt_cv_prog_gnu_ld=yes
lt_cv_prog_gnu_ldcxx=yes
lt_cv_sharedlib_from_linklib_cmd='printf %s\n'
lt_cv_shlibpath_overrides_runpath=yes
lt_cv_sys_global_symbol_pipe='/usr/bin/sed -n -e '\''s/^.*[	 ]\([ABCDGIRSTW][ABCDGIRSTW]*\)[	 ][	 ]*\([_A-Za-z][_A-Za-z0-9]*\)$/\1 \2 \2/p'\'' | /usr/bin/sed '\''/ __gnu_lto/d'\'''
lt_cv_sys_global_symbol_to_c_name_address='/usr/bin/sed -n -e '\''s/^: \(.*\) .*$/  {"\1", (void *) 0},/p'\'' -e '\''s/^[ABCDGIRSTW][ABCDGIRSTW]* .* \(.*\)$/  {"\1", (void *) \&\1},/p'\'''
lt_cv_sys_global_symbol_to_c_name_address_lib_prefix='/usr/bin/sed -n -e '\''s/^: \(.*\) .*$/  {"\1", (void *) 0},/p'\'' -e '\''s/^[ABCDGIRSTW][ABCDGIRSTW]* .* \(lib.*\)$/  {"\1", (void *) \&\1},/p'\'' -e '\''s/^[ABCDGIRSTW][ABCDGIRSTW]* .* \(.*\)$/  {"lib\1", (void *) \&\1},/p'\'''
lt_cv_sys_global_symbol_to_cdecl='/usr/bin/sed -n -e '\''s/^T .* \(.*\)$/extern int \1();/p'\'' -e '\''s/^[ABCDGIRSTW][ABCDGIRSTW]* .* \(.*\)$/extern char \1;/p'\'''
lt_cv_sys_global_symbol_to_import=
lt_cv_sys_max_cmd_len=1572864
lt_cv_to_host_file_cmd=func_convert_file_noop
lt_cv_to_tool_file_cmd=func_convert_file_noop
lt_cv_truncate_bin='/usr/bin/dd bs=4096 count=1'
pkg_cv_LIBAVUTIL_CFLAGS='-I/usr/include/x86_64-linux-gnu '
pkg_cv_LIBAVUTIL_LIBS='-lavutil '
pkg_cv_LIBSWSCALE_CFLAGS='-I/usr/include/x86_64-linux-gnu '
pkg_cv_LIBSWSCALE_LIBS='-lswscale '
pkg_cv_VEEJAYCORE_CFLAGS='-I/usr/local/include '
pkg_cv_VEEJAYCORE_LIBS='-L/usr/local/lib -lveejaycore '

## ----------------- ##
## Output variables. ##
## ----------------- ##

ACLOCAL='${SHELL} '\''/home/veejay/vj6/veejay/veejay-current/plugin-packs/lvdshared/missing'\'' aclocal-1.16'
AMDEPBACKSLASH='\'
AMDEP_FALSE='#'
AMDEP_TRUE=''
AMTAR='$${TAR-tar}'
AM_BACKSLASH='\'
AM_DEFAULT_V='$(AM_DEFAULT_VERBOSITY)'
AM_DEFAULT_VERBOSITY='1'
AM_V='$(V)'
AR='ar'
AUTOCONF='${SHELL} '\''/home/veejay/vj6/veejay/veejay-current/plugin-packs/lvdshared/missing'\'' autoconf'
AUTOHEADER='${SHELL} '\''/home/veejay/vj6/veejay/veejay-current/plugin-packs/lvdshared/missing'\'' autoheader'
AUTOMAKE='${SHELL} '\''/home/veejay/vj6/veejay/veejay-current/plugin-packs/lvdshared/missing'\'' automake-1.16'
AWK='gawk'
CC='gcc'
CCAS='gcc'
CCASDEPMODE='depmode=gcc3'
CCASFLAGS=''
CCDEPMODE='depmode=gcc3'
CFLAGS=' -m64 -fPIC -DPIC -ftree-vectorize -O3 -ffast-math -Wall -Wunused  -DSILENT'
CPPFLAGS=''
CSCOPE='cscope'
CTAGS='ctags'
CXX='g++'
CXXCPP='g++ -E'
CXXDEPMODE='depmode=gcc3'
CXXFLAGS=' -g -O2 '
CYGPATH_W='echo'
DEBUGLIBS=''
DEFS='-DHAVE_CONFIG_H'
DEPDIR='.deps'
DLLTOOL='false'
DSYMUTIL=''
DUMPBIN=''
ECHO_C=''
ECHO_N='-n'
ECHO_T=''
EGREP='/usr/bin/grep -E'
ETAGS='etags'
EXEEXT=''
FFMPEG_CFLAGS='-I/usr/include/x86_64-linux-gnu  -I/usr/include/x86_64-linux-gnu '
FFMPEG_LIBS='-lavutil  -lswscale '
FGREP='/usr/bin/grep -F'
FILECMD='file'
GREP='/usr/bin/grep'
INSTALL_DATA='${INSTALL} -m 644'
INSTALL_PROGRAM='${INSTALL}'
INSTALL_SCRIPT='${INSTALL}'
INSTALL_STRIP_PROGRAM='$(install_sh) -c -s'
LD='/usr/bin/ld -m elf_x86_64'
LDFLAGS=''
LIBAVUTIL_CFLAGS='-I/usr/include/x86_64-linux-gnu '
LIBAVUTIL_LIBS='-lavutil '
LIBGETOPT_LIB=''
LIBM_LIBS='-lm'
LIBOBJS=''
LIBS='-ldl '
LIBSWSCALE_CFLAGS='-I/usr/include/x86_64-linux-gnu '
LIBSWSCALE_LIBS='-lswscale '
LIBTOOL='$(SHELL) $(top_builddir)/libtool'
LIPO=''
LN_S='ln -s'
LTLIBOBJS=''
LT_AGE='1'
LT_CURRENT='1'
LT_RELEASE='0.0'
LT_REVISION='1'
LT_SYS_LIBRARY_PATH=''
MAINT='#'
MAINTAINER_MODE_FALSE=''
MAINTAINER_MODE_TRUE='#'
MAKEINFO='${SHELL} '\''/home/veejay/vj6/veejay/veejay-current/plugin-packs/lvdshared/missing'\'' makeinfo'
MANIFEST_TOOL=':'
MKDIR_P='/usr/bin/mkdir -p'
NM='/usr/bin/nm -B'
NMEDIT=''
OBJDUMP='objdump'
OBJEXT='o'
OTOOL64=''
OTOOL=''
PACKAGE='lvdshared-plugin'
PACKAGE_BUGREPORT='veejay-users@lists.sourceforge.net'
PACKAGE_NAME='lvdshared-plugin'
PACKAGE_STRING='lvdshared-plugin 0.0.1'
PACKAGE_TARNAME='lvdshared-plugin'
PACKAGE_URL=''
PACKAGE_VERSION='0.0.1'
PATH_SEPARATOR=':'
PKG_CONFIG='/usr/bin/pkg-config'
PKG_CONFIG_LIBDIR=''
PKG_CONFIG_PATH='/usr/lib/pkgconfig'
PROGRAM_NOPIC=''
RANLIB='ranlib'
SED='/usr/bin/sed'
SET_MAKE=''
SHELL='/bin/bash'
STRIP='strip'
VEEJAYCORE_CFLAGS='-I/usr/local/include '
VEEJAYCORE_LIBS='-L/usr/local/lib -lveejaycore '
VERSION='0.0.1'
YACC='yacc'
YFLAGS=''
ac_ct_AR='ar'
ac_ct_CC='gcc'
ac_ct_CXX='g++'
ac_ct_DUMPBIN=''
am__EXEEXT_FALSE=''
am__EXEEXT_TRUE='#'
am__fastdepCCAS_FALSE='#'
am__fastdepCCAS_TRUE=''
am__fastdepCC_FALSE='#'
am__fastdepCC_TRUE=''
am__fastdepCXX_FALSE='#'
am__fastdepCXX_TRUE=''
am__include='include'
am__isrc=''
am__leading_dot='.'
am__nodep='_no'
am__quote=''
am__tar='$${TAR-tar} chof - "$$tardir"'
am__untar='$${TAR-tar} xf -'
bindir='${exec_prefix}/bin'
build='x86_64-pc-linux-gnu'
build_alias=''
build_cpu='x86_64'
build_os='linux-gnu'
build_vendor='pc'
datadir='${datarootdir}'
datarootdir='${prefix}/share'
docdir='${datarootdir}/doc/${PACKAGE_TARNAME}'
dvidir='${docdir}'
exec_prefix='${prefix}'
host='x86_64-pc-linux-gnu'
host_alias=''
host_cpu='x86_64'
host_os='linux-gnu'
host_vendor='pc'
htmldir='${docdir}'
includedir='${prefix}/include'
infodir='${datarootdir}/info'
install_sh='${SHELL} /home/veejay/vj6/veejay/veejay-current/plugin-packs/lvdshared/install-sh'
libdir='${exec_prefix}/lib'
libexecdir='${exec_prefix}/libexec'
localedir='${datarootdir}/locale'
localstatedir='${prefix}/var'
mandir='${datarootdir}/man'
mkdir_p='$(MKDIR_P)'
oldincludedir='/usr/include'
pdfdir='${docdir}'
prefix='/usr/local'
program_transform_name='s,x,x,'
psdir='${docdir}'
runstatedir='${localstatedir}/run'
sbindir='${exec_prefix}/sbin'
sharedstatedir='${prefix}/com'
sysconfdir='${prefix}/etc'
target='x86_64-pc-linux-gnu'
target_alias=''
target_cpu='x86_64'
target_os='linux-gnu'
target_vendor='pc'

## ----------- ##
## confdefs.h. ##
## ----------- ##

/* confdefs.h */
#define PACKAGE_NAME "lvdshared-plugin"
#define PACKAGE_TARNAME "lvdshared-plugin"
#define PACKAGE_VERSION "0.0.1"
#define PACKAGE_STRING "lvdshared-plugin 0.0.1"
#define PACKAGE_BUGREPORT "veejay-users@lists.sourceforge.net"
#define PACKAGE_URL ""
#define PACKAGE "lvdshared-plugin"
#define VERSION "0.0.1"
#define VEEJAYUTIL 1
#define HAVE_CONFIG_H 1
#define HAVE_STDIO_H 1
#define HAVE_STDLIB_H 1
#define HAVE_STRING_H 1
#define HAVE_INTTYPES_H 1
#define HAVE_STDINT_H 1
#define HAVE_STRINGS_H 1
#define HAVE_SYS_STAT_H 1
#define HAVE_SYS_TYPES_H 1
#define HAVE_UNISTD_H 1
#define HAVE_WCHAR_H 1
#define STDC_HEADERS 1
#define _ALL_SOURCE 1
#define _DARWIN_C_SOURCE 1
#define _GNU_SOURCE 1
#define _HPUX_ALT_XOPEN_SOCKET_API 1
#define _NETBSD_SOURCE 1
#define _OPENBSD_SOURCE 1
#define _POSIX_PTHREAD_SEMANTICS 1
#define __STDC_WANT_IEC_60559_ATTRIBS_EXT__ 1
#define __STDC_WANT_IEC_60559_BFP_EXT__ 1
#define __STDC_WANT_IEC_60559_DFP_EXT__ 1
#define __STDC_WANT_IEC_60559_FUNCS_EXT__ 1
#define __STDC_WANT_IEC_60559_TYPES_EXT__ 1
#define __STDC_WANT_LIB_EXT2__ 1
#define __STDC_WANT_MATH_SPEC_FUNCS__ 1
#define _TANDEM_SOURCE 1
#define __EXTENSIONS__ 1
#define HAVE_DLFCN_H 1
#define LT_OBJDIR ".libs/"
#define HAVE_FENV_H 1
#define HAVE_STDINT_H 1
#define HAVE_INTTYPES_H 1
#define HAVE_SYS_TYPES_H 1
#define HAVE_ALLOCA_H 1
#define HAVE_POSIX_MEMALIGN 1
#define HAVE_MEMALIGN 1
#define HAVE_BZERO 1
#define HAVE_GETTIMEOFDAY 1
#define HAVE_MEMSET 1
#define HAVE_MMAP 1
#define HAVE_STRNDUP 1
#define HAVE_STRSTR 1
#define HAVE_STRNCASECMP 1
#define HAVE_SCHED_GET_PRIORITY_MAX 1
#define HAVE_SELECT 1
#define HAVE_SOCKET 1
#define HAVE_GETPAGESIZE 1
#define HAVE_MEMCPY 1
#define HAVE_GETOPT_LONG 1
#define SIZEOF_INT 4
#define SIZEOF_LONG_INT 8
#define SIZEOF_SIZE_T 8
#define SIZEOF_FLOAT 4
#define BASE64_AVUTIL 1
#define HAVE_LINUX /**/
#define HAVE_LIBDL 1
#define HAVE_DL_DLOPEN /**/
#define HAVE_X86_CPU 1
#define ARCH_X86_64 1
#define HAVE_FFMPEG_UNINSTALLED /**/
#define HAVE_VEEJAYCORE 1
#define VERSION ${VERSION}

configure: exit 0
