This file contains any messages produced by compilers while
running configure, to aid debugging if configure makes a mistake.

It was created by lvdasciiart-plugin configure 0.0.1, which was
generated by GNU Autoconf 2.71.  Invocation command line was

  $ ./configure --with-ndi=/opt/ndi6 --with-nvjpeg=yes

## --------- ##
## Platform. ##
## --------- ##

hostname = veejay-machine
uname -m = x86_64
uname -r = 6.14.0-37-generic
uname -s = Linux
uname -v = #37~24.04.1-Ubuntu SMP PREEMPT_DYNAMIC Thu Nov 20 10:25:38 UTC 2

/usr/bin/uname -p = x86_64
/bin/uname -X     = unknown

/bin/arch              = x86_64
/usr/bin/arch -k       = unknown
/usr/convex/getsysinfo = unknown
/usr/bin/hostinfo      = unknown
/bin/machine           = unknown
/usr/bin/oslevel       = unknown
/bin/universe          = unknown

PATH: /home/veejay/Applications/.bin/
PATH: /home/veejay/.local/bin/
PATH: /usr/local/sbin/
PATH: /usr/local/bin/
PATH: /usr/sbin/
PATH: /usr/bin/
PATH: /sbin/
PATH: /bin/
PATH: /usr/games/
PATH: /usr/local/games/
PATH: /snap/bin/
PATH: /snap/bin/


## ----------- ##
## Core tests. ##
## ----------- ##

configure:3046: looking for aux files: ltmain.sh compile missing install-sh config.guess config.sub
configure:3059:  trying ./
configure:3088:   ./ltmain.sh found
configure:3088:   ./compile found
configure:3088:   ./missing found
configure:3070:   ./install-sh found
configure:3088:   ./config.guess found
configure:3088:   ./config.sub found
configure:3217: checking build system type
configure:3232: result: x86_64-pc-linux-gnu
configure:3252: checking host system type
configure:3266: result: x86_64-pc-linux-gnu
configure:3286: checking target system type
configure:3300: result: x86_64-pc-linux-gnu
configure:3343: checking for a BSD-compatible install
configure:3416: result: /usr/bin/install -c
configure:3427: checking whether build environment is sane
configure:3482: result: yes
configure:3641: checking for a race-free mkdir -p
configure:3685: result: /usr/bin/mkdir -p
configure:3692: checking for gawk
configure:3713: found /usr/bin/gawk
configure:3724: result: gawk
configure:3735: checking whether make sets $(MAKE)
configure:3758: result: yes
configure:3788: checking whether make supports nested variables
configure:3806: result: yes
configure:3943: checking whether to enable maintainer-specific portions of Makefiles
configure:3953: result: no
configure:4062: checking whether make supports the include directive
configure:4077: make -f confmf.GNU && cat confinc.out
this is the am__doit target
configure:4080: $? = 0
configure:4099: result: yes (GNU style)
configure:4175: checking for gcc
configure:4196: found /usr/bin/gcc
configure:4207: result: gcc
configure:4560: checking for C compiler version
configure:4569: gcc --version >&5
gcc (Ubuntu 13.3.0-6ubuntu2~24.04) 13.3.0
Copyright (C) 2023 Free Software Foundation, Inc.
This is free software; see the source for copying conditions.  There is NO
warranty; not even for MERCHANTABILITY or FITNESS FOR A PARTICULAR PURPOSE.

configure:4580: $? = 0
configure:4569: gcc -v >&5
Using built-in specs.
COLLECT_GCC=gcc
COLLECT_LTO_WRAPPER=/usr/libexec/gcc/x86_64-linux-gnu/13/lto-wrapper
OFFLOAD_TARGET_NAMES=nvptx-none:amdgcn-amdhsa
OFFLOAD_TARGET_DEFAULT=1
Target: x86_64-linux-gnu
Configured with: ../src/configure -v --with-pkgversion='Ubuntu 13.3.0-6ubuntu2~24.04' --with-bugurl=file:///usr/share/doc/gcc-13/README.Bugs --enable-languages=c,ada,c++,go,d,fortran,objc,obj-c++,m2 --prefix=/usr --with-gcc-major-version-only --program-suffix=-13 --program-prefix=x86_64-linux-gnu- --enable-shared --enable-linker-build-id --libexecdir=/usr/libexec --without-included-gettext --enable-threads=posix --libdir=/usr/lib --enable-nls --enable-bootstrap --enable-clocale=gnu --enable-libstdcxx-debug --enable-libstdcxx-time=yes --with-default-libstdcxx-abi=new --enable-libstdcxx-backtrace --enable-gnu-unique-object --disable-vtable-verify --enable-plugin --enable-default-pie --with-system-zlib --enable-libphobos-checking=release --with-target-system-zlib=auto --enable-objc-gc=auto --enable-multiarch --disable-werror --enable-cet --with-arch-32=i686 --with-abi=m64 --with-multilib-list=m32,m64,mx32 --enable-multilib --with-tune=generic --enable-offload-targets=nvptx-none=/build/gcc-13-fG75Ri/gcc-13-13.3.0/debian/tmp-nvptx/usr,amdgcn-amdhsa=/build/gcc-13-fG75Ri/gcc-13-13.3.0/debian/tmp-gcn/usr --enable-offload-defaulted --without-cuda-driver --enable-checking=release --build=x86_64-linux-gnu --host=x86_64-linux-gnu --target=x86_64-linux-gnu --with-build-config=bootstrap-lto-lean --enable-link-serialization=2
Thread model: posix
Supported LTO compression algorithms: zlib zstd
gcc version 13.3.0 (Ubuntu 13.3.0-6ubuntu2~24.04) 
... rest of stderr output deleted ...
configure:4580: $? = 0
configure:4569: gcc -V >&5
gcc: error: unrecognized command-line option '-V'
gcc: fatal error: no input files
compilation terminated.
configure:4580: $? = 1
configure:4569: gcc -qversion >&5
gcc: error: unrecognized command-line option '-qversion'; did you mean '--version'?
gcc: fatal error: no input files
compilation terminated.
configure:4580: $? = 1
configure:4569: gcc -version >&5
gcc: error: unrecognized command-line option '-version'
gcc: fatal error: no input files
compilation terminated.
configure:4580: $? = 1
configure:4600: checking whether the C compiler works
configure:4622: gcc    conftest.c  >&5
configure:4626: $? = 0
configure:4676: result: yes
configure:4679: checking for C compiler default output file name
configure:4681: result: a.out
configure:4687: checking for suffix of executables
configure:4694: gcc -o conftest    conftest.c  >&5
configure:4698: $? = 0
configure:4721: result: 
configure:4743: checking whether we are cross compiling
configure:4751: gcc -o conftest    conftest.c  >&5
configure:4755: $? = 0
configure:4762: ./conftest
configure:4766: $? = 0
configure:4781: result: no
configure:4786: checking for suffix of object files
configure:4809: gcc -c   conftest.c >&5
configure:4813: $? = 0
configure:4835: result: o
configure:4839: checking whether the compiler supports GNU C
configure:4859: gcc -c   conftest.c >&5
configure:4859: $? = 0
configure:4869: result: yes
configure:4880: checking whether gcc accepts -g
configure:4901: gcc -c -g  conftest.c >&5
configure:4901: $? = 0
configure:4945: result: yes
configure:4965: checking for gcc option to enable C11 features
configure:4980: gcc  -c   conftest.c >&5
configure:4980: $? = 0
configure:4998: result: none needed
configure:5114: checking whether gcc understands -c and -o together
configure:5137: gcc -c conftest.c -o conftest2.o
configure:5140: $? = 0
configure:5137: gcc -c conftest.c -o conftest2.o
configure:5140: $? = 0
configure:5152: result: yes
configure:5171: checking dependency style of gcc
configure:5283: result: gcc3
configure:5303: checking for stdio.h
configure:5303: gcc -c   conftest.c >&5
configure:5303: $? = 0
configure:5303: result: yes
configure:5303: checking for stdlib.h
configure:5303: gcc -c   conftest.c >&5
configure:5303: $? = 0
configure:5303: result: yes
configure:5303: checking for string.h
configure:5303: gcc -c   conftest.c >&5
configure:5303: $? = 0
configure:5303: result: yes
configure:5303: checking for inttypes.h
configure:5303: gcc -c   conftest.c >&5
configure:5303: $? = 0
configure:5303: result: yes
configure:5303: checking for stdint.h
configure:5303: gcc -c   conftest.c >&5
configure:5303: $? = 0
configure:5303: result: yes
configure:5303: checking for strings.h
configure:5303: gcc -c   conftest.c >&5
configure:5303: $? = 0
configure:5303: result: yes
configure:5303: checking for sys/stat.h
configure:5303: gcc -c   conftest.c >&5
configure:5303: $? = 0
configure:5303: result: yes
configure:5303: checking for sys/types.h
configure:5303: gcc -c   conftest.c >&5
configure:5303: $? = 0
configure:5303: result: yes
configure:5303: checking for unistd.h
configure:5303: gcc -c   conftest.c >&5
configure:5303: $? = 0
configure:5303: result: yes
configure:5303: checking for wchar.h
configure:5303: gcc -c   conftest.c >&5
configure:5303: $? = 0
configure:5303: result: yes
configure:5303: checking for minix/config.h
configure:5303: gcc -c   conftest.c >&5
conftest.c:51:10: fatal error: minix/config.h: No such file or directory
   51 | #include <minix/config.h>
      |          ^~~~~~~~~~~~~~~~
compilation terminated.
configure:5303: $? = 1
configure: failed program was:
| /* confdefs.h */
| #define PACKAGE_NAME "lvdasciiart-plugin"
| #define PACKAGE_TARNAME "lvdasciiart-plugin"
| #define PACKAGE_VERSION "0.0.1"
| #define PACKAGE_STRING "lvdasciiart-plugin 0.0.1"
| #define PACKAGE_BUGREPORT "veejay-users@lists.sourceforge.net"
| #define PACKAGE_URL ""
| #define PACKAGE "lvdasciiart-plugin"
| #define VERSION "0.0.1"
| #define VEEJAYUTIL 1
| #define HAVE_CONFIG_H 1
| #define HAVE_STDIO_H 1
| #define HAVE_STDLIB_H 1
| #define HAVE_STRING_H 1
| #define HAVE_INTTYPES_H 1
| #define HAVE_STDINT_H 1
| #define HAVE_STRINGS_H 1
| #define HAVE_SYS_STAT_H 1
| #define HAVE_SYS_TYPES_H 1
| #define HAVE_UNISTD_H 1
| #define HAVE_WCHAR_H 1
| /* end confdefs.h.  */
| #include <stddef.h>
| #ifdef HAVE_STDIO_H
| # include <stdio.h>
| #endif
| #ifdef HAVE_STDLIB_H
| # include <stdlib.h>
| #endif
| #ifdef HAVE_STRING_H
| # include <string.h>
| #endif
| #ifdef HAVE_INTTYPES_H
| # include <inttypes.h>
| #endif
| #ifdef HAVE_STDINT_H
| # include <stdint.h>
| #endif
| #ifdef HAVE_STRINGS_H
| # include <strings.h>
| #endif
| #ifdef HAVE_SYS_TYPES_H
| # include <sys/types.h>
| #endif
| #ifdef HAVE_SYS_STAT_H
| # include <sys/stat.h>
| #endif
| #ifdef HAVE_UNISTD_H
| # include <unistd.h>
| #endif
| #include <minix/config.h>
configure:5303: result: no
configure:5334: checking whether it is safe to define __EXTENSIONS__
configure:5353: gcc -c   conftest.c >&5
configure:5353: $? = 0
configure:5361: result: yes
configure:5364: checking whether _XOPEN_SOURCE should be defined
configure:5386: gcc -c   conftest.c >&5
configure:5386: $? = 0
configure:5413: result: no
configure:5517: checking how to print strings
configure:5544: result: printf
configure:5565: checking for a sed that does not truncate output
configure:5635: result: /usr/bin/sed
configure:5653: checking for grep that handles long lines and -e
configure:5717: result: /usr/bin/grep
configure:5722: checking for egrep
configure:5790: result: /usr/bin/grep -E
configure:5795: checking for fgrep
configure:5863: result: /usr/bin/grep -F
configure:5899: checking for ld used by gcc
configure:5967: result: /usr/bin/ld
configure:5974: checking if the linker (/usr/bin/ld) is GNU ld
configure:5990: result: yes
configure:6002: checking for BSD- or MS-compatible name lister (nm)
configure:6057: result: /usr/bin/nm -B
configure:6197: checking the name lister (/usr/bin/nm -B) interface
configure:6205: gcc -c   conftest.c >&5
configure:6208: /usr/bin/nm -B "conftest.o"
configure:6211: output
0000000000000000 B some_variable
configure:6218: result: BSD nm
configure:6221: checking whether ln -s works
configure:6225: result: yes
configure:6233: checking the maximum length of command line arguments
configure:6365: result: 1572864
configure:6413: checking how to convert x86_64-pc-linux-gnu file names to x86_64-pc-linux-gnu format
configure:6454: result: func_convert_file_noop
configure:6461: checking how to convert x86_64-pc-linux-gnu file names to toolchain format
configure:6482: result: func_convert_file_noop
configure:6489: checking for /usr/bin/ld option to reload object files
configure:6497: result: -r
configure:6576: checking for file
configure:6597: found /usr/bin/file
configure:6608: result: file
configure:6684: checking for objdump
configure:6705: found /usr/bin/objdump
configure:6716: result: objdump
configure:6748: checking how to recognize dependent libraries
configure:6949: result: pass_all
configure:7039: checking for dlltool
configure:7074: result: no
configure:7104: checking how to associate runtime and link libraries
configure:7132: result: printf %s\n
configure:7197: checking for ar
configure:7218: found /usr/bin/ar
configure:7229: result: ar
configure:7282: checking for archiver @FILE support
configure:7300: gcc -c   conftest.c >&5
configure:7300: $? = 0
configure:7304: ar cr libconftest.a @conftest.lst >&5
configure:7307: $? = 0
configure:7312: ar cr libconftest.a @conftest.lst >&5
ar: conftest.o: No such file or directory
configure:7315: $? = 1
configure:7327: result: @
configure:7390: checking for strip
configure:7411: found /usr/bin/strip
configure:7422: result: strip
configure:7499: checking for ranlib
configure:7520: found /usr/bin/ranlib
configure:7531: result: ranlib
configure:7633: checking command to parse /usr/bin/nm -B output from gcc object
configure:7787: gcc -c   conftest.c >&5
configure:7790: $? = 0
configure:7794: /usr/bin/nm -B conftest.o | /usr/bin/sed -n -e 's/^.*[	 ]\([ABCDGIRSTW][ABCDGIRSTW]*\)[	 ][	 ]*\([_A-Za-z][_A-Za-z0-9]*\)$/\1 \2 \2/p' | /usr/bin/sed '/ __gnu_lto/d' > conftest.nm
configure:7860: gcc -o conftest    conftest.c conftstm.o >&5
configure:7863: $? = 0
configure:7901: result: ok
configure:7948: checking for sysroot
configure:7979: result: no
configure:7986: checking for a working dd
configure:8030: result: /usr/bin/dd
configure:8034: checking how to truncate binary pipes
configure:8050: result: /usr/bin/dd bs=4096 count=1
configure:8187: gcc -c   conftest.c >&5
configure:8190: $? = 0
configure:8387: checking for mt
configure:8408: found /usr/bin/mt
configure:8419: result: mt
configure:8442: checking if mt is a manifest tool
configure:8449: mt '-?'
configure:8457: result: no
configure:9178: checking for dlfcn.h
configure:9178: gcc -c   conftest.c >&5
configure:9178: $? = 0
configure:9178: result: yes
configure:9437: checking for objdir
configure:9453: result: .libs
configure:9717: checking if gcc supports -fno-rtti -fno-exceptions
configure:9736: gcc -c   -fno-rtti -fno-exceptions conftest.c >&5
cc1: warning: command-line option '-fno-rtti' is valid for C++/D/ObjC++ but not for C
configure:9740: $? = 0
configure:9753: result: no
configure:10117: checking for gcc option to produce PIC
configure:10125: result: -fPIC -DPIC
configure:10133: checking if gcc PIC flag -fPIC -DPIC works
configure:10152: gcc -c   -fPIC -DPIC -DPIC conftest.c >&5
configure:10156: $? = 0
configure:10169: result: yes
configure:10198: checking if gcc static flag -static works
configure:10227: result: yes
configure:10242: checking if gcc supports -c -o file.o
configure:10264: gcc -c   -o out/conftest2.o conftest.c >&5
configure:10268: $? = 0
configure:10290: result: yes
configure:10298: checking if gcc supports -c -o file.o
configure:10346: result: yes
configure:10379: checking whether the gcc linker (/usr/bin/ld -m elf_x86_64) supports shared libraries
configure:11653: result: yes
configure:11690: checking whether -lc should be explicitly linked in
configure:11699: gcc -c   conftest.c >&5
configure:11702: $? = 0
configure:11717: gcc -shared  -fPIC -DPIC conftest.o  -v -Wl,-soname -Wl,conftest -o conftest 2\>\&1 \| /usr/bin/grep  -lc  \>/dev/null 2\>\&1
configure:11720: $? = 0
configure:11734: result: no
configure:11894: checking dynamic linker characteristics
configure:12476: gcc -o conftest    -Wl,-rpath -Wl,/foo conftest.c  >&5
configure:12476: $? = 0
configure:12727: result: GNU/Linux ld.so
configure:12849: checking how to hardcode library paths into programs
configure:12874: result: immediate
configure:13426: checking whether stripping libraries is possible
configure:13435: result: yes
configure:13477: checking if libtool supports shared libraries
configure:13479: result: yes
configure:13482: checking whether to build shared libraries
configure:13507: result: yes
configure:13510: checking whether to build static libraries
configure:13514: result: yes
configure:13556: checking for gawk
configure:13588: result: gawk
configure:13652: checking for gcc
configure:13684: result: gcc
configure:14037: checking for C compiler version
configure:14046: gcc --version >&5
gcc (Ubuntu 13.3.0-6ubuntu2~24.04) 13.3.0
Copyright (C) 2023 Free Software Foundation, Inc.
This is free software; see the source for copying conditions.  There is NO
warranty; not even for MERCHANTABILITY or FITNESS FOR A PARTICULAR PURPOSE.

configure:14057: $? = 0
configure:14046: gcc -v >&5
Using built-in specs.
COLLECT_GCC=gcc
COLLECT_LTO_WRAPPER=/usr/libexec/gcc/x86_64-linux-gnu/13/lto-wrapper
OFFLOAD_TARGET_NAMES=nvptx-none:amdgcn-amdhsa
OFFLOAD_TARGET_DEFAULT=1
Target: x86_64-linux-gnu
Configured with: ../src/configure -v --with-pkgversion='Ubuntu 13.3.0-6ubuntu2~24.04' --with-bugurl=file:///usr/share/doc/gcc-13/README.Bugs --enable-languages=c,ada,c++,go,d,fortran,objc,obj-c++,m2 --prefix=/usr --with-gcc-major-version-only --program-suffix=-13 --program-prefix=x86_64-linux-gnu- --enable-shared --enable-linker-build-id --libexecdir=/usr/libexec --without-included-gettext --enable-threads=posix --libdir=/usr/lib --enable-nls --enable-bootstrap --enable-clocale=gnu --enable-libstdcxx-debug --enable-libstdcxx-time=yes --with-default-libstdcxx-abi=new --enable-libstdcxx-backtrace --enable-gnu-unique-object --disable-vtable-verify --enable-plugin --enable-default-pie --with-system-zlib --enable-libphobos-checking=release --with-target-system-zlib=auto --enable-objc-gc=auto --enable-multiarch --disable-werror --enable-cet --with-arch-32=i686 --with-abi=m64 --with-multilib-list=m32,m64,mx32 --enable-multilib --with-tune=generic --enable-offload-targets=nvptx-none=/build/gcc-13-fG75Ri/gcc-13-13.3.0/debian/tmp-nvptx/usr,amdgcn-amdhsa=/build/gcc-13-fG75Ri/gcc-13-13.3.0/debian/tmp-gcn/usr --enable-offload-defaulted --without-cuda-driver --enable-checking=release --build=x86_64-linux-gnu --host=x86_64-linux-gnu --target=x86_64-linux-gnu --with-build-config=bootstrap-lto-lean --enable-link-serialization=2
Thread model: posix
Supported LTO compression algorithms: zlib zstd
gcc version 13.3.0 (Ubuntu 13.3.0-6ubuntu2~24.04) 
... rest of stderr output deleted ...
configure:14057: $? = 0
configure:14046: gcc -V >&5
gcc: error: unrecognized command-line option '-V'
gcc: fatal error: no input files
compilation terminated.
configure:14057: $? = 1
configure:14046: gcc -qversion >&5
gcc: error: unrecognized command-line option '-qversion'; did you mean '--version'?
gcc: fatal error: no input files
compilation terminated.
configure:14057: $? = 1
configure:14046: gcc -version >&5
gcc: error: unrecognized command-line option '-version'
gcc: fatal error: no input files
compilation terminated.
configure:14057: $? = 1
configure:14061: checking whether the compiler supports GNU C
configure:14091: result: yes
configure:14102: checking whether gcc accepts -g
configure:14167: result: yes
configure:14187: checking for gcc option to enable C11 features
configure:14220: result: none needed
configure:14336: checking whether gcc understands -c and -o together
configure:14374: result: yes
configure:14393: checking dependency style of gcc
configure:14505: result: gcc3
configure:14524: checking for bison
configure:14559: result: no
configure:14524: checking for byacc
configure:14559: result: no
configure:14637: checking for g++
configure:14658: found /usr/bin/g++
configure:14669: result: g++
configure:14696: checking for C++ compiler version
configure:14705: g++ --version >&5
g++ (Ubuntu 13.3.0-6ubuntu2~24.04) 13.3.0
Copyright (C) 2023 Free Software Foundation, Inc.
This is free software; see the source for copying conditions.  There is NO
warranty; not even for MERCHANTABILITY or FITNESS FOR A PARTICULAR PURPOSE.

configure:14716: $? = 0
configure:14705: g++ -v >&5
Using built-in specs.
COLLECT_GCC=g++
COLLECT_LTO_WRAPPER=/usr/libexec/gcc/x86_64-linux-gnu/13/lto-wrapper
OFFLOAD_TARGET_NAMES=nvptx-none:amdgcn-amdhsa
OFFLOAD_TARGET_DEFAULT=1
Target: x86_64-linux-gnu
Configured with: ../src/configure -v --with-pkgversion='Ubuntu 13.3.0-6ubuntu2~24.04' --with-bugurl=file:///usr/share/doc/gcc-13/README.Bugs --enable-languages=c,ada,c++,go,d,fortran,objc,obj-c++,m2 --prefix=/usr --with-gcc-major-version-only --program-suffix=-13 --program-prefix=x86_64-linux-gnu- --enable-shared --enable-linker-build-id --libexecdir=/usr/libexec --without-included-gettext --enable-threads=posix --libdir=/usr/lib --enable-nls --enable-bootstrap --enable-clocale=gnu --enable-libstdcxx-debug --enable-libstdcxx-time=yes --with-default-libstdcxx-abi=new --enable-libstdcxx-backtrace --enable-gnu-unique-object --disable-vtable-verify --enable-plugin --enable-default-pie --with-system-zlib --enable-libphobos-checking=release --with-target-system-zlib=auto --enable-objc-gc=auto --enable-multiarch --disable-werror --enable-cet --with-arch-32=i686 --with-abi=m64 --with-multilib-list=m32,m64,mx32 --enable-multilib --with-tune=generic --enable-offload-targets=nvptx-none=/build/gcc-13-fG75Ri/gcc-13-13.3.0/debian/tmp-nvptx/usr,amdgcn-amdhsa=/build/gcc-13-fG75Ri/gcc-13-13.3.0/debian/tmp-gcn/usr --enable-offload-defaulted --without-cuda-driver --enable-checking=release --build=x86_64-linux-gnu --host=x86_64-linux-gnu --target=x86_64-linux-gnu --with-build-config=bootstrap-lto-lean --enable-link-serialization=2
Thread model: posix
Supported LTO compression algorithms: zlib zstd
gcc version 13.3.0 (Ubuntu 13.3.0-6ubuntu2~24.04) 
... rest of stderr output deleted ...
configure:14716: $? = 0
configure:14705: g++ -V >&5
g++: error: unrecognized command-line option '-V'
g++: fatal error: no input files
compilation terminated.
configure:14716: $? = 1
configure:14705: g++ -qversion >&5
g++: error: unrecognized command-line option '-qversion'; did you mean '--version'?
g++: fatal error: no input files
compilation terminated.
configure:14716: $? = 1
configure:14720: checking whether the compiler supports GNU C++
configure:14740: g++ -c   conftest.cpp >&5
configure:14740: $? = 0
configure:14750: result: yes
configure:14761: checking whether g++ accepts -g
configure:14782: g++ -c -g  conftest.cpp >&5
configure:14782: $? = 0
configure:14826: result: yes
configure:14846: checking for g++ option to enable C++11 features
configure:14861: g++  -c -g -O2  conftest.cpp >&5
conftest.cpp: In function 'int main(int, char**)':
conftest.cpp:208:25: warning: empty parentheses were disambiguated as a function declaration [-Wvexing-parse]
  208 |   cxx11test::delegate d2();
      |                         ^~
conftest.cpp:208:25: note: remove parentheses to default-initialize a variable
  208 |   cxx11test::delegate d2();
      |                         ^~
      |                         --
conftest.cpp:208:25: note: or replace parentheses with braces to value-initialize a variable
configure:14861: $? = 0
configure:14879: result: none needed
configure:14945: checking dependency style of g++
configure:15057: result: gcc3
configure:15090: checking how to run the C++ preprocessor
configure:15112: g++ -E  conftest.cpp
configure:15112: $? = 0
configure:15127: g++ -E  conftest.cpp
conftest.cpp:42:10: fatal error: ac_nonexistent.h: No such file or directory
   42 | #include <ac_nonexistent.h>
      |          ^~~~~~~~~~~~~~~~~~
compilation terminated.
configure:15127: $? = 1
configure: failed program was:
| /* confdefs.h */
| #define PACKAGE_NAME "lvdasciiart-plugin"
| #define PACKAGE_TARNAME "lvdasciiart-plugin"
| #define PACKAGE_VERSION "0.0.1"
| #define PACKAGE_STRING "lvdasciiart-plugin 0.0.1"
| #define PACKAGE_BUGREPORT "veejay-users@lists.sourceforge.net"
| #define PACKAGE_URL ""
| #define PACKAGE "lvdasciiart-plugin"
| #define VERSION "0.0.1"
| #define VEEJAYUTIL 1
| #define HAVE_CONFIG_H 1
| #define HAVE_STDIO_H 1
| #define HAVE_STDLIB_H 1
| #define HAVE_STRING_H 1
| #define HAVE_INTTYPES_H 1
| #define HAVE_STDINT_H 1
| #define HAVE_STRINGS_H 1
| #define HAVE_SYS_STAT_H 1
| #define HAVE_SYS_TYPES_H 1
| #define HAVE_UNISTD_H 1
| #define HAVE_WCHAR_H 1
| #define STDC_HEADERS 1
| #define _ALL_SOURCE 1
| #define _DARWIN_C_SOURCE 1
| #define _GNU_SOURCE 1
| #define _HPUX_ALT_XOPEN_SOCKET_API 1
| #define _NETBSD_SOURCE 1
| #define _OPENBSD_SOURCE 1
| #define _POSIX_PTHREAD_SEMANTICS 1
| #define __STDC_WANT_IEC_60559_ATTRIBS_EXT__ 1
| #define __STDC_WANT_IEC_60559_BFP_EXT__ 1
| #define __STDC_WANT_IEC_60559_DFP_EXT__ 1
| #define __STDC_WANT_IEC_60559_FUNCS_EXT__ 1
| #define __STDC_WANT_IEC_60559_TYPES_EXT__ 1
| #define __STDC_WANT_LIB_EXT2__ 1
| #define __STDC_WANT_MATH_SPEC_FUNCS__ 1
| #define _TANDEM_SOURCE 1
| #define __EXTENSIONS__ 1
| #define HAVE_DLFCN_H 1
| #define LT_OBJDIR ".libs/"
| /* end confdefs.h.  */
| #include <ac_nonexistent.h>
configure:15154: result: g++ -E
configure:15168: g++ -E  conftest.cpp
configure:15168: $? = 0
configure:15183: g++ -E  conftest.cpp
conftest.cpp:42:10: fatal error: ac_nonexistent.h: No such file or directory
   42 | #include <ac_nonexistent.h>
      |          ^~~~~~~~~~~~~~~~~~
compilation terminated.
configure:15183: $? = 1
configure: failed program was:
| /* confdefs.h */
| #define PACKAGE_NAME "lvdasciiart-plugin"
| #define PACKAGE_TARNAME "lvdasciiart-plugin"
| #define PACKAGE_VERSION "0.0.1"
| #define PACKAGE_STRING "lvdasciiart-plugin 0.0.1"
| #define PACKAGE_BUGREPORT "veejay-users@lists.sourceforge.net"
| #define PACKAGE_URL ""
| #define PACKAGE "lvdasciiart-plugin"
| #define VERSION "0.0.1"
| #define VEEJAYUTIL 1
| #define HAVE_CONFIG_H 1
| #define HAVE_STDIO_H 1
| #define HAVE_STDLIB_H 1
| #define HAVE_STRING_H 1
| #define HAVE_INTTYPES_H 1
| #define HAVE_STDINT_H 1
| #define HAVE_STRINGS_H 1
| #define HAVE_SYS_STAT_H 1
| #define HAVE_SYS_TYPES_H 1
| #define HAVE_UNISTD_H 1
| #define HAVE_WCHAR_H 1
| #define STDC_HEADERS 1
| #define _ALL_SOURCE 1
| #define _DARWIN_C_SOURCE 1
| #define _GNU_SOURCE 1
| #define _HPUX_ALT_XOPEN_SOCKET_API 1
| #define _NETBSD_SOURCE 1
| #define _OPENBSD_SOURCE 1
| #define _POSIX_PTHREAD_SEMANTICS 1
| #define __STDC_WANT_IEC_60559_ATTRIBS_EXT__ 1
| #define __STDC_WANT_IEC_60559_BFP_EXT__ 1
| #define __STDC_WANT_IEC_60559_DFP_EXT__ 1
| #define __STDC_WANT_IEC_60559_FUNCS_EXT__ 1
| #define __STDC_WANT_IEC_60559_TYPES_EXT__ 1
| #define __STDC_WANT_LIB_EXT2__ 1
| #define __STDC_WANT_MATH_SPEC_FUNCS__ 1
| #define _TANDEM_SOURCE 1
| #define __EXTENSIONS__ 1
| #define HAVE_DLFCN_H 1
| #define LT_OBJDIR ".libs/"
| /* end confdefs.h.  */
| #include <ac_nonexistent.h>
configure:15348: checking for ld used by g++
configure:15416: result: /usr/bin/ld -m elf_x86_64
configure:15423: checking if the linker (/usr/bin/ld -m elf_x86_64) is GNU ld
configure:15439: result: yes
configure:15494: checking whether the g++ linker (/usr/bin/ld -m elf_x86_64) supports shared libraries
configure:16572: result: yes
configure:16608: g++ -c -g -O2  conftest.cpp >&5
configure:16611: $? = 0
configure:17092: checking for g++ option to produce PIC
configure:17100: result: -fPIC -DPIC
configure:17108: checking if g++ PIC flag -fPIC -DPIC works
configure:17127: g++ -c -g -O2  -fPIC -DPIC -DPIC conftest.cpp >&5
configure:17131: $? = 0
configure:17144: result: yes
configure:17167: checking if g++ static flag -static works
configure:17196: result: yes
configure:17208: checking if g++ supports -c -o file.o
configure:17230: g++ -c -g -O2  -o out/conftest2.o conftest.cpp >&5
configure:17234: $? = 0
configure:17256: result: yes
configure:17261: checking if g++ supports -c -o file.o
configure:17309: result: yes
configure:17339: checking whether the g++ linker (/usr/bin/ld -m elf_x86_64) supports shared libraries
configure:17382: result: yes
configure:17524: checking dynamic linker characteristics
configure:18284: result: GNU/Linux ld.so
configure:18349: checking how to hardcode library paths into programs
configure:18374: result: immediate
configure:18415: checking whether ln -s works
configure:18419: result: yes
configure:18426: checking whether byte ordering is bigendian
configure:18442: gcc -c   conftest.c >&5
conftest.c:43:16: error: unknown type name 'not'
   43 |                not a universal capable compiler
      |                ^~~
conftest.c:43:22: error: expected '=', ',', ';', 'asm' or '__attribute__' before 'universal'
   43 |                not a universal capable compiler
      |                      ^~~~~~~~~
conftest.c:43:22: error: unknown type name 'universal'
configure:18442: $? = 1
configure: failed program was:
| /* confdefs.h */
| #define PACKAGE_NAME "lvdasciiart-plugin"
| #define PACKAGE_TARNAME "lvdasciiart-plugin"
| #define PACKAGE_VERSION "0.0.1"
| #define PACKAGE_STRING "lvdasciiart-plugin 0.0.1"
| #define PACKAGE_BUGREPORT "veejay-users@lists.sourceforge.net"
| #define PACKAGE_URL ""
| #define PACKAGE "lvdasciiart-plugin"
| #define VERSION "0.0.1"
| #define VEEJAYUTIL 1
| #define HAVE_CONFIG_H 1
| #define HAVE_STDIO_H 1
| #define HAVE_STDLIB_H 1
| #define HAVE_STRING_H 1
| #define HAVE_INTTYPES_H 1
| #define HAVE_STDINT_H 1
| #define HAVE_STRINGS_H 1
| #define HAVE_SYS_STAT_H 1
| #define HAVE_SYS_TYPES_H 1
| #define HAVE_UNISTD_H 1
| #define HAVE_WCHAR_H 1
| #define STDC_HEADERS 1
| #define _ALL_SOURCE 1
| #define _DARWIN_C_SOURCE 1
| #define _GNU_SOURCE 1
| #define _HPUX_ALT_XOPEN_SOCKET_API 1
| #define _NETBSD_SOURCE 1
| #define _OPENBSD_SOURCE 1
| #define _POSIX_PTHREAD_SEMANTICS 1
| #define __STDC_WANT_IEC_60559_ATTRIBS_EXT__ 1
| #define __STDC_WANT_IEC_60559_BFP_EXT__ 1
| #define __STDC_WANT_IEC_60559_DFP_EXT__ 1
| #define __STDC_WANT_IEC_60559_FUNCS_EXT__ 1
| #define __STDC_WANT_IEC_60559_TYPES_EXT__ 1
| #define __STDC_WANT_LIB_EXT2__ 1
| #define __STDC_WANT_MATH_SPEC_FUNCS__ 1
| #define _TANDEM_SOURCE 1
| #define __EXTENSIONS__ 1
| #define HAVE_DLFCN_H 1
| #define LT_OBJDIR ".libs/"
| /* end confdefs.h.  */
| #ifndef __APPLE_CC__
| 	       not a universal capable compiler
| 	     #endif
| 	     typedef int dummy;
| 
configure:18488: gcc -c   conftest.c >&5
configure:18488: $? = 0
configure:18507: gcc -c   conftest.c >&5
conftest.c: In function 'main':
conftest.c:49:18: error: unknown type name 'not'; did you mean 'ino_t'?
   49 |                  not big endian
      |                  ^~~
      |                  ino_t
conftest.c:49:26: error: expected '=', ',', ';', 'asm' or '__attribute__' before 'endian'
   49 |                  not big endian
      |                          ^~~~~~
configure:18507: $? = 1
configure: failed program was:
| /* confdefs.h */
| #define PACKAGE_NAME "lvdasciiart-plugin"
| #define PACKAGE_TARNAME "lvdasciiart-plugin"
| #define PACKAGE_VERSION "0.0.1"
| #define PACKAGE_STRING "lvdasciiart-plugin 0.0.1"
| #define PACKAGE_BUGREPORT "veejay-users@lists.sourceforge.net"
| #define PACKAGE_URL ""
| #define PACKAGE "lvdasciiart-plugin"
| #define VERSION "0.0.1"
| #define VEEJAYUTIL 1
| #define HAVE_CONFIG_H 1
| #define HAVE_STDIO_H 1
| #define HAVE_STDLIB_H 1
| #define HAVE_STRING_H 1
| #define HAVE_INTTYPES_H 1
| #define HAVE_STDINT_H 1
| #define HAVE_STRINGS_H 1
| #define HAVE_SYS_STAT_H 1
| #define HAVE_SYS_TYPES_H 1
| #define HAVE_UNISTD_H 1
| #define HAVE_WCHAR_H 1
| #define STDC_HEADERS 1
| #define _ALL_SOURCE 1
| #define _DARWIN_C_SOURCE 1
| #define _GNU_SOURCE 1
| #define _HPUX_ALT_XOPEN_SOCKET_API 1
| #define _NETBSD_SOURCE 1
| #define _OPENBSD_SOURCE 1
| #define _POSIX_PTHREAD_SEMANTICS 1
| #define __STDC_WANT_IEC_60559_ATTRIBS_EXT__ 1
| #define __STDC_WANT_IEC_60559_BFP_EXT__ 1
| #define __STDC_WANT_IEC_60559_DFP_EXT__ 1
| #define __STDC_WANT_IEC_60559_FUNCS_EXT__ 1
| #define __STDC_WANT_IEC_60559_TYPES_EXT__ 1
| #define __STDC_WANT_LIB_EXT2__ 1
| #define __STDC_WANT_MATH_SPEC_FUNCS__ 1
| #define _TANDEM_SOURCE 1
| #define __EXTENSIONS__ 1
| #define HAVE_DLFCN_H 1
| #define LT_OBJDIR ".libs/"
| /* end confdefs.h.  */
| #include <sys/types.h>
| 		#include <sys/param.h>
| 
| int
| main (void)
| {
| #if BYTE_ORDER != BIG_ENDIAN
| 		 not big endian
| 		#endif
| 
|   ;
|   return 0;
| }
configure:18641: result: no
configure:18659: checking for an ANSI C-conforming const
configure:18726: gcc -c   conftest.c >&5
configure:18726: $? = 0
configure:18734: result: yes
configure:18742: checking for inline
configure:18759: gcc -c   conftest.c >&5
configure:18759: $? = 0
configure:18768: result: inline
configure:18794: checking for special C compiler options needed for large files
configure:18842: result: no
configure:18848: checking for _FILE_OFFSET_BITS value needed for large files
configure:18874: gcc -c   conftest.c >&5
configure:18874: $? = 0
configure:18908: result: no
configure:19000: checking dependency style of gcc
configure:19110: result: gcc3
configure:19126: checking for fenv.h
configure:19126: gcc -c   conftest.c >&5
configure:19126: $? = 0
configure:19126: result: yes
configure:19132: checking for stdint.h
configure:19132: result: yes
configure:19138: checking for inttypes.h
configure:19138: result: yes
configure:19144: checking for sys/types.h
configure:19144: result: yes
configure:19150: checking for alloca.h
configure:19150: gcc -c   conftest.c >&5
configure:19150: $? = 0
configure:19150: result: yes
configure:19158: checking for posix_memalign
configure:19158: gcc -o conftest    conftest.c  >&5
conftest.c:63:6: warning: conflicting types for built-in function 'posix_memalign'; expected 'int(void **, long unsigned int,  long unsigned int)' [-Wbuiltin-declaration-mismatch]
   63 | char posix_memalign ();
      |      ^~~~~~~~~~~~~~
configure:19158: $? = 0
configure:19158: result: yes
configure:19164: checking for memalign
configure:19164: gcc -o conftest    conftest.c  >&5
configure:19164: $? = 0
configure:19164: result: yes
configure:19170: checking for fmax
configure:19170: gcc -o conftest    conftest.c  >&5
conftest.c:65:6: warning: conflicting types for built-in function 'fmax'; expected 'double(double,  double)' [-Wbuiltin-declaration-mismatch]
   65 | char fmax ();
      |      ^~~~
conftest.c:57:1: note: 'fmax' is declared in header '<math.h>'
   56 | #include <limits.h>
   57 | #undef fmax
/usr/bin/ld: /tmp/ccarBsA8.o: in function `main':
conftest.c:(.text+0xe): undefined reference to `fmax'
collect2: error: ld returned 1 exit status
configure:19170: $? = 1
configure: failed program was:
| /* confdefs.h */
| #define PACKAGE_NAME "lvdasciiart-plugin"
| #define PACKAGE_TARNAME "lvdasciiart-plugin"
| #define PACKAGE_VERSION "0.0.1"
| #define PACKAGE_STRING "lvdasciiart-plugin 0.0.1"
| #define PACKAGE_BUGREPORT "veejay-users@lists.sourceforge.net"
| #define PACKAGE_URL ""
| #define PACKAGE "lvdasciiart-plugin"
| #define VERSION "0.0.1"
| #define VEEJAYUTIL 1
| #define HAVE_CONFIG_H 1
| #define HAVE_STDIO_H 1
| #define HAVE_STDLIB_H 1
| #define HAVE_STRING_H 1
| #define HAVE_INTTYPES_H 1
| #define HAVE_STDINT_H 1
| #define HAVE_STRINGS_H 1
| #define HAVE_SYS_STAT_H 1
| #define HAVE_SYS_TYPES_H 1
| #define HAVE_UNISTD_H 1
| #define HAVE_WCHAR_H 1
| #define STDC_HEADERS 1
| #define _ALL_SOURCE 1
| #define _DARWIN_C_SOURCE 1
| #define _GNU_SOURCE 1
| #define _HPUX_ALT_XOPEN_SOCKET_API 1
| #define _NETBSD_SOURCE 1
| #define _OPENBSD_SOURCE 1
| #define _POSIX_PTHREAD_SEMANTICS 1
| #define __STDC_WANT_IEC_60559_ATTRIBS_EXT__ 1
| #define __STDC_WANT_IEC_60559_BFP_EXT__ 1
| #define __STDC_WANT_IEC_60559_DFP_EXT__ 1
| #define __STDC_WANT_IEC_60559_FUNCS_EXT__ 1
| #define __STDC_WANT_IEC_60559_TYPES_EXT__ 1
| #define __STDC_WANT_LIB_EXT2__ 1
| #define __STDC_WANT_MATH_SPEC_FUNCS__ 1
| #define _TANDEM_SOURCE 1
| #define __EXTENSIONS__ 1
| #define HAVE_DLFCN_H 1
| #define LT_OBJDIR ".libs/"
| #define HAVE_FENV_H 1
| #define HAVE_STDINT_H 1
| #define HAVE_INTTYPES_H 1
| #define HAVE_SYS_TYPES_H 1
| #define HAVE_ALLOCA_H 1
| #define HAVE_POSIX_MEMALIGN 1
| #define HAVE_MEMALIGN 1
| /* end confdefs.h.  */
| /* Define fmax to an innocuous variant, in case <limits.h> declares fmax.
|    For example, HP-UX 11i <limits.h> declares gettimeofday.  */
| #define fmax innocuous_fmax
| 
| /* System header to define __stub macros and hopefully few prototypes,
|    which can conflict with char fmax (); below.  */
| 
| #include <limits.h>
| #undef fmax
| 
| /* Override any GCC internal prototype to avoid an error.
|    Use char because int might match the return type of a GCC
|    builtin and then its argument prototype would still apply.  */
| #ifdef __cplusplus
| extern "C"
| #endif
| char fmax ();
| /* The GNU C library defines this for functions which it implements
|     to always fail with ENOSYS.  Some functions are actually named
|     something starting with __ and the normal name is an alias.  */
| #if defined __stub_fmax || defined __stub___fmax
| choke me
| #endif
| 
| int
| main (void)
| {
| return fmax ();
|   ;
|   return 0;
| }
configure:19170: result: no
configure:19176: checking for lround
configure:19176: gcc -o conftest    conftest.c  >&5
conftest.c:65:6: warning: conflicting types for built-in function 'lround'; expected 'long int(double)' [-Wbuiltin-declaration-mismatch]
   65 | char lround ();
      |      ^~~~~~
conftest.c:57:1: note: 'lround' is declared in header '<math.h>'
   56 | #include <limits.h>
   57 | #undef lround
/usr/bin/ld: /tmp/cccwyKoy.o: in function `main':
conftest.c:(.text+0xe): undefined reference to `lround'
collect2: error: ld returned 1 exit status
configure:19176: $? = 1
configure: failed program was:
| /* confdefs.h */
| #define PACKAGE_NAME "lvdasciiart-plugin"
| #define PACKAGE_TARNAME "lvdasciiart-plugin"
| #define PACKAGE_VERSION "0.0.1"
| #define PACKAGE_STRING "lvdasciiart-plugin 0.0.1"
| #define PACKAGE_BUGREPORT "veejay-users@lists.sourceforge.net"
| #define PACKAGE_URL ""
| #define PACKAGE "lvdasciiart-plugin"
| #define VERSION "0.0.1"
| #define VEEJAYUTIL 1
| #define HAVE_CONFIG_H 1
| #define HAVE_STDIO_H 1
| #define HAVE_STDLIB_H 1
| #define HAVE_STRING_H 1
| #define HAVE_INTTYPES_H 1
| #define HAVE_STDINT_H 1
| #define HAVE_STRINGS_H 1
| #define HAVE_SYS_STAT_H 1
| #define HAVE_SYS_TYPES_H 1
| #define HAVE_UNISTD_H 1
| #define HAVE_WCHAR_H 1
| #define STDC_HEADERS 1
| #define _ALL_SOURCE 1
| #define _DARWIN_C_SOURCE 1
| #define _GNU_SOURCE 1
| #define _HPUX_ALT_XOPEN_SOCKET_API 1
| #define _NETBSD_SOURCE 1
| #define _OPENBSD_SOURCE 1
| #define _POSIX_PTHREAD_SEMANTICS 1
| #define __STDC_WANT_IEC_60559_ATTRIBS_EXT__ 1
| #define __STDC_WANT_IEC_60559_BFP_EXT__ 1
| #define __STDC_WANT_IEC_60559_DFP_EXT__ 1
| #define __STDC_WANT_IEC_60559_FUNCS_EXT__ 1
| #define __STDC_WANT_IEC_60559_TYPES_EXT__ 1
| #define __STDC_WANT_LIB_EXT2__ 1
| #define __STDC_WANT_MATH_SPEC_FUNCS__ 1
| #define _TANDEM_SOURCE 1
| #define __EXTENSIONS__ 1
| #define HAVE_DLFCN_H 1
| #define LT_OBJDIR ".libs/"
| #define HAVE_FENV_H 1
| #define HAVE_STDINT_H 1
| #define HAVE_INTTYPES_H 1
| #define HAVE_SYS_TYPES_H 1
| #define HAVE_ALLOCA_H 1
| #define HAVE_POSIX_MEMALIGN 1
| #define HAVE_MEMALIGN 1
| /* end confdefs.h.  */
| /* Define lround to an innocuous variant, in case <limits.h> declares lround.
|    For example, HP-UX 11i <limits.h> declares gettimeofday.  */
| #define lround innocuous_lround
| 
| /* System header to define __stub macros and hopefully few prototypes,
|    which can conflict with char lround (); below.  */
| 
| #include <limits.h>
| #undef lround
| 
| /* Override any GCC internal prototype to avoid an error.
|    Use char because int might match the return type of a GCC
|    builtin and then its argument prototype would still apply.  */
| #ifdef __cplusplus
| extern "C"
| #endif
| char lround ();
| /* The GNU C library defines this for functions which it implements
|     to always fail with ENOSYS.  Some functions are actually named
|     something starting with __ and the normal name is an alias.  */
| #if defined __stub_lround || defined __stub___lround
| choke me
| #endif
| 
| int
| main (void)
| {
| return lround ();
|   ;
|   return 0;
| }
configure:19176: result: no
configure:19182: checking for pow
configure:19182: gcc -o conftest    conftest.c  >&5
conftest.c:65:6: warning: conflicting types for built-in function 'pow'; expected 'double(double,  double)' [-Wbuiltin-declaration-mismatch]
   65 | char pow ();
      |      ^~~
conftest.c:57:1: note: 'pow' is declared in header '<math.h>'
   56 | #include <limits.h>
   57 | #undef pow
/usr/bin/ld: /tmp/cclFJRdB.o: in function `main':
conftest.c:(.text+0xe): undefined reference to `pow'
collect2: error: ld returned 1 exit status
configure:19182: $? = 1
configure: failed program was:
| /* confdefs.h */
| #define PACKAGE_NAME "lvdasciiart-plugin"
| #define PACKAGE_TARNAME "lvdasciiart-plugin"
| #define PACKAGE_VERSION "0.0.1"
| #define PACKAGE_STRING "lvdasciiart-plugin 0.0.1"
| #define PACKAGE_BUGREPORT "veejay-users@lists.sourceforge.net"
| #define PACKAGE_URL ""
| #define PACKAGE "lvdasciiart-plugin"
| #define VERSION "0.0.1"
| #define VEEJAYUTIL 1
| #define HAVE_CONFIG_H 1
| #define HAVE_STDIO_H 1
| #define HAVE_STDLIB_H 1
| #define HAVE_STRING_H 1
| #define HAVE_INTTYPES_H 1
| #define HAVE_STDINT_H 1
| #define HAVE_STRINGS_H 1
| #define HAVE_SYS_STAT_H 1
| #define HAVE_SYS_TYPES_H 1
| #define HAVE_UNISTD_H 1
| #define HAVE_WCHAR_H 1
| #define STDC_HEADERS 1
| #define _ALL_SOURCE 1
| #define _DARWIN_C_SOURCE 1
| #define _GNU_SOURCE 1
| #define _HPUX_ALT_XOPEN_SOCKET_API 1
| #define _NETBSD_SOURCE 1
| #define _OPENBSD_SOURCE 1
| #define _POSIX_PTHREAD_SEMANTICS 1
| #define __STDC_WANT_IEC_60559_ATTRIBS_EXT__ 1
| #define __STDC_WANT_IEC_60559_BFP_EXT__ 1
| #define __STDC_WANT_IEC_60559_DFP_EXT__ 1
| #define __STDC_WANT_IEC_60559_FUNCS_EXT__ 1
| #define __STDC_WANT_IEC_60559_TYPES_EXT__ 1
| #define __STDC_WANT_LIB_EXT2__ 1
| #define __STDC_WANT_MATH_SPEC_FUNCS__ 1
| #define _TANDEM_SOURCE 1
| #define __EXTENSIONS__ 1
| #define HAVE_DLFCN_H 1
| #define LT_OBJDIR ".libs/"
| #define HAVE_FENV_H 1
| #define HAVE_STDINT_H 1
| #define HAVE_INTTYPES_H 1
| #define HAVE_SYS_TYPES_H 1
| #define HAVE_ALLOCA_H 1
| #define HAVE_POSIX_MEMALIGN 1
| #define HAVE_MEMALIGN 1
| /* end confdefs.h.  */
| /* Define pow to an innocuous variant, in case <limits.h> declares pow.
|    For example, HP-UX 11i <limits.h> declares gettimeofday.  */
| #define pow innocuous_pow
| 
| /* System header to define __stub macros and hopefully few prototypes,
|    which can conflict with char pow (); below.  */
| 
| #include <limits.h>
| #undef pow
| 
| /* Override any GCC internal prototype to avoid an error.
|    Use char because int might match the return type of a GCC
|    builtin and then its argument prototype would still apply.  */
| #ifdef __cplusplus
| extern "C"
| #endif
| char pow ();
| /* The GNU C library defines this for functions which it implements
|     to always fail with ENOSYS.  Some functions are actually named
|     something starting with __ and the normal name is an alias.  */
| #if defined __stub_pow || defined __stub___pow
| choke me
| #endif
| 
| int
| main (void)
| {
| return pow ();
|   ;
|   return 0;
| }
configure:19182: result: no
configure:19188: checking for bzero
configure:19188: gcc -o conftest    conftest.c  >&5
conftest.c:65:6: warning: conflicting types for built-in function 'bzero'; expected 'void(void *, long unsigned int)' [-Wbuiltin-declaration-mismatch]
   65 | char bzero ();
      |      ^~~~~
configure:19188: $? = 0
configure:19188: result: yes
configure:19194: checking for gettimeofday
configure:19194: gcc -o conftest    conftest.c  >&5
configure:19194: $? = 0
configure:19194: result: yes
configure:19200: checking for memset
configure:19200: gcc -o conftest    conftest.c  >&5
conftest.c:67:6: warning: conflicting types for built-in function 'memset'; expected 'void *(void *, int,  long unsigned int)' [-Wbuiltin-declaration-mismatch]
   67 | char memset ();
      |      ^~~~~~
conftest.c:59:1: note: 'memset' is declared in header '<string.h>'
   58 | #include <limits.h>
   59 | #undef memset
configure:19200: $? = 0
configure:19200: result: yes
configure:19206: checking for mmap
configure:19206: gcc -o conftest    conftest.c  >&5
configure:19206: $? = 0
configure:19206: result: yes
configure:19212: checking for strndup
configure:19212: gcc -o conftest    conftest.c  >&5
conftest.c:69:6: warning: conflicting types for built-in function 'strndup'; expected 'char *(const char *, long unsigned int)' [-Wbuiltin-declaration-mismatch]
   69 | char strndup ();
      |      ^~~~~~~
configure:19212: $? = 0
configure:19212: result: yes
configure:19218: checking for strstr
configure:19218: gcc -o conftest    conftest.c  >&5
conftest.c:70:6: warning: conflicting types for built-in function 'strstr'; expected 'char *(const char *, const char *)' [-Wbuiltin-declaration-mismatch]
   70 | char strstr ();
      |      ^~~~~~
conftest.c:62:1: note: 'strstr' is declared in header '<string.h>'
   61 | #include <limits.h>
   62 | #undef strstr
configure:19218: $? = 0
configure:19218: result: yes
configure:19224: checking for strncasecmp
configure:19224: gcc -o conftest    conftest.c  >&5
conftest.c:71:6: warning: conflicting types for built-in function 'strncasecmp'; expected 'int(const char *, const char *, long unsigned int)' [-Wbuiltin-declaration-mismatch]
   71 | char strncasecmp ();
      |      ^~~~~~~~~~~
configure:19224: $? = 0
configure:19224: result: yes
configure:19231: checking for sched_get_priority_max
configure:19231: gcc -o conftest    conftest.c  >&5
configure:19231: $? = 0
configure:19231: result: yes
configure:19238: checking for select
configure:19238: gcc -o conftest    conftest.c  >&5
configure:19238: $? = 0
configure:19238: result: yes
configure:19244: checking for socket
configure:19244: gcc -o conftest    conftest.c  >&5
configure:19244: $? = 0
configure:19244: result: yes
configure:19250: checking for getpagesize
configure:19250: gcc -o conftest    conftest.c  >&5
configure:19250: $? = 0
configure:19250: result: yes
configure:19256: checking for memcpy
configure:19256: gcc -o conftest    conftest.c  >&5
conftest.c:76:6: warning: conflicting types for built-in function 'memcpy'; expected 'void *(void *, const void *, long unsigned int)' [-Wbuiltin-declaration-mismatch]
   76 | char memcpy ();
      |      ^~~~~~
conftest.c:68:1: note: 'memcpy' is declared in header '<string.h>'
   67 | #include <limits.h>
   68 | #undef memcpy
configure:19256: $? = 0
configure:19256: result: yes
configure:19264: checking for getopt_long
configure:19264: gcc -o conftest    conftest.c  >&5
configure:19264: $? = 0
configure:19264: result: yes
configure:19323: checking size of int
configure:19329: gcc -o conftest    conftest.c  >&5
configure:19329: $? = 0
configure:19329: ./conftest
configure:19329: $? = 0
configure:19344: result: 4
configure:19356: checking size of long int
configure:19362: gcc -o conftest    conftest.c  >&5
configure:19362: $? = 0
configure:19362: ./conftest
configure:19362: $? = 0
configure:19377: result: 8
configure:19389: checking size of size_t
configure:19395: gcc -o conftest    conftest.c  >&5
configure:19395: $? = 0
configure:19395: ./conftest
configure:19395: $? = 0
configure:19410: result: 8
configure:19422: checking size of float
configure:19428: gcc -o conftest    conftest.c  >&5
configure:19428: $? = 0
configure:19428: ./conftest
configure:19428: $? = 0
configure:19443: result: 4
configure:19453: checking for aalib.h
configure:19453: gcc -c   conftest.c >&5
configure:19453: $? = 0
configure:19453: result: yes
configure:19471: The host is x86_64-pc-linux-gnu  x86_64  pc  linux-gnu .
configure:19477: checking for dlopen in -ldl
configure:19500: gcc -o conftest    conftest.c -ldl   >&5
configure:19500: $? = 0
configure:19510: result: yes
configure:19527: checking whether to compile in debugging information
configure:19535: result: no
configure:19538: checking whether to compile in profiling information
configure:19547: result: no
configure:19551: checking Architecture
configure:19689: result: 
configure:19700: checking what warning flags to pass to the C compiler
configure:19797: checking for pkg-config
configure:19820: found /usr/bin/pkg-config
configure:19832: result: /usr/bin/pkg-config
configure:19857: checking pkg-config is at least version 0.9.0
configure:19860: result: yes
configure:19870: checking for freetype2
configure:19877: $PKG_CONFIG --exists --print-errors "freetype2"
configure:19880: $? = 0
configure:19894: $PKG_CONFIG --exists --print-errors "freetype2"
configure:19897: $? = 0
configure:19935: result: yes
configure:19949: checking for libavutil >= 49.7.0
configure:19956: $PKG_CONFIG --exists --print-errors "libavutil >= 49.7.0"
configure:19959: $? = 0
configure:19973: $PKG_CONFIG --exists --print-errors "libavutil >= 49.7.0"
configure:19976: $? = 0
configure:20014: result: yes
configure:20020: checking for libswscale >= 0.7.1
configure:20027: $PKG_CONFIG --exists --print-errors "libswscale >= 0.7.1"
configure:20030: $? = 0
configure:20044: $PKG_CONFIG --exists --print-errors "libswscale >= 0.7.1"
configure:20047: $? = 0
configure:20085: result: yes
configure:20206: checking that generated files are newer than configure
configure:20212: result: done
configure:20252: creating ./config.status

## ---------------------- ##
## Running config.status. ##
## ---------------------- ##

This file was extended by lvdasciiart-plugin config.status 0.0.1, which was
generated by GNU Autoconf 2.71.  Invocation command line was

  CONFIG_FILES    = 
  CONFIG_HEADERS  = 
  CONFIG_LINKS    = 
  CONFIG_COMMANDS = 
  $ ./config.status 

on veejay-machine

config.status:1228: creating Makefile
config.status:1228: creating plugins/Makefile
config.status:1228: creating config.h
config.status:1457: executing depfiles commands
config.status:1534: cd plugins       && sed -e '/# am--include-marker/d' Makefile         | make -f - am--depfiles
config.status:1539: $? = 0
config.status:1457: executing libtool commands
configure:22663: WARNING: unrecognized options: --with-ndi, --with-nvjpeg
configure:22671: 
configure:22673:  Livido aalib filter 0.0.1 build configuration :
configure:22675: 
configure:22677:  Compiler flags:   -Wall -Wunused  -DSILENT
configure:22679: 
configure:22681:  Architecture: x86_64 
configure:22683: 
configure:22685: 
configure:22687:   - AALib                         : true
configure:22689:   - FreeType2                     : true
configure:22691:   - FFmpeg/AV Swscaler            : true 
configure:22693:   - FFmpeg/AV AVUtil              : true 

## ---------------- ##
## Cache variables. ##
## ---------------- ##

ac_cv_build=x86_64-pc-linux-gnu
ac_cv_c_bigendian=no
ac_cv_c_compiler_gnu=yes
ac_cv_c_const=yes
ac_cv_c_inline=inline
ac_cv_cxx_compiler_gnu=yes
ac_cv_env_CCASFLAGS_set=
ac_cv_env_CCASFLAGS_value=
ac_cv_env_CCAS_set=
ac_cv_env_CCAS_value=
ac_cv_env_CCC_set=
ac_cv_env_CCC_value=
ac_cv_env_CC_set=
ac_cv_env_CC_value=
ac_cv_env_CFLAGS_set=
ac_cv_env_CFLAGS_value=
ac_cv_env_CPPFLAGS_set=
ac_cv_env_CPPFLAGS_value=
ac_cv_env_CXXCPP_set=
ac_cv_env_CXXCPP_value=
ac_cv_env_CXXFLAGS_set=
ac_cv_env_CXXFLAGS_value=
ac_cv_env_CXX_set=
ac_cv_env_CXX_value=
ac_cv_env_FREETYPE2_CFLAGS_set=
ac_cv_env_FREETYPE2_CFLAGS_value=
ac_cv_env_FREETYPE2_LIBS_set=
ac_cv_env_FREETYPE2_LIBS_value=
ac_cv_env_LDFLAGS_set=
ac_cv_env_LDFLAGS_value=
ac_cv_env_LIBAVUTIL_CFLAGS_set=
ac_cv_env_LIBAVUTIL_CFLAGS_value=
ac_cv_env_LIBAVUTIL_LIBS_set=
ac_cv_env_LIBAVUTIL_LIBS_value=
ac_cv_env_LIBSWSCALE_CFLAGS_set=
ac_cv_env_LIBSWSCALE_CFLAGS_value=
ac_cv_env_LIBSWSCALE_LIBS_set=
ac_cv_env_LIBSWSCALE_LIBS_value=
ac_cv_env_LIBS_set=
ac_cv_env_LIBS_value=
ac_cv_env_LT_SYS_LIBRARY_PATH_set=
ac_cv_env_LT_SYS_LIBRARY_PATH_value=
ac_cv_env_PKG_CONFIG_LIBDIR_set=
ac_cv_env_PKG_CONFIG_LIBDIR_value=
ac_cv_env_PKG_CONFIG_PATH_set=
ac_cv_env_PKG_CONFIG_PATH_value=
ac_cv_env_PKG_CONFIG_set=
ac_cv_env_PKG_CONFIG_value=
ac_cv_env_YACC_set=
ac_cv_env_YACC_value=
ac_cv_env_YFLAGS_set=
ac_cv_env_YFLAGS_value=
ac_cv_env_build_alias_set=
ac_cv_env_build_alias_value=
ac_cv_env_host_alias_set=
ac_cv_env_host_alias_value=
ac_cv_env_target_alias_set=
ac_cv_env_target_alias_value=
ac_cv_func_bzero=yes
ac_cv_func_fmax=no
ac_cv_func_getopt_long=yes
ac_cv_func_getpagesize=yes
ac_cv_func_gettimeofday=yes
ac_cv_func_lround=no
ac_cv_func_memalign=yes
ac_cv_func_memcpy=yes
ac_cv_func_memset=yes
ac_cv_func_mmap=yes
ac_cv_func_posix_memalign=yes
ac_cv_func_pow=no
ac_cv_func_sched_get_priority_max=yes
ac_cv_func_select=yes
ac_cv_func_socket=yes
ac_cv_func_strncasecmp=yes
ac_cv_func_strndup=yes
ac_cv_func_strstr=yes
ac_cv_header_aalib_h=yes
ac_cv_header_alloca_h=yes
ac_cv_header_dlfcn_h=yes
ac_cv_header_fenv_h=yes
ac_cv_header_inttypes_h=yes
ac_cv_header_minix_config_h=no
ac_cv_header_stdint_h=yes
ac_cv_header_stdio_h=yes
ac_cv_header_stdlib_h=yes
ac_cv_header_string_h=yes
ac_cv_header_strings_h=yes
ac_cv_header_sys_stat_h=yes
ac_cv_header_sys_types_h=yes
ac_cv_header_unistd_h=yes
ac_cv_header_wchar_h=yes
ac_cv_host=x86_64-pc-linux-gnu
ac_cv_lib_dl_dlopen=yes
ac_cv_objext=o
ac_cv_path_EGREP='/usr/bin/grep -E'
ac_cv_path_FGREP='/usr/bin/grep -F'
ac_cv_path_GREP=/usr/bin/grep
ac_cv_path_SED=/usr/bin/sed
ac_cv_path_ac_pt_PKG_CONFIG=/usr/bin/pkg-config
ac_cv_path_install='/usr/bin/install -c'
ac_cv_path_lt_DD=/usr/bin/dd
ac_cv_path_mkdir=/usr/bin/mkdir
ac_cv_prog_AWK=gawk
ac_cv_prog_CXXCPP='g++ -E'
ac_cv_prog_ac_ct_AR=ar
ac_cv_prog_ac_ct_CC=gcc
ac_cv_prog_ac_ct_CXX=g++
ac_cv_prog_ac_ct_FILECMD=file
ac_cv_prog_ac_ct_MANIFEST_TOOL=mt
ac_cv_prog_ac_ct_OBJDUMP=objdump
ac_cv_prog_ac_ct_RANLIB=ranlib
ac_cv_prog_ac_ct_STRIP=strip
ac_cv_prog_cc_c11=
ac_cv_prog_cc_g=yes
ac_cv_prog_cc_stdc=
ac_cv_prog_cxx_cxx11=
ac_cv_prog_cxx_g=yes
ac_cv_prog_cxx_stdcxx=
ac_cv_prog_make_make_set=yes
ac_cv_safe_to_define___extensions__=yes
ac_cv_should_define__xopen_source=no
ac_cv_sizeof_float=4
ac_cv_sizeof_int=4
ac_cv_sizeof_long_int=8
ac_cv_sizeof_size_t=8
ac_cv_sys_file_offset_bits=no
ac_cv_sys_largefile_CC=no
ac_cv_target=x86_64-pc-linux-gnu
am_cv_CCAS_dependencies_compiler_type=gcc3
am_cv_CC_dependencies_compiler_type=gcc3
am_cv_CXX_dependencies_compiler_type=gcc3
am_cv_make_support_nested_variables=yes
am_cv_prog_cc_c_o=yes
lt_cv_ar_at_file=@
lt_cv_archive_cmds_need_lc=no
lt_cv_deplibs_check_method=pass_all
lt_cv_file_magic_cmd='$MAGIC_CMD'
lt_cv_file_magic_test_file=
lt_cv_ld_reload_flag=-r
lt_cv_nm_interface='BSD nm'
lt_cv_objdir=.libs
lt_cv_path_LD=/usr/bin/ld
lt_cv_path_LDCXX='/usr/bin/ld -m elf_x86_64'
lt_cv_path_NM='/usr/bin/nm -B'
lt_cv_path_mainfest_tool=no
lt_cv_prog_compiler_c_o=yes
lt_cv_prog_compiler_c_o_CXX=yes
lt_cv_prog_compiler_pic='-fPIC -DPIC'
lt_cv_prog_compiler_pic_CXX='-fPIC -DPIC'
lt_cv_prog_compiler_pic_works=yes
lt_cv_prog_compiler_pic_works_CXX=yes
lt_cv_prog_compiler_rtti_exceptions=no
lt_cv_prog_compiler_static_works=yes
lt_cv_prog_compiler_static_works_CXX=yes
lt_cv_prog_gnu_ld=yes
lt_cv_prog_gnu_ldcxx=yes
lt_cv_sharedlib_from_linklib_cmd='printf %s\n'
lt_cv_shlibpath_overrides_runpath=yes
lt_cv_sys_global_symbol_pipe='/usr/bin/sed -n -e '\''s/^.*[	 ]\([ABCDGIRSTW][ABCDGIRSTW]*\)[	 ][	 ]*\([_A-Za-z][_A-Za-z0-9]*\)$/\1 \2 \2/p'\'' | /usr/bin/sed '\''/ __gnu_lto/d'\'''
lt_cv_sys_global_symbol_to_c_name_address='/usr/bin/sed -n -e '\''s/^: \(.*\) .*$/  {"\1", (void *) 0},/p'\'' -e '\''s/^[ABCDGIRSTW][ABCDGIRSTW]* .* \(.*\)$/  {"\1", (void *) \&\1},/p'\'''
lt_cv_sys_global_symbol_to_c_name_address_lib_prefix='/usr/bin/sed -n -e '\''s/^: \(.*\) .*$/  {"\1", (void *) 0},/p'\'' -e '\''s/^[ABCDGIRSTW][ABCDGIRSTW]* .* \(lib.*\)$/  {"\1", (void *) \&\1},/p'\'' -e '\''s/^[ABCDGIRSTW][ABCDGIRSTW]* .* \(.*\)$/  {"lib\1", (void *) \&\1},/p'\'''
lt_cv_sys_global_symbol_to_cdecl='/usr/bin/sed -n -e '\''s/^T .* \(.*\)$/extern int \1();/p'\'' -e '\''s/^[ABCDGIRSTW][ABCDGIRSTW]* .* \(.*\)$/extern char \1;/p'\'''
lt_cv_sys_global_symbol_to_import=
lt_cv_sys_max_cmd_len=1572864
lt_cv_to_host_file_cmd=func_convert_file_noop
lt_cv_to_tool_file_cmd=func_convert_file_noop
lt_cv_truncate_bin='/usr/bin/dd bs=4096 count=1'
pkg_cv_FREETYPE2_CFLAGS='-I/usr/include/freetype2 -I/usr/include/libpng16 '
pkg_cv_FREETYPE2_LIBS='-lfreetype '
pkg_cv_LIBAVUTIL_CFLAGS='-I/usr/include/x86_64-linux-gnu '
pkg_cv_LIBAVUTIL_LIBS='-lavutil '
pkg_cv_LIBSWSCALE_CFLAGS='-I/usr/include/x86_64-linux-gnu '
pkg_cv_LIBSWSCALE_LIBS='-lswscale '

## ----------------- ##
## Output variables. ##
## ----------------- ##

AA_LIBS='-laa'
ACLOCAL='${SHELL} '\''/home/veejay/vj6/veejay/veejay-current/plugin-packs/lvdasciiart/missing'\'' aclocal-1.16'
AMDEPBACKSLASH='\'
AMDEP_FALSE='#'
AMDEP_TRUE=''
AMTAR='$${TAR-tar}'
AM_BACKSLASH='\'
AM_DEFAULT_V='$(AM_DEFAULT_VERBOSITY)'
AM_DEFAULT_VERBOSITY='1'
AM_V='$(V)'
AR='ar'
AUTOCONF='${SHELL} '\''/home/veejay/vj6/veejay/veejay-current/plugin-packs/lvdasciiart/missing'\'' autoconf'
AUTOHEADER='${SHELL} '\''/home/veejay/vj6/veejay/veejay-current/plugin-packs/lvdasciiart/missing'\'' autoheader'
AUTOMAKE='${SHELL} '\''/home/veejay/vj6/veejay/veejay-current/plugin-packs/lvdasciiart/missing'\'' automake-1.16'
AWK='gawk'
CC='gcc'
CCAS='gcc'
CCASDEPMODE='depmode=gcc3'
CCASFLAGS=''
CCDEPMODE='depmode=gcc3'
CFLAGS='  -Wall -Wunused  -DSILENT'
CPPFLAGS=''
CSCOPE='cscope'
CTAGS='ctags'
CXX='g++'
CXXCPP='g++ -E'
CXXDEPMODE='depmode=gcc3'
CXXFLAGS=' -g -O2 '
CYGPATH_W='echo'
DEBUGLIBS=''
DEFS='-DHAVE_CONFIG_H'
DEPDIR='.deps'
DLLTOOL='false'
DSYMUTIL=''
DUMPBIN=''
ECHO_C=''
ECHO_N='-n'
ECHO_T=''
EGREP='/usr/bin/grep -E'
ETAGS='etags'
EXEEXT=''
FFMPEG_CFLAGS='-I/usr/include/x86_64-linux-gnu  -I/usr/include/x86_64-linux-gnu '
FFMPEG_LIBS='-lavutil  -lswscale '
FGREP='/usr/bin/grep -F'
FILECMD='file'
FREETYPE2_CFLAGS='-I/usr/include/freetype2 -I/usr/include/libpng16 '
FREETYPE2_LIBS='-lfreetype '
GREP='/usr/bin/grep'
INSTALL_DATA='${INSTALL} -m 644'
INSTALL_PROGRAM='${INSTALL}'
INSTALL_SCRIPT='${INSTALL}'
INSTALL_STRIP_PROGRAM='$(install_sh) -c -s'
LD='/usr/bin/ld -m elf_x86_64'
LDFLAGS=''
LIBAVUTIL_CFLAGS='-I/usr/include/x86_64-linux-gnu '
LIBAVUTIL_LIBS='-lavutil '
LIBM_LIBS=''
LIBOBJS=''
LIBS='-ldl '
LIBSWSCALE_CFLAGS='-I/usr/include/x86_64-linux-gnu '
LIBSWSCALE_LIBS='-lswscale '
LIBTOOL='$(SHELL) $(top_builddir)/libtool'
LIPO=''
LN_S='ln -s'
LTLIBOBJS=''
LT_AGE='1'
LT_CURRENT='1'
LT_RELEASE='0.0'
LT_REVISION='1'
LT_SYS_LIBRARY_PATH=''
MAINT='#'
MAINTAINER_MODE_FALSE=''
MAINTAINER_MODE_TRUE='#'
MAKEINFO='${SHELL} '\''/home/veejay/vj6/veejay/veejay-current/plugin-packs/lvdasciiart/missing'\'' makeinfo'
MANIFEST_TOOL=':'
MKDIR_P='/usr/bin/mkdir -p'
NM='/usr/bin/nm -B'
NMEDIT=''
OBJDUMP='objdump'
OBJEXT='o'
OTOOL64=''
OTOOL=''
PACKAGE='lvdasciiart-plugin'
PACKAGE_BUGREPORT='veejay-users@lists.sourceforge.net'
PACKAGE_NAME='lvdasciiart-plugin'
PACKAGE_STRING='lvdasciiart-plugin 0.0.1'
PACKAGE_TARNAME='lvdasciiart-plugin'
PACKAGE_URL=''
PACKAGE_VERSION='0.0.1'
PATH_SEPARATOR=':'
PKG_CONFIG='/usr/bin/pkg-config'
PKG_CONFIG_LIBDIR=''
PKG_CONFIG_PATH=''
PROGRAM_NOPIC=''
RANLIB='ranlib'
SED='/usr/bin/sed'
SET_MAKE=''
SHELL='/bin/bash'
STRIP='strip'
VERSION='0.0.1'
YACC='yacc'
YFLAGS=''
ac_ct_AR='ar'
ac_ct_CC='gcc'
ac_ct_CXX='g++'
ac_ct_DUMPBIN=''
am__EXEEXT_FALSE=''
am__EXEEXT_TRUE='#'
am__fastdepCCAS_FALSE='#'
am__fastdepCCAS_TRUE=''
am__fastdepCC_FALSE='#'
am__fastdepCC_TRUE=''
am__fastdepCXX_FALSE='#'
am__fastdepCXX_TRUE=''
am__include='include'
am__isrc=''
am__leading_dot='.'
am__nodep='_no'
am__quote=''
am__tar='$${TAR-tar} chof - "$$tardir"'
am__untar='$${TAR-tar} xf -'
bindir='${exec_prefix}/bin'
build='x86_64-pc-linux-gnu'
build_alias=''
build_cpu='x86_64'
build_os='linux-gnu'
build_vendor='pc'
datadir='${datarootdir}'
datarootdir='${prefix}/share'
docdir='${datarootdir}/doc/${PACKAGE_TARNAME}'
dvidir='${docdir}'
exec_prefix='${prefix}'
host='x86_64-pc-linux-gnu'
host_alias=''
host_cpu='x86_64'
host_os='linux-gnu'
host_vendor='pc'
htmldir='${docdir}'
includedir='${prefix}/include'
infodir='${datarootdir}/info'
install_sh='${SHELL} /home/veejay/vj6/veejay/veejay-current/plugin-packs/lvdasciiart/install-sh'
libdir='${exec_prefix}/lib'
libexecdir='${exec_prefix}/libexec'
localedir='${datarootdir}/locale'
localstatedir='${prefix}/var'
mandir='${datarootdir}/man'
mkdir_p='$(MKDIR_P)'
oldincludedir='/usr/include'
pdfdir='${docdir}'
prefix='/usr/local'
program_transform_name='s,x,x,'
psdir='${docdir}'
runstatedir='${localstatedir}/run'
sbindir='${exec_prefix}/sbin'
sharedstatedir='${prefix}/com'
sysconfdir='${prefix}/etc'
target='x86_64-pc-linux-gnu'
target_alias=''
target_cpu='x86_64'
target_os='linux-gnu'
target_vendor='pc'

## ----------- ##
## confdefs.h. ##
## ----------- ##

/* confdefs.h */
#define PACKAGE_NAME "lvdasciiart-plugin"
#define PACKAGE_TARNAME "lvdasciiart-plugin"
#define PACKAGE_VERSION "0.0.1"
#define PACKAGE_STRING "lvdasciiart-plugin 0.0.1"
#define PACKAGE_BUGREPORT "veejay-users@lists.sourceforge.net"
#define PACKAGE_URL ""
#define PACKAGE "lvdasciiart-plugin"
#define VERSION "0.0.1"
#define VEEJAYUTIL 1
#define HAVE_CONFIG_H 1
#define HAVE_STDIO_H 1
#define HAVE_STDLIB_H 1
#define HAVE_STRING_H 1
#define HAVE_INTTYPES_H 1
#define HAVE_STDINT_H 1
#define HAVE_STRINGS_H 1
#define HAVE_SYS_STAT_H 1
#define HAVE_SYS_TYPES_H 1
#define HAVE_UNISTD_H 1
#define HAVE_WCHAR_H 1
#define STDC_HEADERS 1
#define _ALL_SOURCE 1
#define _DARWIN_C_SOURCE 1
#define _GNU_SOURCE 1
#define _HPUX_ALT_XOPEN_SOCKET_API 1
#define _NETBSD_SOURCE 1
#define _OPENBSD_SOURCE 1
#define _POSIX_PTHREAD_SEMANTICS 1
#define __STDC_WANT_IEC_60559_ATTRIBS_EXT__ 1
#define __STDC_WANT_IEC_60559_BFP_EXT__ 1
#define __STDC_WANT_IEC_60559_DFP_EXT__ 1
#define __STDC_WANT_IEC_60559_FUNCS_EXT__ 1
#define __STDC_WANT_IEC_60559_TYPES_EXT__ 1
#define __STDC_WANT_LIB_EXT2__ 1
#define __STDC_WANT_MATH_SPEC_FUNCS__ 1
#define _TANDEM_SOURCE 1
#define __EXTENSIONS__ 1
#define HAVE_DLFCN_H 1
#define LT_OBJDIR ".libs/"
#define HAVE_FENV_H 1
#define HAVE_STDINT_H 1
#define HAVE_INTTYPES_H 1
#define HAVE_SYS_TYPES_H 1
#define HAVE_ALLOCA_H 1
#define HAVE_POSIX_MEMALIGN 1
#define HAVE_MEMALIGN 1
#define HAVE_BZERO 1
#define HAVE_GETTIMEOFDAY 1
#define HAVE_MEMSET 1
#define HAVE_MMAP 1
#define HAVE_STRNDUP 1
#define HAVE_STRSTR 1
#define HAVE_STRNCASECMP 1
#define HAVE_SCHED_GET_PRIORITY_MAX 1
#define HAVE_SELECT 1
#define HAVE_SOCKET 1
#define HAVE_GETPAGESIZE 1
#define HAVE_MEMCPY 1
#define HAVE_GETOPT_LONG 1
#define SIZEOF_INT 4
#define SIZEOF_LONG_INT 8
#define SIZEOF_SIZE_T 8
#define SIZEOF_FLOAT 4
#define HAVE_AALIB 1
#define HAVE_LIBDL 1
#define HAVE_DL_DLOPEN /**/
#define HAVE_X86_CPU 1
#define ARCH_X86_64 1
#define HAVE_FREETYPE /**/
#define VERSION ${VERSION}

configure: exit 0
