This file contains any messages produced by compilers while
running configure, to aid debugging if configure makes a mistake.

It was created by reloaded configure 1.5.63, which was
generated by GNU Autoconf 2.71.  Invocation command line was

  $ ./configure --with-ndi=/opt/ndi6 --with-nvjpeg=yes

## --------- ##
## Platform. ##
## --------- ##

hostname = veejay-machine
uname -m = x86_64
uname -r = 6.14.0-37-generic
uname -s = Linux
uname -v = #37~24.04.1-Ubuntu SMP PREEMPT_DYNAMIC Thu Nov 20 10:25:38 UTC 2

/usr/bin/uname -p = x86_64
/bin/uname -X     = unknown

/bin/arch              = x86_64
/usr/bin/arch -k       = unknown
/usr/convex/getsysinfo = unknown
/usr/bin/hostinfo      = unknown
/bin/machine           = unknown
/usr/bin/oslevel       = unknown
/bin/universe          = unknown

PATH: /home/veejay/Applications/.bin/
PATH: /home/veejay/.local/bin/
PATH: /usr/local/sbin/
PATH: /usr/local/bin/
PATH: /usr/sbin/
PATH: /usr/bin/
PATH: /sbin/
PATH: /bin/
PATH: /usr/games/
PATH: /usr/local/games/
PATH: /snap/bin/
PATH: /snap/bin/


## ----------- ##
## Core tests. ##
## ----------- ##

configure:2795: looking for aux files: ltmain.sh compile missing install-sh config.guess config.sub
configure:2808:  trying ./
configure:2837:   ./ltmain.sh found
configure:2837:   ./compile found
configure:2837:   ./missing found
configure:2819:   ./install-sh found
configure:2837:   ./config.guess found
configure:2837:   ./config.sub found
configure:2966: checking build system type
configure:2981: result: x86_64-pc-linux-gnu
configure:3001: checking host system type
configure:3015: result: x86_64-pc-linux-gnu
configure:3035: checking target system type
configure:3049: result: x86_64-pc-linux-gnu
configure:3093: checking for a BSD-compatible install
configure:3166: result: /usr/bin/install -c
configure:3177: checking whether build environment is sane
configure:3232: result: yes
configure:3391: checking for a race-free mkdir -p
configure:3435: result: /usr/bin/mkdir -p
configure:3442: checking for gawk
configure:3463: found /usr/bin/gawk
configure:3474: result: gawk
configure:3485: checking whether make sets $(MAKE)
configure:3508: result: yes
configure:3538: checking whether make supports nested variables
configure:3556: result: yes
configure:3693: checking whether to enable maintainer-specific portions of Makefiles
configure:3703: result: no
configure:3805: checking whether make supports the include directive
configure:3820: make -f confmf.GNU && cat confinc.out
this is the am__doit target
configure:3823: $? = 0
configure:3842: result: yes (GNU style)
configure:3918: checking for gcc
configure:3939: found /usr/bin/gcc
configure:3950: result: gcc
configure:4303: checking for C compiler version
configure:4312: gcc --version >&5
gcc (Ubuntu 13.3.0-6ubuntu2~24.04) 13.3.0
Copyright (C) 2023 Free Software Foundation, Inc.
This is free software; see the source for copying conditions.  There is NO
warranty; not even for MERCHANTABILITY or FITNESS FOR A PARTICULAR PURPOSE.

configure:4323: $? = 0
configure:4312: gcc -v >&5
Using built-in specs.
COLLECT_GCC=gcc
COLLECT_LTO_WRAPPER=/usr/libexec/gcc/x86_64-linux-gnu/13/lto-wrapper
OFFLOAD_TARGET_NAMES=nvptx-none:amdgcn-amdhsa
OFFLOAD_TARGET_DEFAULT=1
Target: x86_64-linux-gnu
Configured with: ../src/configure -v --with-pkgversion='Ubuntu 13.3.0-6ubuntu2~24.04' --with-bugurl=file:///usr/share/doc/gcc-13/README.Bugs --enable-languages=c,ada,c++,go,d,fortran,objc,obj-c++,m2 --prefix=/usr --with-gcc-major-version-only --program-suffix=-13 --program-prefix=x86_64-linux-gnu- --enable-shared --enable-linker-build-id --libexecdir=/usr/libexec --without-included-gettext --enable-threads=posix --libdir=/usr/lib --enable-nls --enable-bootstrap --enable-clocale=gnu --enable-libstdcxx-debug --enable-libstdcxx-time=yes --with-default-libstdcxx-abi=new --enable-libstdcxx-backtrace --enable-gnu-unique-object --disable-vtable-verify --enable-plugin --enable-default-pie --with-system-zlib --enable-libphobos-checking=release --with-target-system-zlib=auto --enable-objc-gc=auto --enable-multiarch --disable-werror --enable-cet --with-arch-32=i686 --with-abi=m64 --with-multilib-list=m32,m64,mx32 --enable-multilib --with-tune=generic --enable-offload-targets=nvptx-none=/build/gcc-13-fG75Ri/gcc-13-13.3.0/debian/tmp-nvptx/usr,amdgcn-amdhsa=/build/gcc-13-fG75Ri/gcc-13-13.3.0/debian/tmp-gcn/usr --enable-offload-defaulted --without-cuda-driver --enable-checking=release --build=x86_64-linux-gnu --host=x86_64-linux-gnu --target=x86_64-linux-gnu --with-build-config=bootstrap-lto-lean --enable-link-serialization=2
Thread model: posix
Supported LTO compression algorithms: zlib zstd
gcc version 13.3.0 (Ubuntu 13.3.0-6ubuntu2~24.04) 
... rest of stderr output deleted ...
configure:4323: $? = 0
configure:4312: gcc -V >&5
gcc: error: unrecognized command-line option '-V'
gcc: fatal error: no input files
compilation terminated.
configure:4323: $? = 1
configure:4312: gcc -qversion >&5
gcc: error: unrecognized command-line option '-qversion'; did you mean '--version'?
gcc: fatal error: no input files
compilation terminated.
configure:4323: $? = 1
configure:4312: gcc -version >&5
gcc: error: unrecognized command-line option '-version'
gcc: fatal error: no input files
compilation terminated.
configure:4323: $? = 1
configure:4343: checking whether the C compiler works
configure:4365: gcc    conftest.c  >&5
configure:4369: $? = 0
configure:4419: result: yes
configure:4422: checking for C compiler default output file name
configure:4424: result: a.out
configure:4430: checking for suffix of executables
configure:4437: gcc -o conftest    conftest.c  >&5
configure:4441: $? = 0
configure:4464: result: 
configure:4486: checking whether we are cross compiling
configure:4494: gcc -o conftest    conftest.c  >&5
configure:4498: $? = 0
configure:4505: ./conftest
configure:4509: $? = 0
configure:4524: result: no
configure:4529: checking for suffix of object files
configure:4552: gcc -c   conftest.c >&5
configure:4556: $? = 0
configure:4578: result: o
configure:4582: checking whether the compiler supports GNU C
configure:4602: gcc -c   conftest.c >&5
configure:4602: $? = 0
configure:4612: result: yes
configure:4623: checking whether gcc accepts -g
configure:4644: gcc -c -g  conftest.c >&5
configure:4644: $? = 0
configure:4688: result: yes
configure:4708: checking for gcc option to enable C11 features
configure:4723: gcc  -c   conftest.c >&5
configure:4723: $? = 0
configure:4741: result: none needed
configure:4857: checking whether gcc understands -c and -o together
configure:4880: gcc -c conftest.c -o conftest2.o
configure:4883: $? = 0
configure:4880: gcc -c conftest.c -o conftest2.o
configure:4883: $? = 0
configure:4895: result: yes
configure:4914: checking dependency style of gcc
configure:5026: result: gcc3
configure:5046: checking for stdio.h
configure:5046: gcc -c   conftest.c >&5
configure:5046: $? = 0
configure:5046: result: yes
configure:5046: checking for stdlib.h
configure:5046: gcc -c   conftest.c >&5
configure:5046: $? = 0
configure:5046: result: yes
configure:5046: checking for string.h
configure:5046: gcc -c   conftest.c >&5
configure:5046: $? = 0
configure:5046: result: yes
configure:5046: checking for inttypes.h
configure:5046: gcc -c   conftest.c >&5
configure:5046: $? = 0
configure:5046: result: yes
configure:5046: checking for stdint.h
configure:5046: gcc -c   conftest.c >&5
configure:5046: $? = 0
configure:5046: result: yes
configure:5046: checking for strings.h
configure:5046: gcc -c   conftest.c >&5
configure:5046: $? = 0
configure:5046: result: yes
configure:5046: checking for sys/stat.h
configure:5046: gcc -c   conftest.c >&5
configure:5046: $? = 0
configure:5046: result: yes
configure:5046: checking for sys/types.h
configure:5046: gcc -c   conftest.c >&5
configure:5046: $? = 0
configure:5046: result: yes
configure:5046: checking for unistd.h
configure:5046: gcc -c   conftest.c >&5
configure:5046: $? = 0
configure:5046: result: yes
configure:5046: checking for wchar.h
configure:5046: gcc -c   conftest.c >&5
configure:5046: $? = 0
configure:5046: result: yes
configure:5046: checking for minix/config.h
configure:5046: gcc -c   conftest.c >&5
conftest.c:50:10: fatal error: minix/config.h: No such file or directory
   50 | #include <minix/config.h>
      |          ^~~~~~~~~~~~~~~~
compilation terminated.
configure:5046: $? = 1
configure: failed program was:
| /* confdefs.h */
| #define PACKAGE_NAME "reloaded"
| #define PACKAGE_TARNAME "reloaded"
| #define PACKAGE_VERSION "1.5.63"
| #define PACKAGE_STRING "reloaded 1.5.63"
| #define PACKAGE_BUGREPORT "nwelburg@gmail.com"
| #define PACKAGE_URL ""
| #define PACKAGE "reloaded"
| #define VERSION "1.5.63"
| #define HAVE_CONFIG_H 1
| #define HAVE_STDIO_H 1
| #define HAVE_STDLIB_H 1
| #define HAVE_STRING_H 1
| #define HAVE_INTTYPES_H 1
| #define HAVE_STDINT_H 1
| #define HAVE_STRINGS_H 1
| #define HAVE_SYS_STAT_H 1
| #define HAVE_SYS_TYPES_H 1
| #define HAVE_UNISTD_H 1
| #define HAVE_WCHAR_H 1
| /* end confdefs.h.  */
| #include <stddef.h>
| #ifdef HAVE_STDIO_H
| # include <stdio.h>
| #endif
| #ifdef HAVE_STDLIB_H
| # include <stdlib.h>
| #endif
| #ifdef HAVE_STRING_H
| # include <string.h>
| #endif
| #ifdef HAVE_INTTYPES_H
| # include <inttypes.h>
| #endif
| #ifdef HAVE_STDINT_H
| # include <stdint.h>
| #endif
| #ifdef HAVE_STRINGS_H
| # include <strings.h>
| #endif
| #ifdef HAVE_SYS_TYPES_H
| # include <sys/types.h>
| #endif
| #ifdef HAVE_SYS_STAT_H
| # include <sys/stat.h>
| #endif
| #ifdef HAVE_UNISTD_H
| # include <unistd.h>
| #endif
| #include <minix/config.h>
configure:5046: result: no
configure:5077: checking whether it is safe to define __EXTENSIONS__
configure:5096: gcc -c   conftest.c >&5
configure:5096: $? = 0
configure:5104: result: yes
configure:5107: checking whether _XOPEN_SOURCE should be defined
configure:5129: gcc -c   conftest.c >&5
configure:5129: $? = 0
configure:5156: result: no
configure:5260: checking how to print strings
configure:5287: result: printf
configure:5308: checking for a sed that does not truncate output
configure:5378: result: /usr/bin/sed
configure:5396: checking for grep that handles long lines and -e
configure:5460: result: /usr/bin/grep
configure:5465: checking for egrep
configure:5533: result: /usr/bin/grep -E
configure:5538: checking for fgrep
configure:5606: result: /usr/bin/grep -F
configure:5642: checking for ld used by gcc
configure:5710: result: /usr/bin/ld
configure:5717: checking if the linker (/usr/bin/ld) is GNU ld
configure:5733: result: yes
configure:5745: checking for BSD- or MS-compatible name lister (nm)
configure:5800: result: /usr/bin/nm -B
configure:5940: checking the name lister (/usr/bin/nm -B) interface
configure:5948: gcc -c   conftest.c >&5
configure:5951: /usr/bin/nm -B "conftest.o"
configure:5954: output
0000000000000000 B some_variable
configure:5961: result: BSD nm
configure:5964: checking whether ln -s works
configure:5968: result: yes
configure:5976: checking the maximum length of command line arguments
configure:6108: result: 1572864
configure:6156: checking how to convert x86_64-pc-linux-gnu file names to x86_64-pc-linux-gnu format
configure:6197: result: func_convert_file_noop
configure:6204: checking how to convert x86_64-pc-linux-gnu file names to toolchain format
configure:6225: result: func_convert_file_noop
configure:6232: checking for /usr/bin/ld option to reload object files
configure:6240: result: -r
configure:6319: checking for file
configure:6340: found /usr/bin/file
configure:6351: result: file
configure:6427: checking for objdump
configure:6448: found /usr/bin/objdump
configure:6459: result: objdump
configure:6491: checking how to recognize dependent libraries
configure:6692: result: pass_all
configure:6782: checking for dlltool
configure:6817: result: no
configure:6847: checking how to associate runtime and link libraries
configure:6875: result: printf %s\n
configure:6940: checking for ar
configure:6961: found /usr/bin/ar
configure:6972: result: ar
configure:7025: checking for archiver @FILE support
configure:7043: gcc -c   conftest.c >&5
configure:7043: $? = 0
configure:7047: ar cr libconftest.a @conftest.lst >&5
configure:7050: $? = 0
configure:7055: ar cr libconftest.a @conftest.lst >&5
ar: conftest.o: No such file or directory
configure:7058: $? = 1
configure:7070: result: @
configure:7133: checking for strip
configure:7154: found /usr/bin/strip
configure:7165: result: strip
configure:7242: checking for ranlib
configure:7263: found /usr/bin/ranlib
configure:7274: result: ranlib
configure:7376: checking command to parse /usr/bin/nm -B output from gcc object
configure:7530: gcc -c   conftest.c >&5
configure:7533: $? = 0
configure:7537: /usr/bin/nm -B conftest.o | /usr/bin/sed -n -e 's/^.*[	 ]\([ABCDGIRSTW][ABCDGIRSTW]*\)[	 ][	 ]*\([_A-Za-z][_A-Za-z0-9]*\)$/\1 \2 \2/p' | /usr/bin/sed '/ __gnu_lto/d' > conftest.nm
configure:7603: gcc -o conftest    conftest.c conftstm.o >&5
configure:7606: $? = 0
configure:7644: result: ok
configure:7691: checking for sysroot
configure:7722: result: no
configure:7729: checking for a working dd
configure:7773: result: /usr/bin/dd
configure:7777: checking how to truncate binary pipes
configure:7793: result: /usr/bin/dd bs=4096 count=1
configure:7930: gcc -c   conftest.c >&5
configure:7933: $? = 0
configure:8130: checking for mt
configure:8151: found /usr/bin/mt
configure:8162: result: mt
configure:8185: checking if mt is a manifest tool
configure:8192: mt '-?'
configure:8200: result: no
configure:8921: checking for dlfcn.h
configure:8921: gcc -c   conftest.c >&5
configure:8921: $? = 0
configure:8921: result: yes
configure:9180: checking for objdir
configure:9196: result: .libs
configure:9460: checking if gcc supports -fno-rtti -fno-exceptions
configure:9479: gcc -c   -fno-rtti -fno-exceptions conftest.c >&5
cc1: warning: command-line option '-fno-rtti' is valid for C++/D/ObjC++ but not for C
configure:9483: $? = 0
configure:9496: result: no
configure:9860: checking for gcc option to produce PIC
configure:9868: result: -fPIC -DPIC
configure:9876: checking if gcc PIC flag -fPIC -DPIC works
configure:9895: gcc -c   -fPIC -DPIC -DPIC conftest.c >&5
configure:9899: $? = 0
configure:9912: result: yes
configure:9941: checking if gcc static flag -static works
configure:9970: result: yes
configure:9985: checking if gcc supports -c -o file.o
configure:10007: gcc -c   -o out/conftest2.o conftest.c >&5
configure:10011: $? = 0
configure:10033: result: yes
configure:10041: checking if gcc supports -c -o file.o
configure:10089: result: yes
configure:10122: checking whether the gcc linker (/usr/bin/ld -m elf_x86_64) supports shared libraries
configure:11396: result: yes
configure:11433: checking whether -lc should be explicitly linked in
configure:11442: gcc -c   conftest.c >&5
configure:11445: $? = 0
configure:11460: gcc -shared  -fPIC -DPIC conftest.o  -v -Wl,-soname -Wl,conftest -o conftest 2\>\&1 \| /usr/bin/grep  -lc  \>/dev/null 2\>\&1
configure:11463: $? = 0
configure:11477: result: no
configure:11637: checking dynamic linker characteristics
configure:12219: gcc -o conftest    -Wl,-rpath -Wl,/foo conftest.c  >&5
configure:12219: $? = 0
configure:12470: result: GNU/Linux ld.so
configure:12592: checking how to hardcode library paths into programs
configure:12617: result: immediate
configure:13169: checking whether stripping libraries is possible
configure:13178: result: yes
configure:13220: checking if libtool supports shared libraries
configure:13222: result: yes
configure:13225: checking whether to build shared libraries
configure:13250: result: yes
configure:13253: checking whether to build static libraries
configure:13257: result: yes
configure:13299: checking for gawk
configure:13331: result: gawk
configure:13395: checking for gcc
configure:13427: result: gcc
configure:13780: checking for C compiler version
configure:13789: gcc --version >&5
gcc (Ubuntu 13.3.0-6ubuntu2~24.04) 13.3.0
Copyright (C) 2023 Free Software Foundation, Inc.
This is free software; see the source for copying conditions.  There is NO
warranty; not even for MERCHANTABILITY or FITNESS FOR A PARTICULAR PURPOSE.

configure:13800: $? = 0
configure:13789: gcc -v >&5
Using built-in specs.
COLLECT_GCC=gcc
COLLECT_LTO_WRAPPER=/usr/libexec/gcc/x86_64-linux-gnu/13/lto-wrapper
OFFLOAD_TARGET_NAMES=nvptx-none:amdgcn-amdhsa
OFFLOAD_TARGET_DEFAULT=1
Target: x86_64-linux-gnu
Configured with: ../src/configure -v --with-pkgversion='Ubuntu 13.3.0-6ubuntu2~24.04' --with-bugurl=file:///usr/share/doc/gcc-13/README.Bugs --enable-languages=c,ada,c++,go,d,fortran,objc,obj-c++,m2 --prefix=/usr --with-gcc-major-version-only --program-suffix=-13 --program-prefix=x86_64-linux-gnu- --enable-shared --enable-linker-build-id --libexecdir=/usr/libexec --without-included-gettext --enable-threads=posix --libdir=/usr/lib --enable-nls --enable-bootstrap --enable-clocale=gnu --enable-libstdcxx-debug --enable-libstdcxx-time=yes --with-default-libstdcxx-abi=new --enable-libstdcxx-backtrace --enable-gnu-unique-object --disable-vtable-verify --enable-plugin --enable-default-pie --with-system-zlib --enable-libphobos-checking=release --with-target-system-zlib=auto --enable-objc-gc=auto --enable-multiarch --disable-werror --enable-cet --with-arch-32=i686 --with-abi=m64 --with-multilib-list=m32,m64,mx32 --enable-multilib --with-tune=generic --enable-offload-targets=nvptx-none=/build/gcc-13-fG75Ri/gcc-13-13.3.0/debian/tmp-nvptx/usr,amdgcn-amdhsa=/build/gcc-13-fG75Ri/gcc-13-13.3.0/debian/tmp-gcn/usr --enable-offload-defaulted --without-cuda-driver --enable-checking=release --build=x86_64-linux-gnu --host=x86_64-linux-gnu --target=x86_64-linux-gnu --with-build-config=bootstrap-lto-lean --enable-link-serialization=2
Thread model: posix
Supported LTO compression algorithms: zlib zstd
gcc version 13.3.0 (Ubuntu 13.3.0-6ubuntu2~24.04) 
... rest of stderr output deleted ...
configure:13800: $? = 0
configure:13789: gcc -V >&5
gcc: error: unrecognized command-line option '-V'
gcc: fatal error: no input files
compilation terminated.
configure:13800: $? = 1
configure:13789: gcc -qversion >&5
gcc: error: unrecognized command-line option '-qversion'; did you mean '--version'?
gcc: fatal error: no input files
compilation terminated.
configure:13800: $? = 1
configure:13789: gcc -version >&5
gcc: error: unrecognized command-line option '-version'
gcc: fatal error: no input files
compilation terminated.
configure:13800: $? = 1
configure:13804: checking whether the compiler supports GNU C
configure:13834: result: yes
configure:13845: checking whether gcc accepts -g
configure:13910: result: yes
configure:13930: checking for gcc option to enable C11 features
configure:13963: result: none needed
configure:14079: checking whether gcc understands -c and -o together
configure:14117: result: yes
configure:14136: checking dependency style of gcc
configure:14248: result: gcc3
configure:14264: checking whether ln -s works
configure:14268: result: yes
configure:14275: checking whether byte ordering is bigendian
configure:14291: gcc -c   conftest.c >&5
conftest.c:42:16: error: unknown type name 'not'
   42 |                not a universal capable compiler
      |                ^~~
conftest.c:42:22: error: expected '=', ',', ';', 'asm' or '__attribute__' before 'universal'
   42 |                not a universal capable compiler
      |                      ^~~~~~~~~
conftest.c:42:22: error: unknown type name 'universal'
configure:14291: $? = 1
configure: failed program was:
| /* confdefs.h */
| #define PACKAGE_NAME "reloaded"
| #define PACKAGE_TARNAME "reloaded"
| #define PACKAGE_VERSION "1.5.63"
| #define PACKAGE_STRING "reloaded 1.5.63"
| #define PACKAGE_BUGREPORT "nwelburg@gmail.com"
| #define PACKAGE_URL ""
| #define PACKAGE "reloaded"
| #define VERSION "1.5.63"
| #define HAVE_CONFIG_H 1
| #define HAVE_STDIO_H 1
| #define HAVE_STDLIB_H 1
| #define HAVE_STRING_H 1
| #define HAVE_INTTYPES_H 1
| #define HAVE_STDINT_H 1
| #define HAVE_STRINGS_H 1
| #define HAVE_SYS_STAT_H 1
| #define HAVE_SYS_TYPES_H 1
| #define HAVE_UNISTD_H 1
| #define HAVE_WCHAR_H 1
| #define STDC_HEADERS 1
| #define _ALL_SOURCE 1
| #define _DARWIN_C_SOURCE 1
| #define _GNU_SOURCE 1
| #define _HPUX_ALT_XOPEN_SOCKET_API 1
| #define _NETBSD_SOURCE 1
| #define _OPENBSD_SOURCE 1
| #define _POSIX_PTHREAD_SEMANTICS 1
| #define __STDC_WANT_IEC_60559_ATTRIBS_EXT__ 1
| #define __STDC_WANT_IEC_60559_BFP_EXT__ 1
| #define __STDC_WANT_IEC_60559_DFP_EXT__ 1
| #define __STDC_WANT_IEC_60559_FUNCS_EXT__ 1
| #define __STDC_WANT_IEC_60559_TYPES_EXT__ 1
| #define __STDC_WANT_LIB_EXT2__ 1
| #define __STDC_WANT_MATH_SPEC_FUNCS__ 1
| #define _TANDEM_SOURCE 1
| #define __EXTENSIONS__ 1
| #define HAVE_DLFCN_H 1
| #define LT_OBJDIR ".libs/"
| /* end confdefs.h.  */
| #ifndef __APPLE_CC__
| 	       not a universal capable compiler
| 	     #endif
| 	     typedef int dummy;
| 
configure:14337: gcc -c   conftest.c >&5
configure:14337: $? = 0
configure:14356: gcc -c   conftest.c >&5
conftest.c: In function 'main':
conftest.c:48:18: error: unknown type name 'not'; did you mean 'ino_t'?
   48 |                  not big endian
      |                  ^~~
      |                  ino_t
conftest.c:48:26: error: expected '=', ',', ';', 'asm' or '__attribute__' before 'endian'
   48 |                  not big endian
      |                          ^~~~~~
configure:14356: $? = 1
configure: failed program was:
| /* confdefs.h */
| #define PACKAGE_NAME "reloaded"
| #define PACKAGE_TARNAME "reloaded"
| #define PACKAGE_VERSION "1.5.63"
| #define PACKAGE_STRING "reloaded 1.5.63"
| #define PACKAGE_BUGREPORT "nwelburg@gmail.com"
| #define PACKAGE_URL ""
| #define PACKAGE "reloaded"
| #define VERSION "1.5.63"
| #define HAVE_CONFIG_H 1
| #define HAVE_STDIO_H 1
| #define HAVE_STDLIB_H 1
| #define HAVE_STRING_H 1
| #define HAVE_INTTYPES_H 1
| #define HAVE_STDINT_H 1
| #define HAVE_STRINGS_H 1
| #define HAVE_SYS_STAT_H 1
| #define HAVE_SYS_TYPES_H 1
| #define HAVE_UNISTD_H 1
| #define HAVE_WCHAR_H 1
| #define STDC_HEADERS 1
| #define _ALL_SOURCE 1
| #define _DARWIN_C_SOURCE 1
| #define _GNU_SOURCE 1
| #define _HPUX_ALT_XOPEN_SOCKET_API 1
| #define _NETBSD_SOURCE 1
| #define _OPENBSD_SOURCE 1
| #define _POSIX_PTHREAD_SEMANTICS 1
| #define __STDC_WANT_IEC_60559_ATTRIBS_EXT__ 1
| #define __STDC_WANT_IEC_60559_BFP_EXT__ 1
| #define __STDC_WANT_IEC_60559_DFP_EXT__ 1
| #define __STDC_WANT_IEC_60559_FUNCS_EXT__ 1
| #define __STDC_WANT_IEC_60559_TYPES_EXT__ 1
| #define __STDC_WANT_LIB_EXT2__ 1
| #define __STDC_WANT_MATH_SPEC_FUNCS__ 1
| #define _TANDEM_SOURCE 1
| #define __EXTENSIONS__ 1
| #define HAVE_DLFCN_H 1
| #define LT_OBJDIR ".libs/"
| /* end confdefs.h.  */
| #include <sys/types.h>
| 		#include <sys/param.h>
| 
| int
| main (void)
| {
| #if BYTE_ORDER != BIG_ENDIAN
| 		 not big endian
| 		#endif
| 
|   ;
|   return 0;
| }
configure:14490: result: no
configure:14508: checking for an ANSI C-conforming const
configure:14575: gcc -c   conftest.c >&5
configure:14575: $? = 0
configure:14583: result: yes
configure:14591: checking for inline
configure:14608: gcc -c   conftest.c >&5
configure:14608: $? = 0
configure:14617: result: inline
configure:14643: checking for special C compiler options needed for large files
configure:14691: result: no
configure:14697: checking for _FILE_OFFSET_BITS value needed for large files
configure:14723: gcc -c   conftest.c >&5
configure:14723: $? = 0
configure:14757: result: no
configure:14849: checking dependency style of gcc
configure:14959: result: gcc3
configure:14975: checking for fenv.h
configure:14975: gcc -c   conftest.c >&5
configure:14975: $? = 0
configure:14975: result: yes
configure:14981: checking for stdint.h
configure:14981: result: yes
configure:14987: checking for inttypes.h
configure:14987: result: yes
configure:14993: checking for sys/types.h
configure:14993: result: yes
configure:14999: checking for alloca.h
configure:14999: gcc -c   conftest.c >&5
configure:14999: $? = 0
configure:14999: result: yes
configure:15008: checking for posix_memalign
configure:15008: gcc -o conftest    conftest.c  >&5
conftest.c:62:6: warning: conflicting types for built-in function 'posix_memalign'; expected 'int(void **, long unsigned int,  long unsigned int)' [-Wbuiltin-declaration-mismatch]
   62 | char posix_memalign ();
      |      ^~~~~~~~~~~~~~
configure:15008: $? = 0
configure:15008: result: yes
configure:15014: checking for memalign
configure:15014: gcc -o conftest    conftest.c  >&5
configure:15014: $? = 0
configure:15014: result: yes
configure:15020: checking for fmax
configure:15020: gcc -o conftest    conftest.c  >&5
conftest.c:64:6: warning: conflicting types for built-in function 'fmax'; expected 'double(double,  double)' [-Wbuiltin-declaration-mismatch]
   64 | char fmax ();
      |      ^~~~
conftest.c:56:1: note: 'fmax' is declared in header '<math.h>'
   55 | #include <limits.h>
   56 | #undef fmax
/usr/bin/ld: /tmp/ccoLNqMV.o: in function `main':
conftest.c:(.text+0xe): undefined reference to `fmax'
collect2: error: ld returned 1 exit status
configure:15020: $? = 1
configure: failed program was:
| /* confdefs.h */
| #define PACKAGE_NAME "reloaded"
| #define PACKAGE_TARNAME "reloaded"
| #define PACKAGE_VERSION "1.5.63"
| #define PACKAGE_STRING "reloaded 1.5.63"
| #define PACKAGE_BUGREPORT "nwelburg@gmail.com"
| #define PACKAGE_URL ""
| #define PACKAGE "reloaded"
| #define VERSION "1.5.63"
| #define HAVE_CONFIG_H 1
| #define HAVE_STDIO_H 1
| #define HAVE_STDLIB_H 1
| #define HAVE_STRING_H 1
| #define HAVE_INTTYPES_H 1
| #define HAVE_STDINT_H 1
| #define HAVE_STRINGS_H 1
| #define HAVE_SYS_STAT_H 1
| #define HAVE_SYS_TYPES_H 1
| #define HAVE_UNISTD_H 1
| #define HAVE_WCHAR_H 1
| #define STDC_HEADERS 1
| #define _ALL_SOURCE 1
| #define _DARWIN_C_SOURCE 1
| #define _GNU_SOURCE 1
| #define _HPUX_ALT_XOPEN_SOCKET_API 1
| #define _NETBSD_SOURCE 1
| #define _OPENBSD_SOURCE 1
| #define _POSIX_PTHREAD_SEMANTICS 1
| #define __STDC_WANT_IEC_60559_ATTRIBS_EXT__ 1
| #define __STDC_WANT_IEC_60559_BFP_EXT__ 1
| #define __STDC_WANT_IEC_60559_DFP_EXT__ 1
| #define __STDC_WANT_IEC_60559_FUNCS_EXT__ 1
| #define __STDC_WANT_IEC_60559_TYPES_EXT__ 1
| #define __STDC_WANT_LIB_EXT2__ 1
| #define __STDC_WANT_MATH_SPEC_FUNCS__ 1
| #define _TANDEM_SOURCE 1
| #define __EXTENSIONS__ 1
| #define HAVE_DLFCN_H 1
| #define LT_OBJDIR ".libs/"
| #define HAVE_FENV_H 1
| #define HAVE_STDINT_H 1
| #define HAVE_INTTYPES_H 1
| #define HAVE_SYS_TYPES_H 1
| #define HAVE_ALLOCA_H 1
| #define HAVE_POSIX_MEMALIGN 1
| #define HAVE_MEMALIGN 1
| /* end confdefs.h.  */
| /* Define fmax to an innocuous variant, in case <limits.h> declares fmax.
|    For example, HP-UX 11i <limits.h> declares gettimeofday.  */
| #define fmax innocuous_fmax
| 
| /* System header to define __stub macros and hopefully few prototypes,
|    which can conflict with char fmax (); below.  */
| 
| #include <limits.h>
| #undef fmax
| 
| /* Override any GCC internal prototype to avoid an error.
|    Use char because int might match the return type of a GCC
|    builtin and then its argument prototype would still apply.  */
| #ifdef __cplusplus
| extern "C"
| #endif
| char fmax ();
| /* The GNU C library defines this for functions which it implements
|     to always fail with ENOSYS.  Some functions are actually named
|     something starting with __ and the normal name is an alias.  */
| #if defined __stub_fmax || defined __stub___fmax
| choke me
| #endif
| 
| int
| main (void)
| {
| return fmax ();
|   ;
|   return 0;
| }
configure:15020: result: no
configure:15026: checking for lround
configure:15026: gcc -o conftest    conftest.c  >&5
conftest.c:64:6: warning: conflicting types for built-in function 'lround'; expected 'long int(double)' [-Wbuiltin-declaration-mismatch]
   64 | char lround ();
      |      ^~~~~~
conftest.c:56:1: note: 'lround' is declared in header '<math.h>'
   55 | #include <limits.h>
   56 | #undef lround
/usr/bin/ld: /tmp/ccmppxzs.o: in function `main':
conftest.c:(.text+0xe): undefined reference to `lround'
collect2: error: ld returned 1 exit status
configure:15026: $? = 1
configure: failed program was:
| /* confdefs.h */
| #define PACKAGE_NAME "reloaded"
| #define PACKAGE_TARNAME "reloaded"
| #define PACKAGE_VERSION "1.5.63"
| #define PACKAGE_STRING "reloaded 1.5.63"
| #define PACKAGE_BUGREPORT "nwelburg@gmail.com"
| #define PACKAGE_URL ""
| #define PACKAGE "reloaded"
| #define VERSION "1.5.63"
| #define HAVE_CONFIG_H 1
| #define HAVE_STDIO_H 1
| #define HAVE_STDLIB_H 1
| #define HAVE_STRING_H 1
| #define HAVE_INTTYPES_H 1
| #define HAVE_STDINT_H 1
| #define HAVE_STRINGS_H 1
| #define HAVE_SYS_STAT_H 1
| #define HAVE_SYS_TYPES_H 1
| #define HAVE_UNISTD_H 1
| #define HAVE_WCHAR_H 1
| #define STDC_HEADERS 1
| #define _ALL_SOURCE 1
| #define _DARWIN_C_SOURCE 1
| #define _GNU_SOURCE 1
| #define _HPUX_ALT_XOPEN_SOCKET_API 1
| #define _NETBSD_SOURCE 1
| #define _OPENBSD_SOURCE 1
| #define _POSIX_PTHREAD_SEMANTICS 1
| #define __STDC_WANT_IEC_60559_ATTRIBS_EXT__ 1
| #define __STDC_WANT_IEC_60559_BFP_EXT__ 1
| #define __STDC_WANT_IEC_60559_DFP_EXT__ 1
| #define __STDC_WANT_IEC_60559_FUNCS_EXT__ 1
| #define __STDC_WANT_IEC_60559_TYPES_EXT__ 1
| #define __STDC_WANT_LIB_EXT2__ 1
| #define __STDC_WANT_MATH_SPEC_FUNCS__ 1
| #define _TANDEM_SOURCE 1
| #define __EXTENSIONS__ 1
| #define HAVE_DLFCN_H 1
| #define LT_OBJDIR ".libs/"
| #define HAVE_FENV_H 1
| #define HAVE_STDINT_H 1
| #define HAVE_INTTYPES_H 1
| #define HAVE_SYS_TYPES_H 1
| #define HAVE_ALLOCA_H 1
| #define HAVE_POSIX_MEMALIGN 1
| #define HAVE_MEMALIGN 1
| /* end confdefs.h.  */
| /* Define lround to an innocuous variant, in case <limits.h> declares lround.
|    For example, HP-UX 11i <limits.h> declares gettimeofday.  */
| #define lround innocuous_lround
| 
| /* System header to define __stub macros and hopefully few prototypes,
|    which can conflict with char lround (); below.  */
| 
| #include <limits.h>
| #undef lround
| 
| /* Override any GCC internal prototype to avoid an error.
|    Use char because int might match the return type of a GCC
|    builtin and then its argument prototype would still apply.  */
| #ifdef __cplusplus
| extern "C"
| #endif
| char lround ();
| /* The GNU C library defines this for functions which it implements
|     to always fail with ENOSYS.  Some functions are actually named
|     something starting with __ and the normal name is an alias.  */
| #if defined __stub_lround || defined __stub___lround
| choke me
| #endif
| 
| int
| main (void)
| {
| return lround ();
|   ;
|   return 0;
| }
configure:15026: result: no
configure:15032: checking for pow
configure:15032: gcc -o conftest    conftest.c  >&5
conftest.c:64:6: warning: conflicting types for built-in function 'pow'; expected 'double(double,  double)' [-Wbuiltin-declaration-mismatch]
   64 | char pow ();
      |      ^~~
conftest.c:56:1: note: 'pow' is declared in header '<math.h>'
   55 | #include <limits.h>
   56 | #undef pow
/usr/bin/ld: /tmp/cce2WITF.o: in function `main':
conftest.c:(.text+0xe): undefined reference to `pow'
collect2: error: ld returned 1 exit status
configure:15032: $? = 1
configure: failed program was:
| /* confdefs.h */
| #define PACKAGE_NAME "reloaded"
| #define PACKAGE_TARNAME "reloaded"
| #define PACKAGE_VERSION "1.5.63"
| #define PACKAGE_STRING "reloaded 1.5.63"
| #define PACKAGE_BUGREPORT "nwelburg@gmail.com"
| #define PACKAGE_URL ""
| #define PACKAGE "reloaded"
| #define VERSION "1.5.63"
| #define HAVE_CONFIG_H 1
| #define HAVE_STDIO_H 1
| #define HAVE_STDLIB_H 1
| #define HAVE_STRING_H 1
| #define HAVE_INTTYPES_H 1
| #define HAVE_STDINT_H 1
| #define HAVE_STRINGS_H 1
| #define HAVE_SYS_STAT_H 1
| #define HAVE_SYS_TYPES_H 1
| #define HAVE_UNISTD_H 1
| #define HAVE_WCHAR_H 1
| #define STDC_HEADERS 1
| #define _ALL_SOURCE 1
| #define _DARWIN_C_SOURCE 1
| #define _GNU_SOURCE 1
| #define _HPUX_ALT_XOPEN_SOCKET_API 1
| #define _NETBSD_SOURCE 1
| #define _OPENBSD_SOURCE 1
| #define _POSIX_PTHREAD_SEMANTICS 1
| #define __STDC_WANT_IEC_60559_ATTRIBS_EXT__ 1
| #define __STDC_WANT_IEC_60559_BFP_EXT__ 1
| #define __STDC_WANT_IEC_60559_DFP_EXT__ 1
| #define __STDC_WANT_IEC_60559_FUNCS_EXT__ 1
| #define __STDC_WANT_IEC_60559_TYPES_EXT__ 1
| #define __STDC_WANT_LIB_EXT2__ 1
| #define __STDC_WANT_MATH_SPEC_FUNCS__ 1
| #define _TANDEM_SOURCE 1
| #define __EXTENSIONS__ 1
| #define HAVE_DLFCN_H 1
| #define LT_OBJDIR ".libs/"
| #define HAVE_FENV_H 1
| #define HAVE_STDINT_H 1
| #define HAVE_INTTYPES_H 1
| #define HAVE_SYS_TYPES_H 1
| #define HAVE_ALLOCA_H 1
| #define HAVE_POSIX_MEMALIGN 1
| #define HAVE_MEMALIGN 1
| /* end confdefs.h.  */
| /* Define pow to an innocuous variant, in case <limits.h> declares pow.
|    For example, HP-UX 11i <limits.h> declares gettimeofday.  */
| #define pow innocuous_pow
| 
| /* System header to define __stub macros and hopefully few prototypes,
|    which can conflict with char pow (); below.  */
| 
| #include <limits.h>
| #undef pow
| 
| /* Override any GCC internal prototype to avoid an error.
|    Use char because int might match the return type of a GCC
|    builtin and then its argument prototype would still apply.  */
| #ifdef __cplusplus
| extern "C"
| #endif
| char pow ();
| /* The GNU C library defines this for functions which it implements
|     to always fail with ENOSYS.  Some functions are actually named
|     something starting with __ and the normal name is an alias.  */
| #if defined __stub_pow || defined __stub___pow
| choke me
| #endif
| 
| int
| main (void)
| {
| return pow ();
|   ;
|   return 0;
| }
configure:15032: result: no
configure:15038: checking for bzero
configure:15038: gcc -o conftest    conftest.c  >&5
conftest.c:64:6: warning: conflicting types for built-in function 'bzero'; expected 'void(void *, long unsigned int)' [-Wbuiltin-declaration-mismatch]
   64 | char bzero ();
      |      ^~~~~
configure:15038: $? = 0
configure:15038: result: yes
configure:15044: checking for gettimeofday
configure:15044: gcc -o conftest    conftest.c  >&5
configure:15044: $? = 0
configure:15044: result: yes
configure:15050: checking for memset
configure:15050: gcc -o conftest    conftest.c  >&5
conftest.c:66:6: warning: conflicting types for built-in function 'memset'; expected 'void *(void *, int,  long unsigned int)' [-Wbuiltin-declaration-mismatch]
   66 | char memset ();
      |      ^~~~~~
conftest.c:58:1: note: 'memset' is declared in header '<string.h>'
   57 | #include <limits.h>
   58 | #undef memset
configure:15050: $? = 0
configure:15050: result: yes
configure:15056: checking for mmap
configure:15056: gcc -o conftest    conftest.c  >&5
configure:15056: $? = 0
configure:15056: result: yes
configure:15062: checking for strndup
configure:15062: gcc -o conftest    conftest.c  >&5
conftest.c:68:6: warning: conflicting types for built-in function 'strndup'; expected 'char *(const char *, long unsigned int)' [-Wbuiltin-declaration-mismatch]
   68 | char strndup ();
      |      ^~~~~~~
configure:15062: $? = 0
configure:15062: result: yes
configure:15068: checking for strstr
configure:15068: gcc -o conftest    conftest.c  >&5
conftest.c:69:6: warning: conflicting types for built-in function 'strstr'; expected 'char *(const char *, const char *)' [-Wbuiltin-declaration-mismatch]
   69 | char strstr ();
      |      ^~~~~~
conftest.c:61:1: note: 'strstr' is declared in header '<string.h>'
   60 | #include <limits.h>
   61 | #undef strstr
configure:15068: $? = 0
configure:15068: result: yes
configure:15074: checking for strncasecmp
configure:15074: gcc -o conftest    conftest.c  >&5
conftest.c:70:6: warning: conflicting types for built-in function 'strncasecmp'; expected 'int(const char *, const char *, long unsigned int)' [-Wbuiltin-declaration-mismatch]
   70 | char strncasecmp ();
      |      ^~~~~~~~~~~
configure:15074: $? = 0
configure:15074: result: yes
configure:15081: checking for sched_get_priority_max
configure:15081: gcc -o conftest    conftest.c  >&5
configure:15081: $? = 0
configure:15081: result: yes
configure:15088: checking for select
configure:15088: gcc -o conftest    conftest.c  >&5
configure:15088: $? = 0
configure:15088: result: yes
configure:15094: checking for socket
configure:15094: gcc -o conftest    conftest.c  >&5
configure:15094: $? = 0
configure:15094: result: yes
configure:15100: checking for getpagesize
configure:15100: gcc -o conftest    conftest.c  >&5
configure:15100: $? = 0
configure:15100: result: yes
configure:15106: checking for memcpy
configure:15106: gcc -o conftest    conftest.c  >&5
conftest.c:75:6: warning: conflicting types for built-in function 'memcpy'; expected 'void *(void *, const void *, long unsigned int)' [-Wbuiltin-declaration-mismatch]
   75 | char memcpy ();
      |      ^~~~~~
conftest.c:67:1: note: 'memcpy' is declared in header '<string.h>'
   66 | #include <limits.h>
   67 | #undef memcpy
configure:15106: $? = 0
configure:15106: result: yes
configure:15114: checking for getopt_long
configure:15114: gcc -o conftest    conftest.c  >&5
configure:15114: $? = 0
configure:15114: result: yes
configure:15173: checking size of int
configure:15179: gcc -o conftest    conftest.c  >&5
configure:15179: $? = 0
configure:15179: ./conftest
configure:15179: $? = 0
configure:15194: result: 4
configure:15206: checking size of long int
configure:15212: gcc -o conftest    conftest.c  >&5
configure:15212: $? = 0
configure:15212: ./conftest
configure:15212: $? = 0
configure:15227: result: 8
configure:15239: checking size of size_t
configure:15245: gcc -o conftest    conftest.c  >&5
configure:15245: $? = 0
configure:15245: ./conftest
configure:15245: $? = 0
configure:15260: result: 8
configure:15272: checking size of float
configure:15278: gcc -o conftest    conftest.c  >&5
configure:15278: $? = 0
configure:15278: ./conftest
configure:15278: $? = 0
configure:15293: result: 4
configure:15306: The host is x86_64-pc-linux-gnu  x86_64  pc  linux-gnu .
configure:15311: checking for linux/version.h
configure:15311: gcc -c   conftest.c >&5
configure:15311: $? = 0
configure:15311: result: yes
configure:15343: The PKG_CONFIG_PATH variable was not set
configure:15345: You should set it to the directories that contain the .pc files
configure:15355: checking for pthread_create in -lpthread
configure:15378: gcc -o conftest    conftest.c -lpthread   >&5
configure:15378: $? = 0
configure:15388: result: yes
configure:15400: checking for pthread_attr_getstacksize
configure:15400: gcc -o conftest    conftest.c  >&5
configure:15400: $? = 0
configure:15400: result: yes
configure:15413: checking for snd_seq_open in -lasound
configure:15436: gcc -o conftest    conftest.c -lasound   >&5
configure:15436: $? = 0
configure:15446: result: yes
configure:15460: checking for alsa/asoundlib.h
configure:15460: gcc -c   conftest.c >&5
configure:15460: $? = 0
configure:15460: result: yes
configure:15470: checking for dlopen in -ldl
configure:15493: gcc -o conftest    conftest.c -ldl   >&5
configure:15493: $? = 0
configure:15503: result: yes
configure:15539: checking for Processing.NDI.Lib.h below /opt/ndi6
configure:15549: result: /opt/ndi6/include/Processing.NDI.Lib.h
configure:15587: gcc -c   conftest.c >&5
configure:15587: $? = 0
configure:15699: checking for pkg-config
configure:15722: found /usr/bin/pkg-config
configure:15734: result: /usr/bin/pkg-config
configure:15759: checking pkg-config is at least version 0.9.0
configure:15762: result: yes
configure:15772: checking for veejaycore >= 1.5.67 
configure:15779: $PKG_CONFIG --exists --print-errors "veejaycore >= 1.5.67 "
configure:15782: $? = 0
configure:15796: $PKG_CONFIG --exists --print-errors "veejaycore >= 1.5.67 "
configure:15799: $? = 0
configure:15837: result: yes
configure:15857: checking for sdl >= 1.2
configure:15864: $PKG_CONFIG --exists --print-errors "sdl >= 1.2"
Package sdl was not found in the pkg-config search path.
Perhaps you should add the directory containing `sdl.pc'
to the PKG_CONFIG_PATH environment variable
Package 'sdl', required by 'virtual:world', not found
configure:15867: $? = 1
configure:15881: $PKG_CONFIG --exists --print-errors "sdl >= 1.2"
Package sdl was not found in the pkg-config search path.
Perhaps you should add the directory containing `sdl.pc'
to the PKG_CONFIG_PATH environment variable
Package 'sdl', required by 'virtual:world', not found
configure:15884: $? = 1
configure:15898: result: no
Package 'sdl', required by 'virtual:world', not found
configure:15935: WARNING: Cannot find SDL, reloaded will not be able to map keybindings
configure:15939: checking for __progname
configure:15957: gcc -o conftest    conftest.c -ldl  >&5
conftest.c: In function 'main':
conftest.c:78:51: warning: implicit declaration of function 'puts' [-Wimplicit-function-declaration]
   78 |                                                   puts(__progname);
      |                                                   ^~~~
conftest.c:1:1: note: include '<stdio.h>' or provide a declaration of 'puts'
    1 | /* confdefs.h */
configure:15957: $? = 0
configure:15966: result: yes
configure:15979: checking how to run the C preprocessor
configure:16005: gcc -E  conftest.c
configure:16005: $? = 0
configure:16020: gcc -E  conftest.c
conftest.c:74:10: fatal error: ac_nonexistent.h: No such file or directory
   74 | #include <ac_nonexistent.h>
      |          ^~~~~~~~~~~~~~~~~~
compilation terminated.
configure:16020: $? = 1
configure: failed program was:
| /* confdefs.h */
| #define PACKAGE_NAME "reloaded"
| #define PACKAGE_TARNAME "reloaded"
| #define PACKAGE_VERSION "1.5.63"
| #define PACKAGE_STRING "reloaded 1.5.63"
| #define PACKAGE_BUGREPORT "nwelburg@gmail.com"
| #define PACKAGE_URL ""
| #define PACKAGE "reloaded"
| #define VERSION "1.5.63"
| #define HAVE_CONFIG_H 1
| #define HAVE_STDIO_H 1
| #define HAVE_STDLIB_H 1
| #define HAVE_STRING_H 1
| #define HAVE_INTTYPES_H 1
| #define HAVE_STDINT_H 1
| #define HAVE_STRINGS_H 1
| #define HAVE_SYS_STAT_H 1
| #define HAVE_SYS_TYPES_H 1
| #define HAVE_UNISTD_H 1
| #define HAVE_WCHAR_H 1
| #define STDC_HEADERS 1
| #define _ALL_SOURCE 1
| #define _DARWIN_C_SOURCE 1
| #define _GNU_SOURCE 1
| #define _HPUX_ALT_XOPEN_SOCKET_API 1
| #define _NETBSD_SOURCE 1
| #define _OPENBSD_SOURCE 1
| #define _POSIX_PTHREAD_SEMANTICS 1
| #define __STDC_WANT_IEC_60559_ATTRIBS_EXT__ 1
| #define __STDC_WANT_IEC_60559_BFP_EXT__ 1
| #define __STDC_WANT_IEC_60559_DFP_EXT__ 1
| #define __STDC_WANT_IEC_60559_FUNCS_EXT__ 1
| #define __STDC_WANT_IEC_60559_TYPES_EXT__ 1
| #define __STDC_WANT_LIB_EXT2__ 1
| #define __STDC_WANT_MATH_SPEC_FUNCS__ 1
| #define _TANDEM_SOURCE 1
| #define __EXTENSIONS__ 1
| #define HAVE_DLFCN_H 1
| #define LT_OBJDIR ".libs/"
| #define HAVE_FENV_H 1
| #define HAVE_STDINT_H 1
| #define HAVE_INTTYPES_H 1
| #define HAVE_SYS_TYPES_H 1
| #define HAVE_ALLOCA_H 1
| #define HAVE_POSIX_MEMALIGN 1
| #define HAVE_MEMALIGN 1
| #define HAVE_BZERO 1
| #define HAVE_GETTIMEOFDAY 1
| #define HAVE_MEMSET 1
| #define HAVE_MMAP 1
| #define HAVE_STRNDUP 1
| #define HAVE_STRSTR 1
| #define HAVE_STRNCASECMP 1
| #define HAVE_SCHED_GET_PRIORITY_MAX 1
| #define HAVE_SELECT 1
| #define HAVE_SOCKET 1
| #define HAVE_GETPAGESIZE 1
| #define HAVE_MEMCPY 1
| #define HAVE_GETOPT_LONG 1
| #define SIZEOF_INT 4
| #define SIZEOF_LONG_INT 8
| #define SIZEOF_SIZE_T 8
| #define SIZEOF_FLOAT 4
| #define HAVE_LINUX 1
| #define HAVE_LIBPTHREAD 1
| #define HAVE_PTHREADSTACKSIZE /**/
| #define HAVE_ALSA 1
| #define HAVE_LIBDL 1
| #define HAVE_DL_DLOPEN 1
| #define HAVE_NDI 1
| #define HAVE_VEEJAYCORE 1
| #define HAVE___PROGNAME 1
| /* end confdefs.h.  */
| #include <ac_nonexistent.h>
configure:16047: result: gcc -E
configure:16061: gcc -E  conftest.c
configure:16061: $? = 0
configure:16076: gcc -E  conftest.c
conftest.c:74:10: fatal error: ac_nonexistent.h: No such file or directory
   74 | #include <ac_nonexistent.h>
      |          ^~~~~~~~~~~~~~~~~~
compilation terminated.
configure:16076: $? = 1
configure: failed program was:
| /* confdefs.h */
| #define PACKAGE_NAME "reloaded"
| #define PACKAGE_TARNAME "reloaded"
| #define PACKAGE_VERSION "1.5.63"
| #define PACKAGE_STRING "reloaded 1.5.63"
| #define PACKAGE_BUGREPORT "nwelburg@gmail.com"
| #define PACKAGE_URL ""
| #define PACKAGE "reloaded"
| #define VERSION "1.5.63"
| #define HAVE_CONFIG_H 1
| #define HAVE_STDIO_H 1
| #define HAVE_STDLIB_H 1
| #define HAVE_STRING_H 1
| #define HAVE_INTTYPES_H 1
| #define HAVE_STDINT_H 1
| #define HAVE_STRINGS_H 1
| #define HAVE_SYS_STAT_H 1
| #define HAVE_SYS_TYPES_H 1
| #define HAVE_UNISTD_H 1
| #define HAVE_WCHAR_H 1
| #define STDC_HEADERS 1
| #define _ALL_SOURCE 1
| #define _DARWIN_C_SOURCE 1
| #define _GNU_SOURCE 1
| #define _HPUX_ALT_XOPEN_SOCKET_API 1
| #define _NETBSD_SOURCE 1
| #define _OPENBSD_SOURCE 1
| #define _POSIX_PTHREAD_SEMANTICS 1
| #define __STDC_WANT_IEC_60559_ATTRIBS_EXT__ 1
| #define __STDC_WANT_IEC_60559_BFP_EXT__ 1
| #define __STDC_WANT_IEC_60559_DFP_EXT__ 1
| #define __STDC_WANT_IEC_60559_FUNCS_EXT__ 1
| #define __STDC_WANT_IEC_60559_TYPES_EXT__ 1
| #define __STDC_WANT_LIB_EXT2__ 1
| #define __STDC_WANT_MATH_SPEC_FUNCS__ 1
| #define _TANDEM_SOURCE 1
| #define __EXTENSIONS__ 1
| #define HAVE_DLFCN_H 1
| #define LT_OBJDIR ".libs/"
| #define HAVE_FENV_H 1
| #define HAVE_STDINT_H 1
| #define HAVE_INTTYPES_H 1
| #define HAVE_SYS_TYPES_H 1
| #define HAVE_ALLOCA_H 1
| #define HAVE_POSIX_MEMALIGN 1
| #define HAVE_MEMALIGN 1
| #define HAVE_BZERO 1
| #define HAVE_GETTIMEOFDAY 1
| #define HAVE_MEMSET 1
| #define HAVE_MMAP 1
| #define HAVE_STRNDUP 1
| #define HAVE_STRSTR 1
| #define HAVE_STRNCASECMP 1
| #define HAVE_SCHED_GET_PRIORITY_MAX 1
| #define HAVE_SELECT 1
| #define HAVE_SOCKET 1
| #define HAVE_GETPAGESIZE 1
| #define HAVE_MEMCPY 1
| #define HAVE_GETOPT_LONG 1
| #define SIZEOF_INT 4
| #define SIZEOF_LONG_INT 8
| #define SIZEOF_SIZE_T 8
| #define SIZEOF_FLOAT 4
| #define HAVE_LINUX 1
| #define HAVE_LIBPTHREAD 1
| #define HAVE_PTHREADSTACKSIZE /**/
| #define HAVE_ALSA 1
| #define HAVE_LIBDL 1
| #define HAVE_DL_DLOPEN 1
| #define HAVE_NDI 1
| #define HAVE_VEEJAYCORE 1
| #define HAVE___PROGNAME 1
| /* end confdefs.h.  */
| #include <ac_nonexistent.h>
configure:16107: checking for X
configure:16145: gcc -o conftest    conftest.c -lX11 -ldl  >&5
configure:16145: $? = 0
configure:16332: result: libraries , headers 
configure:16430: gcc -o conftest    conftest.c -ldl   -lX11 >&5
configure:16430: $? = 0
configure:16529: checking for gethostbyname
configure:16529: gcc -o conftest    conftest.c -ldl  >&5
configure:16529: $? = 0
configure:16529: result: yes
configure:16627: checking for connect
configure:16627: gcc -o conftest    conftest.c -ldl  >&5
configure:16627: $? = 0
configure:16627: result: yes
configure:16677: checking for remove
configure:16677: gcc -o conftest    conftest.c -ldl  >&5
configure:16677: $? = 0
configure:16677: result: yes
configure:16727: checking for shmat
configure:16727: gcc -o conftest    conftest.c -ldl  >&5
configure:16727: $? = 0
configure:16727: result: yes
configure:16786: checking for IceConnectionNumber in -lICE
configure:16809: gcc -o conftest    conftest.c -lICE  -ldl  >&5
configure:16809: $? = 0
configure:16819: result: yes
configure:16849: checking whether to compile in profiling information
configure:16866: result: no
configure:16870: checking whether to compile in debug symbols
configure:16881: result: no
configure:16885: checking whether to compile with stack-protector
configure:16893: result: no
configure:16897: checking whether to compile with address sanitizer
configure:16905: result: no
configure:16909: checking whether to compile in assertion checking
configure:16916: result: no
configure:16937: checking Architecture
configure:17163: checking for MMX on processor(s)
configure:17177: result: yes
configure:17190: checking for SSE on processor(s)
configure:17204: result: yes
configure:17217: checking for SSE2 on processor(s)
configure:17231: result: yes
configure:17244: checking for 3DNOW on processor(s)
configure:17258: result: no
configure:17295: checking for CMOV on processor(s)
configure:17309: result: yes
configure:17320: checking for MMX2 on processor(s)
configure:17334: result: no
configure:17347: checking for AVX on processor(s)
configure:17361: result: yes
configure:17443: checking sub-architecture settings ...
configure:17453: result: 
configure:17474: result:  -m64 -fPIC -DPIC -DFILE_OFFSET_BITS=64 -D_LARGE_FILES -msse -mfpmath=sse
configure:17479: checking for libavutil >= 49.7
configure:17486: $PKG_CONFIG --exists --print-errors "libavutil >= 49.7"
configure:17489: $? = 0
configure:17503: $PKG_CONFIG --exists --print-errors "libavutil >= 49.7"
configure:17506: $? = 0
configure:17544: result: yes
configure:17555: checking for x11
configure:17562: $PKG_CONFIG --exists --print-errors "x11"
configure:17565: $? = 0
configure:17579: $PKG_CONFIG --exists --print-errors "x11"
configure:17582: $? = 0
configure:17620: result: yes
configure:17636: checking for gtk+-3.0 >= 3.2
configure:17643: $PKG_CONFIG --exists --print-errors "$gtk_modules"
configure:17646: $? = 0
configure:17660: $PKG_CONFIG --exists --print-errors "$gtk_modules"
configure:17663: $? = 0
configure:17701: result: yes
configure:17726: checking for sdl2 >= 2.0.0
configure:17733: $PKG_CONFIG --exists --print-errors "sdl2 >= 2.0.0"
configure:17736: $? = 0
configure:17750: $PKG_CONFIG --exists --print-errors "sdl2 >= 2.0.0"
configure:17753: $? = 0
configure:17791: result: yes
configure:17936: checking what warning flags to pass to the C compiler
configure:18082: checking that generated files are newer than configure
configure:18088: result: done
configure:18192: creating ./config.status

## ---------------------- ##
## Running config.status. ##
## ---------------------- ##

This file was extended by reloaded config.status 1.5.63, which was
generated by GNU Autoconf 2.71.  Invocation command line was

  CONFIG_FILES    = 
  CONFIG_HEADERS  = 
  CONFIG_LINKS    = 
  CONFIG_COMMANDS = 
  $ ./config.status 

on veejay-machine

config.status:1234: creating Makefile
config.status:1234: creating src/Makefile
config.status:1234: creating man/Makefile
config.status:1234: creating config.h
config.status:1463: executing depfiles commands
config.status:1540: cd src       && sed -e '/# am--include-marker/d' Makefile         | make -f - am--depfiles
config.status:1545: $? = 0
config.status:1463: executing libtool commands
configure:20339: WARNING: unrecognized options: --with-nvjpeg
configure:20347: 
configure:20349:  veejay-director 1.5.63 build configuration :
configure:20351: 
configure:20353:  Compiler flags:  -Wall -Wunused    -m64 -fPIC -DPIC -DFILE_OFFSET_BITS=64 -D_LARGE_FILES -msse -mfpmath=sse -fno-stack-protector -Wno-deprecated-declarations
configure:20355: 			-O2
configure:20357: 
configure:20359:  Architecture: x86_64 
configure:20361: 
configure:20364:    x86  
configure:20366:     MMX     enabled     : yes
configure:20368:     MMX2    enabled     : no
configure:20370:     SSE     enabled     : yes
configure:20372:     SSE2    enabled     : yes
configure:20374:     3DNOW   enabled     : no
configure:20376:     CMOV    enabled     : yes
configure:20401: 
configure:20404:    Platform: Linux
configure:20414: 
configure:20416:  Required dependencies:
configure:20418:   - Veejay Core 1.5.67            : true
configure:20420:   - POSIX Threads (pthread)       : true
configure:20422:   - Gtk3 support (gui)            : true
configure:20424:   - Alsa support (midi sequencer) : true
configure:20426: 
configure:20428:  Optional dependencies:
configure:20430:   - SDL keyboard mapping support  : true
configure:20432:   - NDI discovery/configuration   : true

## ---------------- ##
## Cache variables. ##
## ---------------- ##

ac_cv_build=x86_64-pc-linux-gnu
ac_cv_c_bigendian=no
ac_cv_c_compiler_gnu=yes
ac_cv_c_const=yes
ac_cv_c_inline=inline
ac_cv_env_CCASFLAGS_set=
ac_cv_env_CCASFLAGS_value=
ac_cv_env_CCAS_set=
ac_cv_env_CCAS_value=
ac_cv_env_CC_set=
ac_cv_env_CC_value=
ac_cv_env_CFLAGS_set=
ac_cv_env_CFLAGS_value=
ac_cv_env_CPPFLAGS_set=
ac_cv_env_CPPFLAGS_value=
ac_cv_env_CPP_set=
ac_cv_env_CPP_value=
ac_cv_env_GTK_CFLAGS_set=
ac_cv_env_GTK_CFLAGS_value=
ac_cv_env_GTK_LIBS_set=
ac_cv_env_GTK_LIBS_value=
ac_cv_env_LDFLAGS_set=
ac_cv_env_LDFLAGS_value=
ac_cv_env_LIBAVUTIL_CFLAGS_set=
ac_cv_env_LIBAVUTIL_CFLAGS_value=
ac_cv_env_LIBAVUTIL_LIBS_set=
ac_cv_env_LIBAVUTIL_LIBS_value=
ac_cv_env_LIBS_set=
ac_cv_env_LIBS_value=
ac_cv_env_LIBX11_CFLAGS_set=
ac_cv_env_LIBX11_CFLAGS_value=
ac_cv_env_LIBX11_LIBS_set=
ac_cv_env_LIBX11_LIBS_value=
ac_cv_env_LT_SYS_LIBRARY_PATH_set=
ac_cv_env_LT_SYS_LIBRARY_PATH_value=
ac_cv_env_PKG_CONFIG_LIBDIR_set=
ac_cv_env_PKG_CONFIG_LIBDIR_value=
ac_cv_env_PKG_CONFIG_PATH_set=
ac_cv_env_PKG_CONFIG_PATH_value=
ac_cv_env_PKG_CONFIG_set=
ac_cv_env_PKG_CONFIG_value=
ac_cv_env_SDL2_CFLAGS_set=
ac_cv_env_SDL2_CFLAGS_value=
ac_cv_env_SDL2_LIBS_set=
ac_cv_env_SDL2_LIBS_value=
ac_cv_env_SDL_CFLAGS_set=
ac_cv_env_SDL_CFLAGS_value=
ac_cv_env_SDL_LIBS_set=
ac_cv_env_SDL_LIBS_value=
ac_cv_env_VEEJAYCORE_CFLAGS_set=
ac_cv_env_VEEJAYCORE_CFLAGS_value=
ac_cv_env_VEEJAYCORE_LIBS_set=
ac_cv_env_VEEJAYCORE_LIBS_value=
ac_cv_env_XMKMF_set=
ac_cv_env_XMKMF_value=
ac_cv_env_build_alias_set=
ac_cv_env_build_alias_value=
ac_cv_env_host_alias_set=
ac_cv_env_host_alias_value=
ac_cv_env_target_alias_set=
ac_cv_env_target_alias_value=
ac_cv_flag_3dnow=no
ac_cv_flag_avx=yes
ac_cv_flag_cmov=yes
ac_cv_flag_mmx2=no
ac_cv_flag_mmx=yes
ac_cv_flag_sse2=yes
ac_cv_flag_sse=yes
ac_cv_func_bzero=yes
ac_cv_func_connect=yes
ac_cv_func_fmax=no
ac_cv_func_gethostbyname=yes
ac_cv_func_getopt_long=yes
ac_cv_func_getpagesize=yes
ac_cv_func_gettimeofday=yes
ac_cv_func_lround=no
ac_cv_func_memalign=yes
ac_cv_func_memcpy=yes
ac_cv_func_memset=yes
ac_cv_func_mmap=yes
ac_cv_func_posix_memalign=yes
ac_cv_func_pow=no
ac_cv_func_pthread_attr_getstacksize=yes
ac_cv_func_remove=yes
ac_cv_func_sched_get_priority_max=yes
ac_cv_func_select=yes
ac_cv_func_shmat=yes
ac_cv_func_socket=yes
ac_cv_func_strncasecmp=yes
ac_cv_func_strndup=yes
ac_cv_func_strstr=yes
ac_cv_have_x='have_x=yes	ac_x_includes='\'''\''	ac_x_libraries='\'''\'''
ac_cv_header_alloca_h=yes
ac_cv_header_alsa_asoundlib_h=yes
ac_cv_header_dlfcn_h=yes
ac_cv_header_fenv_h=yes
ac_cv_header_inttypes_h=yes
ac_cv_header_linux_version_h=yes
ac_cv_header_minix_config_h=no
ac_cv_header_stdint_h=yes
ac_cv_header_stdio_h=yes
ac_cv_header_stdlib_h=yes
ac_cv_header_string_h=yes
ac_cv_header_strings_h=yes
ac_cv_header_sys_stat_h=yes
ac_cv_header_sys_types_h=yes
ac_cv_header_unistd_h=yes
ac_cv_header_wchar_h=yes
ac_cv_host=x86_64-pc-linux-gnu
ac_cv_lib_ICE_IceConnectionNumber=yes
ac_cv_lib_asound_snd_seq_open=yes
ac_cv_lib_dl_dlopen=yes
ac_cv_lib_pthread_pthread_create=yes
ac_cv_objext=o
ac_cv_path_EGREP='/usr/bin/grep -E'
ac_cv_path_FGREP='/usr/bin/grep -F'
ac_cv_path_GREP=/usr/bin/grep
ac_cv_path_SED=/usr/bin/sed
ac_cv_path_ac_pt_PKG_CONFIG=/usr/bin/pkg-config
ac_cv_path_install='/usr/bin/install -c'
ac_cv_path_lt_DD=/usr/bin/dd
ac_cv_path_mkdir=/usr/bin/mkdir
ac_cv_prog_AWK=gawk
ac_cv_prog_CPP='gcc -E'
ac_cv_prog_ac_ct_AR=ar
ac_cv_prog_ac_ct_CC=gcc
ac_cv_prog_ac_ct_FILECMD=file
ac_cv_prog_ac_ct_MANIFEST_TOOL=mt
ac_cv_prog_ac_ct_OBJDUMP=objdump
ac_cv_prog_ac_ct_RANLIB=ranlib
ac_cv_prog_ac_ct_STRIP=strip
ac_cv_prog_cc_c11=
ac_cv_prog_cc_g=yes
ac_cv_prog_cc_stdc=
ac_cv_prog_make_make_set=yes
ac_cv_safe_to_define___extensions__=yes
ac_cv_should_define__xopen_source=no
ac_cv_sizeof_float=4
ac_cv_sizeof_int=4
ac_cv_sizeof_long_int=8
ac_cv_sizeof_size_t=8
ac_cv_sys_file_offset_bits=no
ac_cv_sys_largefile_CC=no
ac_cv_target=x86_64-pc-linux-gnu
am_cv_CCAS_dependencies_compiler_type=gcc3
am_cv_CC_dependencies_compiler_type=gcc3
am_cv_make_support_nested_variables=yes
am_cv_prog_cc_c_o=yes
lt_cv_ar_at_file=@
lt_cv_archive_cmds_need_lc=no
lt_cv_deplibs_check_method=pass_all
lt_cv_file_magic_cmd='$MAGIC_CMD'
lt_cv_file_magic_test_file=
lt_cv_ld_reload_flag=-r
lt_cv_nm_interface='BSD nm'
lt_cv_objdir=.libs
lt_cv_path_LD=/usr/bin/ld
lt_cv_path_NM='/usr/bin/nm -B'
lt_cv_path_mainfest_tool=no
lt_cv_prog_compiler_c_o=yes
lt_cv_prog_compiler_pic='-fPIC -DPIC'
lt_cv_prog_compiler_pic_works=yes
lt_cv_prog_compiler_rtti_exceptions=no
lt_cv_prog_compiler_static_works=yes
lt_cv_prog_gnu_ld=yes
lt_cv_sharedlib_from_linklib_cmd='printf %s\n'
lt_cv_shlibpath_overrides_runpath=yes
lt_cv_sys_global_symbol_pipe='/usr/bin/sed -n -e '\''s/^.*[	 ]\([ABCDGIRSTW][ABCDGIRSTW]*\)[	 ][	 ]*\([_A-Za-z][_A-Za-z0-9]*\)$/\1 \2 \2/p'\'' | /usr/bin/sed '\''/ __gnu_lto/d'\'''
lt_cv_sys_global_symbol_to_c_name_address='/usr/bin/sed -n -e '\''s/^: \(.*\) .*$/  {"\1", (void *) 0},/p'\'' -e '\''s/^[ABCDGIRSTW][ABCDGIRSTW]* .* \(.*\)$/  {"\1", (void *) \&\1},/p'\'''
lt_cv_sys_global_symbol_to_c_name_address_lib_prefix='/usr/bin/sed -n -e '\''s/^: \(.*\) .*$/  {"\1", (void *) 0},/p'\'' -e '\''s/^[ABCDGIRSTW][ABCDGIRSTW]* .* \(lib.*\)$/  {"\1", (void *) \&\1},/p'\'' -e '\''s/^[ABCDGIRSTW][ABCDGIRSTW]* .* \(.*\)$/  {"lib\1", (void *) \&\1},/p'\'''
lt_cv_sys_global_symbol_to_cdecl='/usr/bin/sed -n -e '\''s/^T .* \(.*\)$/extern int \1();/p'\'' -e '\''s/^[ABCDGIRSTW][ABCDGIRSTW]* .* \(.*\)$/extern char \1;/p'\'''
lt_cv_sys_global_symbol_to_import=
lt_cv_sys_max_cmd_len=1572864
lt_cv_to_host_file_cmd=func_convert_file_noop
lt_cv_to_tool_file_cmd=func_convert_file_noop
lt_cv_truncate_bin='/usr/bin/dd bs=4096 count=1'
mjt_cv_extern___progname=yes
pkg_cv_GTK_CFLAGS='-I/usr/include/gtk-3.0 -I/usr/include/pango-1.0 -I/usr/include/glib-2.0 -I/usr/lib/x86_64-linux-gnu/glib-2.0/include -I/usr/include/harfbuzz -I/usr/include/freetype2 -I/usr/include/libpng16 -I/usr/include/libmount -I/usr/include/blkid -I/usr/include/fribidi -I/usr/include/cairo -I/usr/include/pixman-1 -I/usr/include/gdk-pixbuf-2.0 -I/usr/include/x86_64-linux-gnu -I/usr/include/webp -I/usr/include/gio-unix-2.0 -I/usr/include/atk-1.0 -I/usr/include/at-spi2-atk/2.0 -I/usr/include/at-spi-2.0 -I/usr/include/dbus-1.0 -I/usr/lib/x86_64-linux-gnu/dbus-1.0/include -pthread '
pkg_cv_GTK_LIBS='-lgtk-3 -lgdk-3 -lz -lpangocairo-1.0 -lpango-1.0 -lharfbuzz -latk-1.0 -lcairo-gobject -lcairo -lgdk_pixbuf-2.0 -lgio-2.0 -lgobject-2.0 -lglib-2.0 '
pkg_cv_LIBAVUTIL_CFLAGS='-I/usr/include/x86_64-linux-gnu '
pkg_cv_LIBAVUTIL_LIBS='-lavutil '
pkg_cv_LIBX11_CFLAGS=
pkg_cv_LIBX11_LIBS='-lX11 '
pkg_cv_SDL2_CFLAGS='-I/usr/include/SDL2 -D_REENTRANT '
pkg_cv_SDL2_LIBS='-lSDL2 '
pkg_cv_VEEJAYCORE_CFLAGS='-I/usr/local/include '
pkg_cv_VEEJAYCORE_LIBS='-L/usr/local/lib -lveejaycore '

## ----------------- ##
## Output variables. ##
## ----------------- ##

ACLOCAL='${SHELL} '\''/home/veejay/vj6/veejay/veejay-current/veejay-director/missing'\'' aclocal-1.16'
ALSA_LIBS='-lasound'
ALTIVEC_CFLAGS=''
AMDEPBACKSLASH='\'
AMDEP_FALSE='#'
AMDEP_TRUE=''
AMTAR='$${TAR-tar}'
AM_BACKSLASH='\'
AM_DEFAULT_V='$(AM_DEFAULT_VERBOSITY)'
AM_DEFAULT_VERBOSITY='1'
AM_V='$(V)'
AR='ar'
ARCH_PPC_FALSE=''
ARCH_PPC_TRUE='#'
ARCH_X86_FALSE='#'
ARCH_X86_TRUE=''
AUTOCONF='${SHELL} '\''/home/veejay/vj6/veejay/veejay-current/veejay-director/missing'\'' autoconf'
AUTOHEADER='${SHELL} '\''/home/veejay/vj6/veejay/veejay-current/veejay-director/missing'\'' autoheader'
AUTOMAKE='${SHELL} '\''/home/veejay/vj6/veejay/veejay-current/veejay-director/missing'\'' automake-1.16'
AWK='gawk'
CC='gcc'
CCAS='gcc'
CCASDEPMODE='depmode=gcc3'
CCASFLAGS=''
CCDEPMODE='depmode=gcc3'
CFLAGS=' -Wall -Wunused    -m64 -fPIC -DPIC -DFILE_OFFSET_BITS=64 -D_LARGE_FILES -msse -mfpmath=sse -fno-stack-protector -Wno-deprecated-declarations'
CPP='gcc -E'
CPPFLAGS=''
CSCOPE='cscope'
CTAGS='ctags'
CYGPATH_W='echo'
DEBUGLIBS=''
DEFS='-DHAVE_CONFIG_H'
DEPDIR='.deps'
DLLTOOL='false'
DSYMUTIL=''
DUMPBIN=''
ECHO_C=''
ECHO_N='-n'
ECHO_T=''
EGREP='/usr/bin/grep -E'
ETAGS='etags'
EXEEXT=''
FFMPEG_CFLAGS='-I/usr/include/x86_64-linux-gnu '
FGREP='/usr/bin/grep -F'
FILECMD='file'
GREP='/usr/bin/grep'
GTK_CFLAGS='-I/usr/include/gtk-3.0 -I/usr/include/pango-1.0 -I/usr/include/glib-2.0 -I/usr/lib/x86_64-linux-gnu/glib-2.0/include -I/usr/include/harfbuzz -I/usr/include/freetype2 -I/usr/include/libpng16 -I/usr/include/libmount -I/usr/include/blkid -I/usr/include/fribidi -I/usr/include/cairo -I/usr/include/pixman-1 -I/usr/include/gdk-pixbuf-2.0 -I/usr/include/x86_64-linux-gnu -I/usr/include/webp -I/usr/include/gio-unix-2.0 -I/usr/include/atk-1.0 -I/usr/include/at-spi2-atk/2.0 -I/usr/include/at-spi-2.0 -I/usr/include/dbus-1.0 -I/usr/lib/x86_64-linux-gnu/dbus-1.0/include -pthread '
GTK_LIBS='-lgtk-3 -lgdk-3 -lz -lpangocairo-1.0 -lpango-1.0 -lharfbuzz -latk-1.0 -lcairo-gobject -lcairo -lgdk_pixbuf-2.0 -lgio-2.0 -lgobject-2.0 -lglib-2.0 '
HAVE_ALSA_FALSE=''
HAVE_ALSA_TRUE='#'
HAVE_ALTIVEC_FALSE=''
HAVE_ALTIVEC_TRUE='#'
HAVE_ASM_MMX2_FALSE=''
HAVE_ASM_MMX2_TRUE='#'
HAVE_ASM_MMX_FALSE='#'
HAVE_ASM_MMX_TRUE=''
HAVE_ASM_NASM_FALSE=''
HAVE_ASM_NASM_TRUE='#'
HAVE_ASM_SSE2_FALSE='#'
HAVE_ASM_SSE2_TRUE=''
HAVE_ASM_SSE_FALSE='#'
HAVE_ASM_SSE_TRUE=''
HAVE_DL_DLOPEN_FALSE='#'
HAVE_DL_DLOPEN_TRUE=''
HAVE_MMX_FALSE='#'
HAVE_MMX_TRUE=''
HAVE_NDI_FALSE='#'
HAVE_NDI_TRUE=''
HAVE_PPCCPU_FALSE=''
HAVE_PPCCPU_TRUE='#'
HAVE_SSE2_FALSE='#'
HAVE_SSE2_TRUE=''
HAVE_SSE_FALSE='#'
HAVE_SSE_TRUE=''
HAVE_X86CPU_FALSE='#'
HAVE_X86CPU_TRUE=''
HAVE_X_FALSE='#'
HAVE_X_TRUE=''
INSTALL_DATA='${INSTALL} -m 644'
INSTALL_PROGRAM='${INSTALL}'
INSTALL_SCRIPT='${INSTALL}'
INSTALL_STRIP_PROGRAM='$(install_sh) -c -s'
LD='/usr/bin/ld -m elf_x86_64'
LDFLAGS=''
LIBAVUTIL_CFLAGS='-I/usr/include/x86_64-linux-gnu '
LIBAVUTIL_LIBS='-lavutil '
LIBGETOPT_LIB=''
LIBM_LIBS='-lm'
LIBOBJS=''
LIBS='-ldl '
LIBTOOL='$(SHELL) $(top_builddir)/libtool'
LIBX11_CFLAGS=''
LIBX11_LIBS='-lX11 '
LIPO=''
LN_S='ln -s'
LTLIBOBJS=''
LT_AGE='63'
LT_CURRENT='63'
LT_RELEASE='1.5.63'
LT_REVISION='63'
LT_SYS_LIBRARY_PATH=''
MAINT='#'
MAINTAINER_MODE_FALSE=''
MAINTAINER_MODE_TRUE='#'
MAKEINFO='${SHELL} '\''/home/veejay/vj6/veejay/veejay-current/veejay-director/missing'\'' makeinfo'
MANIFEST_TOOL=':'
MKDIR_P='/usr/bin/mkdir -p'
NDI_CFLAGS='-I"/opt/ndi6/include"'
NDI_LIBS='-ldl'
NM='/usr/bin/nm -B'
NMEDIT=''
OBJDUMP='objdump'
OBJEXT='o'
OP_CFLAGS='-O2'
OTOOL64=''
OTOOL=''
PACKAGE='reloaded'
PACKAGE_BUGREPORT='nwelburg@gmail.com'
PACKAGE_NAME='reloaded'
PACKAGE_STRING='reloaded 1.5.63'
PACKAGE_TARNAME='reloaded'
PACKAGE_URL=''
PACKAGE_VERSION='1.5.63'
PATH_SEPARATOR=':'
PKG_CONFIG='/usr/bin/pkg-config'
PKG_CONFIG_LIBDIR=''
PKG_CONFIG_PATH='/usr/lib/pkgconfig'
PROGRAM_NOPIC=''
PTHREAD_LIBS='-lpthread'
RANLIB='ranlib'
SDL2_CFLAGS='-I/usr/include/SDL2 -D_REENTRANT '
SDL2_LIBS='-lSDL2 '
SDL_CFLAGS=''
SDL_LIBS=''
SED='/usr/bin/sed'
SET_MAKE=''
SHELL='/bin/bash'
STRIP='strip'
VEEJAYCORE_CFLAGS='-I/usr/local/include '
VEEJAYCORE_LIBS='-L/usr/local/lib -lveejaycore '
VERSION='1.5.63'
XMKMF=''
X_CFLAGS=''
X_EXTRA_LIBS=''
X_LIBS=''
X_PRE_LIBS=' -lSM -lICE'
ac_ct_AR='ar'
ac_ct_CC='gcc'
ac_ct_DUMPBIN=''
am__EXEEXT_FALSE=''
am__EXEEXT_TRUE='#'
am__fastdepCCAS_FALSE='#'
am__fastdepCCAS_TRUE=''
am__fastdepCC_FALSE='#'
am__fastdepCC_TRUE=''
am__include='include'
am__isrc=''
am__leading_dot='.'
am__nodep='_no'
am__quote=''
am__tar='$${TAR-tar} chof - "$$tardir"'
am__untar='$${TAR-tar} xf -'
bindir='${exec_prefix}/bin'
build='x86_64-pc-linux-gnu'
build_alias=''
build_cpu='x86_64'
build_os='linux-gnu'
build_vendor='pc'
datadir='${datarootdir}'
datarootdir='${prefix}/share'
docdir='${datarootdir}/doc/${PACKAGE_TARNAME}'
dvidir='${docdir}'
exec_prefix='${prefix}'
host='x86_64-pc-linux-gnu'
host_alias=''
host_cpu='x86_64'
host_os='linux-gnu'
host_vendor='pc'
htmldir='${docdir}'
includedir='${prefix}/include'
infodir='${datarootdir}/info'
install_sh='${SHELL} /home/veejay/vj6/veejay/veejay-current/veejay-director/install-sh'
libdir='${exec_prefix}/lib'
libexecdir='${exec_prefix}/libexec'
localedir='${datarootdir}/locale'
localstatedir='${prefix}/var'
mandir='${datarootdir}/man'
mkdir_p='$(MKDIR_P)'
oldincludedir='/usr/include'
pdfdir='${docdir}'
prefix='/usr/local'
program_transform_name='s,x,x,'
psdir='${docdir}'
reloaded_datadir='${prefix}/share/reloaded'
runstatedir='${localstatedir}/run'
sbindir='${exec_prefix}/sbin'
sharedstatedir='${prefix}/com'
sysconfdir='${prefix}/etc'
target='x86_64-pc-linux-gnu'
target_alias=''
target_cpu='x86_64'
target_os='linux-gnu'
target_vendor='pc'

## ----------- ##
## confdefs.h. ##
## ----------- ##

/* confdefs.h */
#define PACKAGE_NAME "reloaded"
#define PACKAGE_TARNAME "reloaded"
#define PACKAGE_VERSION "1.5.63"
#define PACKAGE_STRING "reloaded 1.5.63"
#define PACKAGE_BUGREPORT "nwelburg@gmail.com"
#define PACKAGE_URL ""
#define PACKAGE "reloaded"
#define VERSION "1.5.63"
#define HAVE_CONFIG_H 1
#define HAVE_STDIO_H 1
#define HAVE_STDLIB_H 1
#define HAVE_STRING_H 1
#define HAVE_INTTYPES_H 1
#define HAVE_STDINT_H 1
#define HAVE_STRINGS_H 1
#define HAVE_SYS_STAT_H 1
#define HAVE_SYS_TYPES_H 1
#define HAVE_UNISTD_H 1
#define HAVE_WCHAR_H 1
#define STDC_HEADERS 1
#define _ALL_SOURCE 1
#define _DARWIN_C_SOURCE 1
#define _GNU_SOURCE 1
#define _HPUX_ALT_XOPEN_SOCKET_API 1
#define _NETBSD_SOURCE 1
#define _OPENBSD_SOURCE 1
#define _POSIX_PTHREAD_SEMANTICS 1
#define __STDC_WANT_IEC_60559_ATTRIBS_EXT__ 1
#define __STDC_WANT_IEC_60559_BFP_EXT__ 1
#define __STDC_WANT_IEC_60559_DFP_EXT__ 1
#define __STDC_WANT_IEC_60559_FUNCS_EXT__ 1
#define __STDC_WANT_IEC_60559_TYPES_EXT__ 1
#define __STDC_WANT_LIB_EXT2__ 1
#define __STDC_WANT_MATH_SPEC_FUNCS__ 1
#define _TANDEM_SOURCE 1
#define __EXTENSIONS__ 1
#define HAVE_DLFCN_H 1
#define LT_OBJDIR ".libs/"
#define HAVE_FENV_H 1
#define HAVE_STDINT_H 1
#define HAVE_INTTYPES_H 1
#define HAVE_SYS_TYPES_H 1
#define HAVE_ALLOCA_H 1
#define HAVE_POSIX_MEMALIGN 1
#define HAVE_MEMALIGN 1
#define HAVE_BZERO 1
#define HAVE_GETTIMEOFDAY 1
#define HAVE_MEMSET 1
#define HAVE_MMAP 1
#define HAVE_STRNDUP 1
#define HAVE_STRSTR 1
#define HAVE_STRNCASECMP 1
#define HAVE_SCHED_GET_PRIORITY_MAX 1
#define HAVE_SELECT 1
#define HAVE_SOCKET 1
#define HAVE_GETPAGESIZE 1
#define HAVE_MEMCPY 1
#define HAVE_GETOPT_LONG 1
#define SIZEOF_INT 4
#define SIZEOF_LONG_INT 8
#define SIZEOF_SIZE_T 8
#define SIZEOF_FLOAT 4
#define HAVE_LINUX 1
#define HAVE_LIBPTHREAD 1
#define HAVE_PTHREADSTACKSIZE /**/
#define HAVE_ALSA 1
#define HAVE_LIBDL 1
#define HAVE_DL_DLOPEN 1
#define HAVE_NDI 1
#define HAVE_VEEJAYCORE 1
#define HAVE___PROGNAME 1
#define HAVE_X86_CPU 1
#define ARCH_X86_64 1
#define HAVE_ASM_MMX 1
#define HAVE_MMX 1
#define HAVE_ASM_SSE 1
#define HAVE_SSE 1
#define HAVE_ASM_SSE2 1
#define HAVE_SSE2 1
#define HAVE_CMOV 1
#define HAVE_ASM_AVX 1
#define GDK_VERSION_MIN_REQUIRED GDK_VERSION_3_0
#define GDK_VERSION_MAX_ALLOWED GDK_VERSION_3_0
#define HAVE_SDL 1
#define VERSION ${VERSION}

configure: exit 0
